Archive member included to satisfy reference by file (symbol)

c:/program files (x86)/atmel/studio/7.0/toolchain/avr8/avr8-gnu-toolchain/bin/../lib/gcc/avr/4.9.2/avr5\libgcc.a(_exit.o)
                              C:/Program Files (x86)/Atmel/Studio/7.0/Packs/atmel/ATmega_DFP/1.0.106/gcc/dev/atmega644pa/avr5/crtatmega644pa.o (exit)
c:/program files (x86)/atmel/studio/7.0/toolchain/avr8/avr8-gnu-toolchain/bin/../lib/gcc/avr/4.9.2/avr5\libgcc.a(_tablejump2.o)
                              hcm_libraries/Utils.o (__tablejump2__)
c:/program files (x86)/atmel/studio/7.0/toolchain/avr8/avr8-gnu-toolchain/bin/../lib/gcc/avr/4.9.2/avr5\libgcc.a(_copy_data.o)
                              hcm_libraries/EEPROMUtil.o (__do_copy_data)
c:/program files (x86)/atmel/studio/7.0/toolchain/avr8/avr8-gnu-toolchain/bin/../lib/gcc/avr/4.9.2/avr5\libgcc.a(_clear_bss.o)
                              hcm_libraries/GlobalVariables.o (__do_clear_bss)
c:/program files (x86)/atmel/studio/7.0/toolchain/avr8/avr8-gnu-toolchain/bin/../lib/gcc/avr/4.9.2/../../../../avr/lib/avr5\libc.a(malloc.o)
                              hcm_libraries/Network.o (malloc)
c:/program files (x86)/atmel/studio/7.0/toolchain/avr8/avr8-gnu-toolchain/bin/../lib/gcc/avr/4.9.2/../../../../avr/lib/avr5\libc.a(atoi.o)
                              hcm_libraries/EEPROMUtil.o (atoi)
c:/program files (x86)/atmel/studio/7.0/toolchain/avr8/avr8-gnu-toolchain/bin/../lib/gcc/avr/4.9.2/../../../../avr/lib/avr5\libc.a(isalnum.o)
                              hcm_libraries/Processes.o (isalnum)
c:/program files (x86)/atmel/studio/7.0/toolchain/avr8/avr8-gnu-toolchain/bin/../lib/gcc/avr/4.9.2/../../../../avr/lib/avr5\libc.a(cty_isfalse.o)
                              c:/program files (x86)/atmel/studio/7.0/toolchain/avr8/avr8-gnu-toolchain/bin/../lib/gcc/avr/4.9.2/../../../../avr/lib/avr5\libc.a(isalnum.o) (__ctype_isfalse)
c:/program files (x86)/atmel/studio/7.0/toolchain/avr8/avr8-gnu-toolchain/bin/../lib/gcc/avr/4.9.2/../../../../avr/lib/avr5\libc.a(isalpha.o)
                              c:/program files (x86)/atmel/studio/7.0/toolchain/avr8/avr8-gnu-toolchain/bin/../lib/gcc/avr/4.9.2/../../../../avr/lib/avr5\libc.a(isalnum.o) (isalpha)
c:/program files (x86)/atmel/studio/7.0/toolchain/avr8/avr8-gnu-toolchain/bin/../lib/gcc/avr/4.9.2/../../../../avr/lib/avr5\libc.a(strtok.o)
                              hcm_libraries/EEPROMUtil.o (strtok)
c:/program files (x86)/atmel/studio/7.0/toolchain/avr8/avr8-gnu-toolchain/bin/../lib/gcc/avr/4.9.2/../../../../avr/lib/avr5\libc.a(memset.o)
                              hcm_libraries/Processes.o (memset)
c:/program files (x86)/atmel/studio/7.0/toolchain/avr8/avr8-gnu-toolchain/bin/../lib/gcc/avr/4.9.2/../../../../avr/lib/avr5\libc.a(strcat.o)
                              hcm_libraries/Network.o (strcat)
c:/program files (x86)/atmel/studio/7.0/toolchain/avr8/avr8-gnu-toolchain/bin/../lib/gcc/avr/4.9.2/../../../../avr/lib/avr5\libc.a(strcmp.o)
                              hcm_libraries/Processes.o (strcmp)
c:/program files (x86)/atmel/studio/7.0/toolchain/avr8/avr8-gnu-toolchain/bin/../lib/gcc/avr/4.9.2/../../../../avr/lib/avr5\libc.a(strcpy.o)
                              hcm_libraries/EEPROMUtil.o (strcpy)
c:/program files (x86)/atmel/studio/7.0/toolchain/avr8/avr8-gnu-toolchain/bin/../lib/gcc/avr/4.9.2/../../../../avr/lib/avr5\libc.a(strstr.o)
                              hcm_libraries/EEPROMUtil.o (strstr)
c:/program files (x86)/atmel/studio/7.0/toolchain/avr8/avr8-gnu-toolchain/bin/../lib/gcc/avr/4.9.2/../../../../avr/lib/avr5\libc.a(strtok_r.o)
                              c:/program files (x86)/atmel/studio/7.0/toolchain/avr8/avr8-gnu-toolchain/bin/../lib/gcc/avr/4.9.2/../../../../avr/lib/avr5\libc.a(strtok.o) (strtok_r)
c:/program files (x86)/atmel/studio/7.0/toolchain/avr8/avr8-gnu-toolchain/bin/../lib/gcc/avr/4.9.2/../../../../avr/lib/avr5\libc.a(itoa_ncheck.o)
                              hcm_libraries/Network.o (__itoa_ncheck)
c:/program files (x86)/atmel/studio/7.0/toolchain/avr8/avr8-gnu-toolchain/bin/../lib/gcc/avr/4.9.2/../../../../avr/lib/avr5\libc.a(mul10.o)
                              c:/program files (x86)/atmel/studio/7.0/toolchain/avr8/avr8-gnu-toolchain/bin/../lib/gcc/avr/4.9.2/../../../../avr/lib/avr5\libc.a(atoi.o) (__mulhi_const_10)
c:/program files (x86)/atmel/studio/7.0/toolchain/avr8/avr8-gnu-toolchain/bin/../lib/gcc/avr/4.9.2/../../../../avr/lib/avr5\libc.a(utoa_ncheck.o)
                              c:/program files (x86)/atmel/studio/7.0/toolchain/avr8/avr8-gnu-toolchain/bin/../lib/gcc/avr/4.9.2/../../../../avr/lib/avr5\libc.a(itoa_ncheck.o) (__utoa_common)
c:/program files (x86)/atmel/studio/7.0/toolchain/avr8/avr8-gnu-toolchain/bin/../lib/gcc/avr/4.9.2/../../../../avr/lib/avr5\libc.a(strrev.o)
                              c:/program files (x86)/atmel/studio/7.0/toolchain/avr8/avr8-gnu-toolchain/bin/../lib/gcc/avr/4.9.2/../../../../avr/lib/avr5\libc.a(utoa_ncheck.o) (strrev)
C:/Program Files (x86)/Atmel/Studio/7.0/Packs/atmel/ATmega_DFP/1.0.106/gcc/dev/atmega644pa/avr5\libatmega644pa.a(eerd_byte.o)
                              hcm_libraries/EEPROMUtil.o (eeprom_read_byte)
C:/Program Files (x86)/Atmel/Studio/7.0/Packs/atmel/ATmega_DFP/1.0.106/gcc/dev/atmega644pa/avr5\libatmega644pa.a(eewr_byte.o)
                              hcm_libraries/EEPROMUtil.o (eeprom_write_byte)

Allocating common symbols
Common symbol       size              file

__brkval            0x2               c:/program files (x86)/atmel/studio/7.0/toolchain/avr8/avr8-gnu-toolchain/bin/../lib/gcc/avr/4.9.2/../../../../avr/lib/avr5\libc.a(malloc.o)
__flp               0x2               c:/program files (x86)/atmel/studio/7.0/toolchain/avr8/avr8-gnu-toolchain/bin/../lib/gcc/avr/4.9.2/../../../../avr/lib/avr5\libc.a(malloc.o)

Discarded input sections

 .data          0x00000000        0x0 C:/Program Files (x86)/Atmel/Studio/7.0/Packs/atmel/ATmega_DFP/1.0.106/gcc/dev/atmega644pa/avr5/crtatmega644pa.o
 .bss           0x00000000        0x0 C:/Program Files (x86)/Atmel/Studio/7.0/Packs/atmel/ATmega_DFP/1.0.106/gcc/dev/atmega644pa/avr5/crtatmega644pa.o
 .text          0x00000000        0x0 hcm_libraries/EEPROMUtil.o
 .data          0x00000000        0x0 hcm_libraries/EEPROMUtil.o
 .bss           0x00000000        0x0 hcm_libraries/EEPROMUtil.o
 .rodata.str1.1
                0x00000000        0xa hcm_libraries/EEPROMUtil.o
 .text._Z7isAdminPKc
                0x00000000      0x134 hcm_libraries/EEPROMUtil.o
 .text._Z17verifyRelayAccessPKcii
                0x00000000      0x192 hcm_libraries/EEPROMUtil.o
 .text._Z11eepromClearv
                0x00000000       0x56 hcm_libraries/EEPROMUtil.o
 .text._Z16eepromSaveSerialPKc
                0x00000000       0x42 hcm_libraries/EEPROMUtil.o
 .text._Z14eepromSaveDataPKc
                0x00000000       0x42 hcm_libraries/EEPROMUtil.o
 .text          0x00000000        0x0 hcm_libraries/HwProperties.o
 .data          0x00000000        0x0 hcm_libraries/HwProperties.o
 .bss           0x00000000        0x0 hcm_libraries/HwProperties.o
 .rodata.CONNECTION
                0x00000000        0x2 hcm_libraries/HwProperties.o
 .rodata.RECONNECT_TIMER
                0x00000000        0x2 hcm_libraries/HwProperties.o
 .rodata.product_name
                0x00000000        0xf hcm_libraries/HwProperties.o
 .text          0x00000000        0x0 hcm_libraries/Network.o
 .data          0x00000000        0x0 hcm_libraries/Network.o
 .bss           0x00000000        0x0 hcm_libraries/Network.o
 .text._Z9readUntilPKci
                0x00000000       0xd4 hcm_libraries/Network.o
 .rodata.str1.1
                0x00000000      0x1a9 hcm_libraries/Network.o
 .text._Z7cipsendPcS_
                0x00000000      0x106 hcm_libraries/Network.o
 .text._Z12sendToServerPci
                0x00000000       0xc8 hcm_libraries/Network.o
 .text._Z8sendToAPPcS_
                0x00000000       0xcc hcm_libraries/Network.o
 .text._Z13getSystemTimev
                0x00000000       0x34 hcm_libraries/Network.o
 .text._Z15setSerialNumberv
                0x00000000       0xc0 hcm_libraries/Network.o
 .text._Z17checkSerialNumberv
                0x00000000      0x11a hcm_libraries/Network.o
 .text._Z13connectToWifiPKcS0_
                0x00000000       0xcc hcm_libraries/Network.o
 .text._Z13connectToGprsPKc
                0x00000000       0x9a hcm_libraries/Network.o
 .text._Z15connectToServerPKcS0_
                0x00000000       0xbe hcm_libraries/Network.o
 .text._Z10networkingv
                0x00000000       0xfc hcm_libraries/Network.o
 .text          0x00000000        0x0 hcm_libraries/GlobalVariables.o
 .data          0x00000000        0x0 hcm_libraries/GlobalVariables.o
 .bss           0x00000000        0x0 hcm_libraries/GlobalVariables.o
 .rodata.SWITCH_RELAY
                0x00000000        0x1 hcm_libraries/GlobalVariables.o
 .rodata.END_RECIEVE
                0x00000000        0x1 hcm_libraries/GlobalVariables.o
 .rodata.RECIEVE
                0x00000000        0x1 hcm_libraries/GlobalVariables.o
 .rodata.REQUEST_RELAY_COUNT
                0x00000000        0x1 hcm_libraries/GlobalVariables.o
 .rodata.EEPROM_CFG_START
                0x00000000        0x2 hcm_libraries/GlobalVariables.o
 .rodata.EEPROM_DATA_START
                0x00000000        0x2 hcm_libraries/GlobalVariables.o
 .rodata.EEPROM_SERIAL_START
                0x00000000        0x2 hcm_libraries/GlobalVariables.o
 .rodata.GPRS_CONNECTED
                0x00000000        0x2 hcm_libraries/GlobalVariables.o
 .rodata.WIFI_CONNECTED
                0x00000000        0x2 hcm_libraries/GlobalVariables.o
 .rodata.SERVER_CONNECTED
                0x00000000        0x2 hcm_libraries/GlobalVariables.o
 .rodata.USART_BAUDRATE
                0x00000000        0x2 hcm_libraries/GlobalVariables.o
 .text          0x00000000        0x0 hcm_libraries/Processes.o
 .data          0x00000000        0x0 hcm_libraries/Processes.o
 .bss           0x00000000        0x0 hcm_libraries/Processes.o
 .text._Z6WebAppv
                0x00000000      0x41a hcm_libraries/Processes.o
 .text._Z11switchRelayccc
                0x00000000       0x7c hcm_libraries/Processes.o
 .text._Z12RelayControlv
                0x00000000      0x14e hcm_libraries/Processes.o
 .text._Z15ReceiveSettingsv
                0x00000000       0xc4 hcm_libraries/Processes.o
 .text          0x00000000        0x0 hcm_libraries/SPI.o
 .data          0x00000000        0x0 hcm_libraries/SPI.o
 .bss           0x00000000        0x0 hcm_libraries/SPI.o
 .text._Z10chipSelectii
                0x00000000        0x2 hcm_libraries/SPI.o
 .text._Z15SPI_init_masterv
                0x00000000        0x8 hcm_libraries/SPI.o
 .text._Z9SPI_Writeh
                0x00000000        0xa hcm_libraries/SPI.o
 .text._Z13SPI_WriteReadh
                0x00000000        0xc hcm_libraries/SPI.o
 .debug_info    0x00000000      0x30f hcm_libraries/SPI.o
 .debug_abbrev  0x00000000       0xd0 hcm_libraries/SPI.o
 .debug_loc     0x00000000       0x1f hcm_libraries/SPI.o
 .debug_aranges
                0x00000000       0x38 hcm_libraries/SPI.o
 .debug_ranges  0x00000000       0x28 hcm_libraries/SPI.o
 .debug_line    0x00000000       0xdb hcm_libraries/SPI.o
 .debug_str     0x00000000      0x3b4 hcm_libraries/SPI.o
 .comment       0x00000000       0x31 hcm_libraries/SPI.o
 .debug_frame   0x00000000       0x54 hcm_libraries/SPI.o
 .text          0x00000000        0x0 hcm_libraries/Utils.o
 .data          0x00000000        0x0 hcm_libraries/Utils.o
 .bss           0x00000000        0x0 hcm_libraries/Utils.o
 .text._Z15USART1_SendBytec
                0x00000000       0x10 hcm_libraries/Utils.o
 .text._Z17USART1_SendStringPKc
                0x00000000       0x1e hcm_libraries/Utils.o
 .text._Z18USART1_ReceiveBytev
                0x00000000       0x10 hcm_libraries/Utils.o
 .text._Z18USART0_ReceiveBytev
                0x00000000       0x10 hcm_libraries/Utils.o
 .text._Z8espPowercc
                0x00000000        0x8 hcm_libraries/Utils.o
 .text._Z19readNetworkSettingsv
                0x00000000      0x16e hcm_libraries/Utils.o
 .text          0x00000000        0x0 main.o
 .data          0x00000000        0x0 main.o
 .bss           0x00000000        0x0 main.o
 .text._Z12decodeBufferc
                0x00000000        0x2 main.o
 .text          0x00000000        0x0 c:/program files (x86)/atmel/studio/7.0/toolchain/avr8/avr8-gnu-toolchain/bin/../lib/gcc/avr/4.9.2/avr5\libgcc.a(_exit.o)
 .data          0x00000000        0x0 c:/program files (x86)/atmel/studio/7.0/toolchain/avr8/avr8-gnu-toolchain/bin/../lib/gcc/avr/4.9.2/avr5\libgcc.a(_exit.o)
 .bss           0x00000000        0x0 c:/program files (x86)/atmel/studio/7.0/toolchain/avr8/avr8-gnu-toolchain/bin/../lib/gcc/avr/4.9.2/avr5\libgcc.a(_exit.o)
 .text.libgcc.mul
                0x00000000        0x0 c:/program files (x86)/atmel/studio/7.0/toolchain/avr8/avr8-gnu-toolchain/bin/../lib/gcc/avr/4.9.2/avr5\libgcc.a(_exit.o)
 .text.libgcc.div
                0x00000000        0x0 c:/program files (x86)/atmel/studio/7.0/toolchain/avr8/avr8-gnu-toolchain/bin/../lib/gcc/avr/4.9.2/avr5\libgcc.a(_exit.o)
 .text.libgcc   0x00000000        0x0 c:/program files (x86)/atmel/studio/7.0/toolchain/avr8/avr8-gnu-toolchain/bin/../lib/gcc/avr/4.9.2/avr5\libgcc.a(_exit.o)
 .text.libgcc.prologue
                0x00000000        0x0 c:/program files (x86)/atmel/studio/7.0/toolchain/avr8/avr8-gnu-toolchain/bin/../lib/gcc/avr/4.9.2/avr5\libgcc.a(_exit.o)
 .text.libgcc.builtins
                0x00000000        0x0 c:/program files (x86)/atmel/studio/7.0/toolchain/avr8/avr8-gnu-toolchain/bin/../lib/gcc/avr/4.9.2/avr5\libgcc.a(_exit.o)
 .text.libgcc.fmul
                0x00000000        0x0 c:/program files (x86)/atmel/studio/7.0/toolchain/avr8/avr8-gnu-toolchain/bin/../lib/gcc/avr/4.9.2/avr5\libgcc.a(_exit.o)
 .text.libgcc.fixed
                0x00000000        0x0 c:/program files (x86)/atmel/studio/7.0/toolchain/avr8/avr8-gnu-toolchain/bin/../lib/gcc/avr/4.9.2/avr5\libgcc.a(_exit.o)
 .text          0x00000000        0x0 c:/program files (x86)/atmel/studio/7.0/toolchain/avr8/avr8-gnu-toolchain/bin/../lib/gcc/avr/4.9.2/avr5\libgcc.a(_tablejump2.o)
 .data          0x00000000        0x0 c:/program files (x86)/atmel/studio/7.0/toolchain/avr8/avr8-gnu-toolchain/bin/../lib/gcc/avr/4.9.2/avr5\libgcc.a(_tablejump2.o)
 .bss           0x00000000        0x0 c:/program files (x86)/atmel/studio/7.0/toolchain/avr8/avr8-gnu-toolchain/bin/../lib/gcc/avr/4.9.2/avr5\libgcc.a(_tablejump2.o)
 .text.libgcc.mul
                0x00000000        0x0 c:/program files (x86)/atmel/studio/7.0/toolchain/avr8/avr8-gnu-toolchain/bin/../lib/gcc/avr/4.9.2/avr5\libgcc.a(_tablejump2.o)
 .text.libgcc.div
                0x00000000        0x0 c:/program files (x86)/atmel/studio/7.0/toolchain/avr8/avr8-gnu-toolchain/bin/../lib/gcc/avr/4.9.2/avr5\libgcc.a(_tablejump2.o)
 .text.libgcc.prologue
                0x00000000        0x0 c:/program files (x86)/atmel/studio/7.0/toolchain/avr8/avr8-gnu-toolchain/bin/../lib/gcc/avr/4.9.2/avr5\libgcc.a(_tablejump2.o)
 .text.libgcc.builtins
                0x00000000        0x0 c:/program files (x86)/atmel/studio/7.0/toolchain/avr8/avr8-gnu-toolchain/bin/../lib/gcc/avr/4.9.2/avr5\libgcc.a(_tablejump2.o)
 .text.libgcc.fmul
                0x00000000        0x0 c:/program files (x86)/atmel/studio/7.0/toolchain/avr8/avr8-gnu-toolchain/bin/../lib/gcc/avr/4.9.2/avr5\libgcc.a(_tablejump2.o)
 .text.libgcc.fixed
                0x00000000        0x0 c:/program files (x86)/atmel/studio/7.0/toolchain/avr8/avr8-gnu-toolchain/bin/../lib/gcc/avr/4.9.2/avr5\libgcc.a(_tablejump2.o)
 .text          0x00000000        0x0 c:/program files (x86)/atmel/studio/7.0/toolchain/avr8/avr8-gnu-toolchain/bin/../lib/gcc/avr/4.9.2/avr5\libgcc.a(_copy_data.o)
 .data          0x00000000        0x0 c:/program files (x86)/atmel/studio/7.0/toolchain/avr8/avr8-gnu-toolchain/bin/../lib/gcc/avr/4.9.2/avr5\libgcc.a(_copy_data.o)
 .bss           0x00000000        0x0 c:/program files (x86)/atmel/studio/7.0/toolchain/avr8/avr8-gnu-toolchain/bin/../lib/gcc/avr/4.9.2/avr5\libgcc.a(_copy_data.o)
 .text.libgcc.mul
                0x00000000        0x0 c:/program files (x86)/atmel/studio/7.0/toolchain/avr8/avr8-gnu-toolchain/bin/../lib/gcc/avr/4.9.2/avr5\libgcc.a(_copy_data.o)
 .text.libgcc.div
                0x00000000        0x0 c:/program files (x86)/atmel/studio/7.0/toolchain/avr8/avr8-gnu-toolchain/bin/../lib/gcc/avr/4.9.2/avr5\libgcc.a(_copy_data.o)
 .text.libgcc   0x00000000        0x0 c:/program files (x86)/atmel/studio/7.0/toolchain/avr8/avr8-gnu-toolchain/bin/../lib/gcc/avr/4.9.2/avr5\libgcc.a(_copy_data.o)
 .text.libgcc.prologue
                0x00000000        0x0 c:/program files (x86)/atmel/studio/7.0/toolchain/avr8/avr8-gnu-toolchain/bin/../lib/gcc/avr/4.9.2/avr5\libgcc.a(_copy_data.o)
 .text.libgcc.builtins
                0x00000000        0x0 c:/program files (x86)/atmel/studio/7.0/toolchain/avr8/avr8-gnu-toolchain/bin/../lib/gcc/avr/4.9.2/avr5\libgcc.a(_copy_data.o)
 .text.libgcc.fmul
                0x00000000        0x0 c:/program files (x86)/atmel/studio/7.0/toolchain/avr8/avr8-gnu-toolchain/bin/../lib/gcc/avr/4.9.2/avr5\libgcc.a(_copy_data.o)
 .text.libgcc.fixed
                0x00000000        0x0 c:/program files (x86)/atmel/studio/7.0/toolchain/avr8/avr8-gnu-toolchain/bin/../lib/gcc/avr/4.9.2/avr5\libgcc.a(_copy_data.o)
 .text          0x00000000        0x0 c:/program files (x86)/atmel/studio/7.0/toolchain/avr8/avr8-gnu-toolchain/bin/../lib/gcc/avr/4.9.2/avr5\libgcc.a(_clear_bss.o)
 .data          0x00000000        0x0 c:/program files (x86)/atmel/studio/7.0/toolchain/avr8/avr8-gnu-toolchain/bin/../lib/gcc/avr/4.9.2/avr5\libgcc.a(_clear_bss.o)
 .bss           0x00000000        0x0 c:/program files (x86)/atmel/studio/7.0/toolchain/avr8/avr8-gnu-toolchain/bin/../lib/gcc/avr/4.9.2/avr5\libgcc.a(_clear_bss.o)
 .text.libgcc.mul
                0x00000000        0x0 c:/program files (x86)/atmel/studio/7.0/toolchain/avr8/avr8-gnu-toolchain/bin/../lib/gcc/avr/4.9.2/avr5\libgcc.a(_clear_bss.o)
 .text.libgcc.div
                0x00000000        0x0 c:/program files (x86)/atmel/studio/7.0/toolchain/avr8/avr8-gnu-toolchain/bin/../lib/gcc/avr/4.9.2/avr5\libgcc.a(_clear_bss.o)
 .text.libgcc   0x00000000        0x0 c:/program files (x86)/atmel/studio/7.0/toolchain/avr8/avr8-gnu-toolchain/bin/../lib/gcc/avr/4.9.2/avr5\libgcc.a(_clear_bss.o)
 .text.libgcc.prologue
                0x00000000        0x0 c:/program files (x86)/atmel/studio/7.0/toolchain/avr8/avr8-gnu-toolchain/bin/../lib/gcc/avr/4.9.2/avr5\libgcc.a(_clear_bss.o)
 .text.libgcc.builtins
                0x00000000        0x0 c:/program files (x86)/atmel/studio/7.0/toolchain/avr8/avr8-gnu-toolchain/bin/../lib/gcc/avr/4.9.2/avr5\libgcc.a(_clear_bss.o)
 .text.libgcc.fmul
                0x00000000        0x0 c:/program files (x86)/atmel/studio/7.0/toolchain/avr8/avr8-gnu-toolchain/bin/../lib/gcc/avr/4.9.2/avr5\libgcc.a(_clear_bss.o)
 .text.libgcc.fixed
                0x00000000        0x0 c:/program files (x86)/atmel/studio/7.0/toolchain/avr8/avr8-gnu-toolchain/bin/../lib/gcc/avr/4.9.2/avr5\libgcc.a(_clear_bss.o)
 .text          0x00000000        0x0 c:/program files (x86)/atmel/studio/7.0/toolchain/avr8/avr8-gnu-toolchain/bin/../lib/gcc/avr/4.9.2/../../../../avr/lib/avr5\libc.a(malloc.o)
 .data          0x00000000        0x6 c:/program files (x86)/atmel/studio/7.0/toolchain/avr8/avr8-gnu-toolchain/bin/../lib/gcc/avr/4.9.2/../../../../avr/lib/avr5\libc.a(malloc.o)
 .bss           0x00000000        0x0 c:/program files (x86)/atmel/studio/7.0/toolchain/avr8/avr8-gnu-toolchain/bin/../lib/gcc/avr/4.9.2/../../../../avr/lib/avr5\libc.a(malloc.o)
 .text.avr-libc
                0x00000000      0x25a c:/program files (x86)/atmel/studio/7.0/toolchain/avr8/avr8-gnu-toolchain/bin/../lib/gcc/avr/4.9.2/../../../../avr/lib/avr5\libc.a(malloc.o)
 .comment       0x00000000       0x31 c:/program files (x86)/atmel/studio/7.0/toolchain/avr8/avr8-gnu-toolchain/bin/../lib/gcc/avr/4.9.2/../../../../avr/lib/avr5\libc.a(malloc.o)
 COMMON         0x00000000        0x4 c:/program files (x86)/atmel/studio/7.0/toolchain/avr8/avr8-gnu-toolchain/bin/../lib/gcc/avr/4.9.2/../../../../avr/lib/avr5\libc.a(malloc.o)
 .text          0x00000000        0x0 c:/program files (x86)/atmel/studio/7.0/toolchain/avr8/avr8-gnu-toolchain/bin/../lib/gcc/avr/4.9.2/../../../../avr/lib/avr5\libc.a(atoi.o)
 .data          0x00000000        0x0 c:/program files (x86)/atmel/studio/7.0/toolchain/avr8/avr8-gnu-toolchain/bin/../lib/gcc/avr/4.9.2/../../../../avr/lib/avr5\libc.a(atoi.o)
 .bss           0x00000000        0x0 c:/program files (x86)/atmel/studio/7.0/toolchain/avr8/avr8-gnu-toolchain/bin/../lib/gcc/avr/4.9.2/../../../../avr/lib/avr5\libc.a(atoi.o)
 .text.avr-libc
                0x00000000       0x3c c:/program files (x86)/atmel/studio/7.0/toolchain/avr8/avr8-gnu-toolchain/bin/../lib/gcc/avr/4.9.2/../../../../avr/lib/avr5\libc.a(atoi.o)
 .text          0x00000000        0x0 c:/program files (x86)/atmel/studio/7.0/toolchain/avr8/avr8-gnu-toolchain/bin/../lib/gcc/avr/4.9.2/../../../../avr/lib/avr5\libc.a(isalnum.o)
 .data          0x00000000        0x0 c:/program files (x86)/atmel/studio/7.0/toolchain/avr8/avr8-gnu-toolchain/bin/../lib/gcc/avr/4.9.2/../../../../avr/lib/avr5\libc.a(isalnum.o)
 .bss           0x00000000        0x0 c:/program files (x86)/atmel/studio/7.0/toolchain/avr8/avr8-gnu-toolchain/bin/../lib/gcc/avr/4.9.2/../../../../avr/lib/avr5\libc.a(isalnum.o)
 .text.avr-libc
                0x00000000       0x14 c:/program files (x86)/atmel/studio/7.0/toolchain/avr8/avr8-gnu-toolchain/bin/../lib/gcc/avr/4.9.2/../../../../avr/lib/avr5\libc.a(isalnum.o)
 .text          0x00000000        0x0 c:/program files (x86)/atmel/studio/7.0/toolchain/avr8/avr8-gnu-toolchain/bin/../lib/gcc/avr/4.9.2/../../../../avr/lib/avr5\libc.a(cty_isfalse.o)
 .data          0x00000000        0x0 c:/program files (x86)/atmel/studio/7.0/toolchain/avr8/avr8-gnu-toolchain/bin/../lib/gcc/avr/4.9.2/../../../../avr/lib/avr5\libc.a(cty_isfalse.o)
 .bss           0x00000000        0x0 c:/program files (x86)/atmel/studio/7.0/toolchain/avr8/avr8-gnu-toolchain/bin/../lib/gcc/avr/4.9.2/../../../../avr/lib/avr5\libc.a(cty_isfalse.o)
 .text.avr-libc
                0x00000000        0x6 c:/program files (x86)/atmel/studio/7.0/toolchain/avr8/avr8-gnu-toolchain/bin/../lib/gcc/avr/4.9.2/../../../../avr/lib/avr5\libc.a(cty_isfalse.o)
 .text          0x00000000        0x0 c:/program files (x86)/atmel/studio/7.0/toolchain/avr8/avr8-gnu-toolchain/bin/../lib/gcc/avr/4.9.2/../../../../avr/lib/avr5\libc.a(isalpha.o)
 .data          0x00000000        0x0 c:/program files (x86)/atmel/studio/7.0/toolchain/avr8/avr8-gnu-toolchain/bin/../lib/gcc/avr/4.9.2/../../../../avr/lib/avr5\libc.a(isalpha.o)
 .bss           0x00000000        0x0 c:/program files (x86)/atmel/studio/7.0/toolchain/avr8/avr8-gnu-toolchain/bin/../lib/gcc/avr/4.9.2/../../../../avr/lib/avr5\libc.a(isalpha.o)
 .text.avr-libc
                0x00000000       0x16 c:/program files (x86)/atmel/studio/7.0/toolchain/avr8/avr8-gnu-toolchain/bin/../lib/gcc/avr/4.9.2/../../../../avr/lib/avr5\libc.a(isalpha.o)
 .text          0x00000000        0x0 c:/program files (x86)/atmel/studio/7.0/toolchain/avr8/avr8-gnu-toolchain/bin/../lib/gcc/avr/4.9.2/../../../../avr/lib/avr5\libc.a(strtok.o)
 .data          0x00000000        0x0 c:/program files (x86)/atmel/studio/7.0/toolchain/avr8/avr8-gnu-toolchain/bin/../lib/gcc/avr/4.9.2/../../../../avr/lib/avr5\libc.a(strtok.o)
 .text          0x00000000        0x0 c:/program files (x86)/atmel/studio/7.0/toolchain/avr8/avr8-gnu-toolchain/bin/../lib/gcc/avr/4.9.2/../../../../avr/lib/avr5\libc.a(memset.o)
 .data          0x00000000        0x0 c:/program files (x86)/atmel/studio/7.0/toolchain/avr8/avr8-gnu-toolchain/bin/../lib/gcc/avr/4.9.2/../../../../avr/lib/avr5\libc.a(memset.o)
 .bss           0x00000000        0x0 c:/program files (x86)/atmel/studio/7.0/toolchain/avr8/avr8-gnu-toolchain/bin/../lib/gcc/avr/4.9.2/../../../../avr/lib/avr5\libc.a(memset.o)
 .text          0x00000000        0x0 c:/program files (x86)/atmel/studio/7.0/toolchain/avr8/avr8-gnu-toolchain/bin/../lib/gcc/avr/4.9.2/../../../../avr/lib/avr5\libc.a(strcat.o)
 .data          0x00000000        0x0 c:/program files (x86)/atmel/studio/7.0/toolchain/avr8/avr8-gnu-toolchain/bin/../lib/gcc/avr/4.9.2/../../../../avr/lib/avr5\libc.a(strcat.o)
 .bss           0x00000000        0x0 c:/program files (x86)/atmel/studio/7.0/toolchain/avr8/avr8-gnu-toolchain/bin/../lib/gcc/avr/4.9.2/../../../../avr/lib/avr5\libc.a(strcat.o)
 .text          0x00000000        0x0 c:/program files (x86)/atmel/studio/7.0/toolchain/avr8/avr8-gnu-toolchain/bin/../lib/gcc/avr/4.9.2/../../../../avr/lib/avr5\libc.a(strcmp.o)
 .data          0x00000000        0x0 c:/program files (x86)/atmel/studio/7.0/toolchain/avr8/avr8-gnu-toolchain/bin/../lib/gcc/avr/4.9.2/../../../../avr/lib/avr5\libc.a(strcmp.o)
 .bss           0x00000000        0x0 c:/program files (x86)/atmel/studio/7.0/toolchain/avr8/avr8-gnu-toolchain/bin/../lib/gcc/avr/4.9.2/../../../../avr/lib/avr5\libc.a(strcmp.o)
 .text          0x00000000        0x0 c:/program files (x86)/atmel/studio/7.0/toolchain/avr8/avr8-gnu-toolchain/bin/../lib/gcc/avr/4.9.2/../../../../avr/lib/avr5\libc.a(strcpy.o)
 .data          0x00000000        0x0 c:/program files (x86)/atmel/studio/7.0/toolchain/avr8/avr8-gnu-toolchain/bin/../lib/gcc/avr/4.9.2/../../../../avr/lib/avr5\libc.a(strcpy.o)
 .bss           0x00000000        0x0 c:/program files (x86)/atmel/studio/7.0/toolchain/avr8/avr8-gnu-toolchain/bin/../lib/gcc/avr/4.9.2/../../../../avr/lib/avr5\libc.a(strcpy.o)
 .text          0x00000000        0x0 c:/program files (x86)/atmel/studio/7.0/toolchain/avr8/avr8-gnu-toolchain/bin/../lib/gcc/avr/4.9.2/../../../../avr/lib/avr5\libc.a(strstr.o)
 .data          0x00000000        0x0 c:/program files (x86)/atmel/studio/7.0/toolchain/avr8/avr8-gnu-toolchain/bin/../lib/gcc/avr/4.9.2/../../../../avr/lib/avr5\libc.a(strstr.o)
 .bss           0x00000000        0x0 c:/program files (x86)/atmel/studio/7.0/toolchain/avr8/avr8-gnu-toolchain/bin/../lib/gcc/avr/4.9.2/../../../../avr/lib/avr5\libc.a(strstr.o)
 .text          0x00000000        0x0 c:/program files (x86)/atmel/studio/7.0/toolchain/avr8/avr8-gnu-toolchain/bin/../lib/gcc/avr/4.9.2/../../../../avr/lib/avr5\libc.a(strtok_r.o)
 .data          0x00000000        0x0 c:/program files (x86)/atmel/studio/7.0/toolchain/avr8/avr8-gnu-toolchain/bin/../lib/gcc/avr/4.9.2/../../../../avr/lib/avr5\libc.a(strtok_r.o)
 .bss           0x00000000        0x0 c:/program files (x86)/atmel/studio/7.0/toolchain/avr8/avr8-gnu-toolchain/bin/../lib/gcc/avr/4.9.2/../../../../avr/lib/avr5\libc.a(strtok_r.o)
 .text          0x00000000        0x0 c:/program files (x86)/atmel/studio/7.0/toolchain/avr8/avr8-gnu-toolchain/bin/../lib/gcc/avr/4.9.2/../../../../avr/lib/avr5\libc.a(itoa_ncheck.o)
 .data          0x00000000        0x0 c:/program files (x86)/atmel/studio/7.0/toolchain/avr8/avr8-gnu-toolchain/bin/../lib/gcc/avr/4.9.2/../../../../avr/lib/avr5\libc.a(itoa_ncheck.o)
 .bss           0x00000000        0x0 c:/program files (x86)/atmel/studio/7.0/toolchain/avr8/avr8-gnu-toolchain/bin/../lib/gcc/avr/4.9.2/../../../../avr/lib/avr5\libc.a(itoa_ncheck.o)
 .text          0x00000000        0x0 c:/program files (x86)/atmel/studio/7.0/toolchain/avr8/avr8-gnu-toolchain/bin/../lib/gcc/avr/4.9.2/../../../../avr/lib/avr5\libc.a(mul10.o)
 .data          0x00000000        0x0 c:/program files (x86)/atmel/studio/7.0/toolchain/avr8/avr8-gnu-toolchain/bin/../lib/gcc/avr/4.9.2/../../../../avr/lib/avr5\libc.a(mul10.o)
 .bss           0x00000000        0x0 c:/program files (x86)/atmel/studio/7.0/toolchain/avr8/avr8-gnu-toolchain/bin/../lib/gcc/avr/4.9.2/../../../../avr/lib/avr5\libc.a(mul10.o)
 .text.avr-libc
                0x00000000       0x10 c:/program files (x86)/atmel/studio/7.0/toolchain/avr8/avr8-gnu-toolchain/bin/../lib/gcc/avr/4.9.2/../../../../avr/lib/avr5\libc.a(mul10.o)
 .text          0x00000000        0x0 c:/program files (x86)/atmel/studio/7.0/toolchain/avr8/avr8-gnu-toolchain/bin/../lib/gcc/avr/4.9.2/../../../../avr/lib/avr5\libc.a(utoa_ncheck.o)
 .data          0x00000000        0x0 c:/program files (x86)/atmel/studio/7.0/toolchain/avr8/avr8-gnu-toolchain/bin/../lib/gcc/avr/4.9.2/../../../../avr/lib/avr5\libc.a(utoa_ncheck.o)
 .bss           0x00000000        0x0 c:/program files (x86)/atmel/studio/7.0/toolchain/avr8/avr8-gnu-toolchain/bin/../lib/gcc/avr/4.9.2/../../../../avr/lib/avr5\libc.a(utoa_ncheck.o)
 .text          0x00000000        0x0 c:/program files (x86)/atmel/studio/7.0/toolchain/avr8/avr8-gnu-toolchain/bin/../lib/gcc/avr/4.9.2/../../../../avr/lib/avr5\libc.a(strrev.o)
 .data          0x00000000        0x0 c:/program files (x86)/atmel/studio/7.0/toolchain/avr8/avr8-gnu-toolchain/bin/../lib/gcc/avr/4.9.2/../../../../avr/lib/avr5\libc.a(strrev.o)
 .bss           0x00000000        0x0 c:/program files (x86)/atmel/studio/7.0/toolchain/avr8/avr8-gnu-toolchain/bin/../lib/gcc/avr/4.9.2/../../../../avr/lib/avr5\libc.a(strrev.o)
 .text          0x00000000        0x0 C:/Program Files (x86)/Atmel/Studio/7.0/Packs/atmel/ATmega_DFP/1.0.106/gcc/dev/atmega644pa/avr5\libatmega644pa.a(eerd_byte.o)
 .data          0x00000000        0x0 C:/Program Files (x86)/Atmel/Studio/7.0/Packs/atmel/ATmega_DFP/1.0.106/gcc/dev/atmega644pa/avr5\libatmega644pa.a(eerd_byte.o)
 .bss           0x00000000        0x0 C:/Program Files (x86)/Atmel/Studio/7.0/Packs/atmel/ATmega_DFP/1.0.106/gcc/dev/atmega644pa/avr5\libatmega644pa.a(eerd_byte.o)
 .text          0x00000000        0x0 C:/Program Files (x86)/Atmel/Studio/7.0/Packs/atmel/ATmega_DFP/1.0.106/gcc/dev/atmega644pa/avr5\libatmega644pa.a(eewr_byte.o)
 .data          0x00000000        0x0 C:/Program Files (x86)/Atmel/Studio/7.0/Packs/atmel/ATmega_DFP/1.0.106/gcc/dev/atmega644pa/avr5\libatmega644pa.a(eewr_byte.o)
 .bss           0x00000000        0x0 C:/Program Files (x86)/Atmel/Studio/7.0/Packs/atmel/ATmega_DFP/1.0.106/gcc/dev/atmega644pa/avr5\libatmega644pa.a(eewr_byte.o)

Memory Configuration

Name             Origin             Length             Attributes
text             0x00000000         0x00020000         xr
data             0x00800060         0x0000ffa0         rw !x
eeprom           0x00810000         0x00010000         rw !x
fuse             0x00820000         0x00000400         rw !x
lock             0x00830000         0x00000400         rw !x
signature        0x00840000         0x00000400         rw !x
user_signatures  0x00850000         0x00000400         rw !x
*default*        0x00000000         0xffffffff

Linker script and memory map

Address of section .data set to 0x800100
LOAD C:/Program Files (x86)/Atmel/Studio/7.0/Packs/atmel/ATmega_DFP/1.0.106/gcc/dev/atmega644pa/avr5/crtatmega644pa.o
LOAD hcm_libraries/EEPROMUtil.o
LOAD hcm_libraries/HwProperties.o
LOAD hcm_libraries/Network.o
LOAD hcm_libraries/GlobalVariables.o
LOAD hcm_libraries/Processes.o
LOAD hcm_libraries/SPI.o
LOAD hcm_libraries/Utils.o
LOAD main.o
START GROUP
LOAD c:/program files (x86)/atmel/studio/7.0/toolchain/avr8/avr8-gnu-toolchain/bin/../lib/gcc/avr/4.9.2/../../../../avr/lib/avr5\libm.a
END GROUP
LOAD c:/program files (x86)/atmel/studio/7.0/toolchain/avr8/avr8-gnu-toolchain/bin/../lib/gcc/avr/4.9.2/avr5\libgcc.a
LOAD c:/program files (x86)/atmel/studio/7.0/toolchain/avr8/avr8-gnu-toolchain/bin/../lib/gcc/avr/4.9.2/../../../../avr/lib/avr5\libm.a
START GROUP
LOAD c:/program files (x86)/atmel/studio/7.0/toolchain/avr8/avr8-gnu-toolchain/bin/../lib/gcc/avr/4.9.2/avr5\libgcc.a
LOAD c:/program files (x86)/atmel/studio/7.0/toolchain/avr8/avr8-gnu-toolchain/bin/../lib/gcc/avr/4.9.2/../../../../avr/lib/avr5\libm.a
LOAD c:/program files (x86)/atmel/studio/7.0/toolchain/avr8/avr8-gnu-toolchain/bin/../lib/gcc/avr/4.9.2/../../../../avr/lib/avr5\libc.a
LOAD C:/Program Files (x86)/Atmel/Studio/7.0/Packs/atmel/ATmega_DFP/1.0.106/gcc/dev/atmega644pa/avr5\libatmega644pa.a
END GROUP
                0x00020000                __TEXT_REGION_LENGTH__ = DEFINED (__TEXT_REGION_LENGTH__)?__TEXT_REGION_LENGTH__:0x20000
                0x0000ffa0                __DATA_REGION_LENGTH__ = DEFINED (__DATA_REGION_LENGTH__)?__DATA_REGION_LENGTH__:0xffa0
                0x00010000                __EEPROM_REGION_LENGTH__ = DEFINED (__EEPROM_REGION_LENGTH__)?__EEPROM_REGION_LENGTH__:0x10000
                0x00000400                __FUSE_REGION_LENGTH__ = DEFINED (__FUSE_REGION_LENGTH__)?__FUSE_REGION_LENGTH__:0x400
                0x00000400                __LOCK_REGION_LENGTH__ = DEFINED (__LOCK_REGION_LENGTH__)?__LOCK_REGION_LENGTH__:0x400
                0x00000400                __SIGNATURE_REGION_LENGTH__ = DEFINED (__SIGNATURE_REGION_LENGTH__)?__SIGNATURE_REGION_LENGTH__:0x400
                0x00000400                __USER_SIGNATURE_REGION_LENGTH__ = DEFINED (__USER_SIGNATURE_REGION_LENGTH__)?__USER_SIGNATURE_REGION_LENGTH__:0x400

.hash
 *(.hash)

.dynsym
 *(.dynsym)

.dynstr
 *(.dynstr)

.gnu.version
 *(.gnu.version)

.gnu.version_d
 *(.gnu.version_d)

.gnu.version_r
 *(.gnu.version_r)

.rel.init
 *(.rel.init)

.rela.init
 *(.rela.init)

.rel.text
 *(.rel.text)
 *(.rel.text.*)
 *(.rel.gnu.linkonce.t*)

.rela.text
 *(.rela.text)
 *(.rela.text.*)
 *(.rela.gnu.linkonce.t*)

.rel.fini
 *(.rel.fini)

.rela.fini
 *(.rela.fini)

.rel.rodata
 *(.rel.rodata)
 *(.rel.rodata.*)
 *(.rel.gnu.linkonce.r*)

.rela.rodata
 *(.rela.rodata)
 *(.rela.rodata.*)
 *(.rela.gnu.linkonce.r*)

.rel.data
 *(.rel.data)
 *(.rel.data.*)
 *(.rel.gnu.linkonce.d*)

.rela.data
 *(.rela.data)
 *(.rela.data.*)
 *(.rela.gnu.linkonce.d*)

.rel.ctors
 *(.rel.ctors)

.rela.ctors
 *(.rela.ctors)

.rel.dtors
 *(.rel.dtors)

.rela.dtors
 *(.rela.dtors)

.rel.got
 *(.rel.got)

.rela.got
 *(.rela.got)

.rel.bss
 *(.rel.bss)

.rela.bss
 *(.rela.bss)

.rel.plt
 *(.rel.plt)

.rela.plt
 *(.rela.plt)

.text           0x00000000     0x152a
 *(.vectors)
 .vectors       0x00000000       0x7c C:/Program Files (x86)/Atmel/Studio/7.0/Packs/atmel/ATmega_DFP/1.0.106/gcc/dev/atmega644pa/avr5/crtatmega644pa.o
                0x00000000                __vector_default
                0x00000000                __vectors
 *(.vectors)
 *(.progmem.gcc*)
 .progmem.gcc_sw_table._Z7pinModeic
                0x0000007c       0x3c hcm_libraries/Utils.o
 .progmem.gcc_sw_table._Z12digitalWriteic
                0x000000b8       0x3c hcm_libraries/Utils.o
                0x000000f4                . = ALIGN (0x2)
                0x000000f4                __trampolines_start = .
 *(.trampolines)
 .trampolines   0x000000f4        0x0 linker stubs
 *(.trampolines*)
                0x000000f4                __trampolines_end = .
 *libprintf_flt.a:*(.progmem.data)
 *libc.a:*(.progmem.data)
 *(.progmem*)
                0x000000f4                . = ALIGN (0x2)
 *(.jumptables)
 *(.jumptables*)
 *(.lowtext)
 *(.lowtext*)
                0x000000f4                __ctors_start = .
 *(.ctors)
                0x000000f4                __ctors_end = .
                0x000000f4                __dtors_start = .
 *(.dtors)
                0x000000f4                __dtors_end = .
 SORT(*)(.ctors)
 SORT(*)(.dtors)
 *(.init0)
 .init0         0x000000f4        0x0 C:/Program Files (x86)/Atmel/Studio/7.0/Packs/atmel/ATmega_DFP/1.0.106/gcc/dev/atmega644pa/avr5/crtatmega644pa.o
                0x000000f4                __init
 *(.init0)
 *(.init1)
 *(.init1)
 *(.init2)
 .init2         0x000000f4        0xc C:/Program Files (x86)/Atmel/Studio/7.0/Packs/atmel/ATmega_DFP/1.0.106/gcc/dev/atmega644pa/avr5/crtatmega644pa.o
 *(.init2)
 *(.init3)
 *(.init3)
 *(.init4)
 .init4         0x00000100       0x16 c:/program files (x86)/atmel/studio/7.0/toolchain/avr8/avr8-gnu-toolchain/bin/../lib/gcc/avr/4.9.2/avr5\libgcc.a(_copy_data.o)
                0x00000100                __do_copy_data
 .init4         0x00000116       0x10 c:/program files (x86)/atmel/studio/7.0/toolchain/avr8/avr8-gnu-toolchain/bin/../lib/gcc/avr/4.9.2/avr5\libgcc.a(_clear_bss.o)
                0x00000116                __do_clear_bss
 *(.init4)
 *(.init5)
 *(.init5)
 *(.init6)
 *(.init6)
 *(.init7)
 *(.init7)
 *(.init8)
 *(.init8)
 *(.init9)
 .init9         0x00000126        0x8 C:/Program Files (x86)/Atmel/Studio/7.0/Packs/atmel/ATmega_DFP/1.0.106/gcc/dev/atmega644pa/avr5/crtatmega644pa.o
 *(.init9)
 *(.text)
 .text          0x0000012e        0x2 C:/Program Files (x86)/Atmel/Studio/7.0/Packs/atmel/ATmega_DFP/1.0.106/gcc/dev/atmega644pa/avr5/crtatmega644pa.o
                0x0000012e                __vector_22
                0x0000012e                __vector_1
                0x0000012e                __vector_24
                0x0000012e                __vector_12
                0x0000012e                __bad_interrupt
                0x0000012e                __vector_6
                0x0000012e                __vector_3
                0x0000012e                __vector_23
                0x0000012e                __vector_30
                0x0000012e                __vector_25
                0x0000012e                __vector_11
                0x0000012e                __vector_13
                0x0000012e                __vector_17
                0x0000012e                __vector_19
                0x0000012e                __vector_7
                0x0000012e                __vector_27
                0x0000012e                __vector_5
                0x0000012e                __vector_4
                0x0000012e                __vector_9
                0x0000012e                __vector_2
                0x0000012e                __vector_21
                0x0000012e                __vector_15
                0x0000012e                __vector_29
                0x0000012e                __vector_8
                0x0000012e                __vector_26
                0x0000012e                __vector_14
                0x0000012e                __vector_10
                0x0000012e                __vector_16
                0x00000130                . = ALIGN (0x2)
 *(.text.*)
 .text._Z19eepromReadAttributePciS_i
                0x00000130      0x1aa hcm_libraries/EEPROMUtil.o
                0x00000130                _Z19eepromReadAttributePciS_i
 .text._Z13eepromSaveCfgPKci
                0x000002da       0x3c hcm_libraries/EEPROMUtil.o
                0x000002da                _Z13eepromSaveCfgPKci
 .text.__vector_28
                0x00000316       0x7e hcm_libraries/Network.o
                0x00000316                __vector_28
 .text.__vector_20
                0x00000394       0x7e hcm_libraries/Network.o
                0x00000394                __vector_20
 .text.__vector_18
                0x00000412      0x16a hcm_libraries/Network.o
                0x00000412                __vector_18
 .text._Z9SmsIncomev
                0x0000057c       0x1e hcm_libraries/Processes.o
                0x0000057c                _Z9SmsIncomev
 .text._Z17checkConnectivityv
                0x0000059a       0xac hcm_libraries/Processes.o
                0x0000059a                _Z17checkConnectivityv
 .text._Z6DelSmsv
                0x00000646       0x28 hcm_libraries/Processes.o
                0x00000646                _Z6DelSmsv
 .text._Z7SendSmsPcS_S_
                0x0000066e       0x66 hcm_libraries/Processes.o
                0x0000066e                _Z7SendSmsPcS_S_
 .text._Z13getSmsMessagev
                0x000006d4       0x34 hcm_libraries/Processes.o
                0x000006d4                _Z13getSmsMessagev
 .text._Z11SmsCommandsv
                0x00000708      0x40c hcm_libraries/Processes.o
                0x00000708                _Z11SmsCommandsv
 .text._Z10USART_Initv
                0x00000b14       0x26 hcm_libraries/Utils.o
                0x00000b14                _Z10USART_Initv
 .text._Z15USART0_SendBytec
                0x00000b3a       0x10 hcm_libraries/Utils.o
                0x00000b3a                _Z15USART0_SendBytec
 .text._Z17USART0_SendStringPKc
                0x00000b4a       0x1c hcm_libraries/Utils.o
                0x00000b4a                _Z17USART0_SendStringPKc
 .text._Z5delayi
                0x00000b66       0x18 hcm_libraries/Utils.o
                0x00000b66                _Z5delayi
 .text._Z7pinModeic
                0x00000b7e       0xba hcm_libraries/Utils.o
                0x00000b7e                _Z7pinModeic
 .text._Z12digitalWriteic
                0x00000c38       0xa2 hcm_libraries/Utils.o
                0x00000c38                _Z12digitalWriteic
 .text._Z12turnOnSim900c
                0x00000cda       0x3e hcm_libraries/Utils.o
                0x00000cda                _Z12turnOnSim900c
 .text._Z11digitalReadi
                0x00000d18       0x42 hcm_libraries/Utils.o
                0x00000d18                _Z11digitalReadi
 .text._Z9setSourcei
                0x00000d5a       0x48 hcm_libraries/Utils.o
                0x00000d5a                _Z9setSourcei
 .text._Z15defaultSettingsv
                0x00000da2      0x184 hcm_libraries/Utils.o
                0x00000da2                _Z15defaultSettingsv
 .text._Z13clearReadLinev
                0x00000f26       0x60 hcm_libraries/Utils.o
                0x00000f26                _Z13clearReadLinev
 .text._Z9initTimerv
                0x00000f86       0x14 hcm_libraries/Utils.o
                0x00000f86                _Z9initTimerv
 .text._Z14powerUpModulesv
                0x00000f9a       0x18 hcm_libraries/Utils.o
                0x00000f9a                _Z14powerUpModulesv
 .text._Z11atmegaSetupv
                0x00000fb2       0x86 hcm_libraries/Utils.o
                0x00000fb2                _Z11atmegaSetupv
 .text._Z18getAdminFromEEPROMv
                0x00001038       0x6c hcm_libraries/Utils.o
                0x00001038                _Z18getAdminFromEEPROMv
 .text._Z18processRelayStatesv
                0x000010a4       0xde hcm_libraries/Utils.o
                0x000010a4                _Z18processRelayStatesv
 .text._Z5setupv
                0x00001182       0x1c hcm_libraries/Utils.o
                0x00001182                _Z5setupv
 .text._Z9processIOv
                0x0000119e       0x1a main.o
                0x0000119e                _Z9processIOv
 .text._Z15systemProcessesv
                0x000011b8      0x1d2 main.o
                0x000011b8                _Z15systemProcessesv
 .text.main     0x0000138a       0x32 main.o
                0x0000138a                main
 .text.libgcc   0x000013bc        0xc c:/program files (x86)/atmel/studio/7.0/toolchain/avr8/avr8-gnu-toolchain/bin/../lib/gcc/avr/4.9.2/avr5\libgcc.a(_tablejump2.o)
                0x000013bc                __tablejump2__
 .text.avr-libc
                0x000013c8        0x6 c:/program files (x86)/atmel/studio/7.0/toolchain/avr8/avr8-gnu-toolchain/bin/../lib/gcc/avr/4.9.2/../../../../avr/lib/avr5\libc.a(strtok.o)
                0x000013c8                strtok
 .text.avr-libc
                0x000013ce        0xe c:/program files (x86)/atmel/studio/7.0/toolchain/avr8/avr8-gnu-toolchain/bin/../lib/gcc/avr/4.9.2/../../../../avr/lib/avr5\libc.a(memset.o)
                0x000013ce                memset
 .text.avr-libc
                0x000013dc       0x16 c:/program files (x86)/atmel/studio/7.0/toolchain/avr8/avr8-gnu-toolchain/bin/../lib/gcc/avr/4.9.2/../../../../avr/lib/avr5\libc.a(strcat.o)
                0x000013dc                strcat
 .text.avr-libc
                0x000013f2       0x12 c:/program files (x86)/atmel/studio/7.0/toolchain/avr8/avr8-gnu-toolchain/bin/../lib/gcc/avr/4.9.2/../../../../avr/lib/avr5\libc.a(strcmp.o)
                0x000013f2                strcmp
 .text.avr-libc
                0x00001404        0xe c:/program files (x86)/atmel/studio/7.0/toolchain/avr8/avr8-gnu-toolchain/bin/../lib/gcc/avr/4.9.2/../../../../avr/lib/avr5\libc.a(strcpy.o)
                0x00001404                strcpy
 .text.avr-libc
                0x00001412       0x34 c:/program files (x86)/atmel/studio/7.0/toolchain/avr8/avr8-gnu-toolchain/bin/../lib/gcc/avr/4.9.2/../../../../avr/lib/avr5\libc.a(strstr.o)
                0x00001412                strstr
 .text.avr-libc
                0x00001446       0x4e c:/program files (x86)/atmel/studio/7.0/toolchain/avr8/avr8-gnu-toolchain/bin/../lib/gcc/avr/4.9.2/../../../../avr/lib/avr5\libc.a(strtok_r.o)
                0x00001446                strtok_r
 .text.avr-libc
                0x00001494       0x14 c:/program files (x86)/atmel/studio/7.0/toolchain/avr8/avr8-gnu-toolchain/bin/../lib/gcc/avr/4.9.2/../../../../avr/lib/avr5\libc.a(itoa_ncheck.o)
                0x00001494                __itoa_ncheck
 .text.avr-libc
                0x000014a8       0x32 c:/program files (x86)/atmel/studio/7.0/toolchain/avr8/avr8-gnu-toolchain/bin/../lib/gcc/avr/4.9.2/../../../../avr/lib/avr5\libc.a(utoa_ncheck.o)
                0x000014a8                __utoa_ncheck
                0x000014aa                __utoa_common
 .text.avr-libc
                0x000014da       0x20 c:/program files (x86)/atmel/studio/7.0/toolchain/avr8/avr8-gnu-toolchain/bin/../lib/gcc/avr/4.9.2/../../../../avr/lib/avr5\libc.a(strrev.o)
                0x000014da                strrev
 .text.avr-libc
                0x000014fa       0x10 C:/Program Files (x86)/Atmel/Studio/7.0/Packs/atmel/ATmega_DFP/1.0.106/gcc/dev/atmega644pa/avr5\libatmega644pa.a(eerd_byte.o)
                0x000014fa                eeprom_read_byte
 .text.avr-libc
                0x0000150a       0x1c C:/Program Files (x86)/Atmel/Studio/7.0/Packs/atmel/ATmega_DFP/1.0.106/gcc/dev/atmega644pa/avr5\libatmega644pa.a(eewr_byte.o)
                0x0000150a                eeprom_write_byte
                0x0000150c                eeprom_write_r18
                0x00001526                . = ALIGN (0x2)
 *(.fini9)
 .fini9         0x00001526        0x0 c:/program files (x86)/atmel/studio/7.0/toolchain/avr8/avr8-gnu-toolchain/bin/../lib/gcc/avr/4.9.2/avr5\libgcc.a(_exit.o)
                0x00001526                _exit
                0x00001526                exit
 *(.fini9)
 *(.fini8)
 *(.fini8)
 *(.fini7)
 *(.fini7)
 *(.fini6)
 *(.fini6)
 *(.fini5)
 *(.fini5)
 *(.fini4)
 *(.fini4)
 *(.fini3)
 *(.fini3)
 *(.fini2)
 *(.fini2)
 *(.fini1)
 *(.fini1)
 *(.fini0)
 .fini0         0x00001526        0x4 c:/program files (x86)/atmel/studio/7.0/toolchain/avr8/avr8-gnu-toolchain/bin/../lib/gcc/avr/4.9.2/avr5\libgcc.a(_exit.o)
 *(.fini0)
                0x0000152a                _etext = .

.data           0x00800100      0x4d2 load address 0x0000152a
                0x00800100                PROVIDE (__data_start, .)
 *(.data)
 *(.data*)
 *(.rodata)
 *(.rodata*)
 .rodata.OPTO_3
                0x00800100        0x2 hcm_libraries/HwProperties.o
                0x00800100                OPTO_3
 .rodata.OPTO_2
                0x00800102        0x2 hcm_libraries/HwProperties.o
                0x00800102                OPTO_2
 .rodata.OPTO_1
                0x00800104        0x2 hcm_libraries/HwProperties.o
                0x00800104                OPTO_1
 .rodata.RELAY_5
                0x00800106        0x2 hcm_libraries/HwProperties.o
                0x00800106                RELAY_5
 .rodata.RELAY_4
                0x00800108        0x2 hcm_libraries/HwProperties.o
                0x00800108                RELAY_4
 .rodata.RELAY_3
                0x0080010a        0x2 hcm_libraries/HwProperties.o
                0x0080010a                RELAY_3
 .rodata.RELAY_2
                0x0080010c        0x2 hcm_libraries/HwProperties.o
                0x0080010c                RELAY_2
 .rodata.RELAY_1
                0x0080010e        0x2 hcm_libraries/HwProperties.o
                0x0080010e                RELAY_1
 .rodata.ESP_PWR
                0x00800110        0x2 hcm_libraries/HwProperties.o
                0x00800110                ESP_PWR
 .rodata.SIM_PWR
                0x00800112        0x2 hcm_libraries/HwProperties.o
                0x00800112                SIM_PWR
 .rodata.EEPROM_SIZE
                0x00800114        0x2 hcm_libraries/HwProperties.o
                0x00800114                EEPROM_SIZE
 .rodata.HAS_SIM
                0x00800116        0x2 hcm_libraries/HwProperties.o
                0x00800116                HAS_SIM
 .rodata.HAS_ESP
                0x00800118        0x2 hcm_libraries/HwProperties.o
                0x00800118                HAS_ESP
 .rodata.NETWORK_APN
                0x0080011a        0x7 hcm_libraries/HwProperties.o
                0x0080011a                NETWORK_APN
 .rodata.NETWORK_PORT
                0x00800121        0x3 hcm_libraries/HwProperties.o
                0x00800121                NETWORK_PORT
 .rodata.NETWORK_HOST
                0x00800124       0x2d hcm_libraries/HwProperties.o
                0x00800124                NETWORK_HOST
 .rodata.NETWORK_PASSW
                0x00800151        0xb hcm_libraries/HwProperties.o
                0x00800151                NETWORK_PASSW
 .rodata.NETWORK_SSID
                0x0080015c        0x7 hcm_libraries/HwProperties.o
                0x0080015c                NETWORK_SSID
 .rodata.OUTPUT
                0x00800163        0x2 hcm_libraries/GlobalVariables.o
                0x00800163                OUTPUT
 .rodata.INPUT  0x00800165        0x2 hcm_libraries/GlobalVariables.o
                0x00800165                INPUT
 .rodata.DAYS_OF_MONTH
                0x00800167       0x18 hcm_libraries/GlobalVariables.o
                0x00800167                DAYS_OF_MONTH
 .rodata.FALSE  0x0080017f        0x2 hcm_libraries/GlobalVariables.o
                0x0080017f                FALSE
 .rodata.TRUE   0x00800181        0x2 hcm_libraries/GlobalVariables.o
                0x00800181                TRUE
 .rodata.SIM    0x00800183        0x2 hcm_libraries/GlobalVariables.o
                0x00800183                SIM
 .rodata.ESP    0x00800185        0x2 hcm_libraries/GlobalVariables.o
                0x00800185                ESP
 .rodata.BAUD_PRESCALE
                0x00800187        0x2 hcm_libraries/GlobalVariables.o
                0x00800187                BAUD_PRESCALE
 .rodata.str1.1
                0x00800189      0x401 hcm_libraries/Processes.o
                                0x40e (size before relaxing)
 .rodata.str1.1
                0x0080058a        0xf hcm_libraries/Utils.o
                                 0x18 (size before relaxing)
 .rodata.str1.1
                0x00800599       0x39 main.o
                                 0x46 (size before relaxing)
 *(.gnu.linkonce.d*)
                0x008005d2                . = ALIGN (0x2)
                0x008005d2                _edata = .
                0x008005d2                PROVIDE (__data_end, .)

.bss            0x008005d2      0x2db
                0x008005d2                PROVIDE (__bss_start, .)
 *(.bss)
 .bss           0x008005d2        0x2 c:/program files (x86)/atmel/studio/7.0/toolchain/avr8/avr8-gnu-toolchain/bin/../lib/gcc/avr/4.9.2/../../../../avr/lib/avr5\libc.a(strtok.o)
 *(.bss*)
 .bss.__system_time
                0x008005d4       0x18 hcm_libraries/GlobalVariables.o
                0x008005d4                __system_time
 .bss.__network_data
                0x008005ec      0x26e hcm_libraries/GlobalVariables.o
                0x008005ec                __network_data
 .bss.__system_var
                0x0080085a       0x53 hcm_libraries/GlobalVariables.o
                0x0080085a                __system_var
 *(COMMON)
                0x008008ad                PROVIDE (__bss_end, .)
                0x0000152a                __data_load_start = LOADADDR (.data)
                0x000019fc                __data_load_end = (__data_load_start + SIZEOF (.data))

.noinit         0x008008ad        0x0
                [!provide]                PROVIDE (__noinit_start, .)
 *(.noinit*)
                [!provide]                PROVIDE (__noinit_end, .)
                0x008008ad                _end = .
                0x008008ad                PROVIDE (__heap_start, .)

.eeprom         0x00810000        0x0
 *(.eeprom*)
                0x00810000                __eeprom_end = .

.fuse
 *(.fuse)
 *(.lfuse)
 *(.hfuse)
 *(.efuse)

.lock
 *(.lock*)

.signature
 *(.signature*)

.user_signatures
 *(.user_signatures*)

.stab
 *(.stab)

.stabstr
 *(.stabstr)

.stab.excl
 *(.stab.excl)

.stab.exclstr
 *(.stab.exclstr)

.stab.index
 *(.stab.index)

.stab.indexstr
 *(.stab.indexstr)

.comment        0x00000000       0x30
 *(.comment)
 .comment       0x00000000       0x30 hcm_libraries/EEPROMUtil.o
                                 0x31 (size before relaxing)
 .comment       0x00000030       0x31 hcm_libraries/HwProperties.o
 .comment       0x00000030       0x31 hcm_libraries/Network.o
 .comment       0x00000030       0x31 hcm_libraries/GlobalVariables.o
 .comment       0x00000030       0x31 hcm_libraries/Processes.o
 .comment       0x00000030       0x31 hcm_libraries/Utils.o
 .comment       0x00000030       0x31 main.o
 .comment       0x00000030       0x31 c:/program files (x86)/atmel/studio/7.0/toolchain/avr8/avr8-gnu-toolchain/bin/../lib/gcc/avr/4.9.2/../../../../avr/lib/avr5\libc.a(strtok.o)

.note.gnu.avr.deviceinfo
                0x00000000       0x40
 .note.gnu.avr.deviceinfo
                0x00000000       0x40 C:/Program Files (x86)/Atmel/Studio/7.0/Packs/atmel/ATmega_DFP/1.0.106/gcc/dev/atmega644pa/avr5/crtatmega644pa.o

.note.gnu.build-id
 *(.note.gnu.build-id)

.debug
 *(.debug)

.line
 *(.line)

.debug_srcinfo
 *(.debug_srcinfo)

.debug_sfnames
 *(.debug_sfnames)

.debug_aranges  0x00000000      0x278
 *(.debug_aranges)
 .debug_aranges
                0x00000000       0x50 hcm_libraries/EEPROMUtil.o
 .debug_aranges
                0x00000050       0x18 hcm_libraries/HwProperties.o
 .debug_aranges
                0x00000068       0x88 hcm_libraries/Network.o
 .debug_aranges
                0x000000f0       0x18 hcm_libraries/GlobalVariables.o
 .debug_aranges
                0x00000108       0x68 hcm_libraries/Processes.o
 .debug_aranges
                0x00000170       0xd0 hcm_libraries/Utils.o
 .debug_aranges
                0x00000240       0x38 main.o

.debug_pubnames
 *(.debug_pubnames)

.debug_info     0x00000000     0x61be
 *(.debug_info .gnu.linkonce.wi.*)
 .debug_info    0x00000000      0x959 hcm_libraries/EEPROMUtil.o
 .debug_info    0x00000959      0x220 hcm_libraries/HwProperties.o
 .debug_info    0x00000b79     0x1839 hcm_libraries/Network.o
 .debug_info    0x000023b2      0x613 hcm_libraries/GlobalVariables.o
 .debug_info    0x000029c5     0x1c45 hcm_libraries/Processes.o
 .debug_info    0x0000460a     0x1108 hcm_libraries/Utils.o
 .debug_info    0x00005712      0xaac main.o

.debug_abbrev   0x00000000      0xf23
 *(.debug_abbrev)
 .debug_abbrev  0x00000000      0x19a hcm_libraries/EEPROMUtil.o
 .debug_abbrev  0x0000019a       0x50 hcm_libraries/HwProperties.o
 .debug_abbrev  0x000001ea      0x390 hcm_libraries/Network.o
 .debug_abbrev  0x0000057a       0xc6 hcm_libraries/GlobalVariables.o
 .debug_abbrev  0x00000640      0x325 hcm_libraries/Processes.o
 .debug_abbrev  0x00000965      0x346 hcm_libraries/Utils.o
 .debug_abbrev  0x00000cab      0x278 main.o

.debug_line     0x00000000     0x244d
 *(.debug_line .debug_line.* .debug_line_end)
 .debug_line    0x00000000      0x485 hcm_libraries/EEPROMUtil.o
 .debug_line    0x00000485       0x3f hcm_libraries/HwProperties.o
 .debug_line    0x000004c4      0x891 hcm_libraries/Network.o
 .debug_line    0x00000d55       0x69 hcm_libraries/GlobalVariables.o
 .debug_line    0x00000dbe      0x8ee hcm_libraries/Processes.o
 .debug_line    0x000016ac      0xb2b hcm_libraries/Utils.o
 .debug_line    0x000021d7      0x276 main.o

.debug_frame    0x00000000      0x9b8
 *(.debug_frame)
 .debug_frame   0x00000000      0x200 hcm_libraries/EEPROMUtil.o
 .debug_frame   0x00000200      0x2f0 hcm_libraries/Network.o
 .debug_frame   0x000004f0      0x1ec hcm_libraries/Processes.o
 .debug_frame   0x000006dc      0x228 hcm_libraries/Utils.o
 .debug_frame   0x00000904       0xb4 main.o

.debug_str      0x00000000      0xfb6
 *(.debug_str)
 .debug_str     0x00000000      0x547 hcm_libraries/EEPROMUtil.o
                                0x5ae (size before relaxing)
 .debug_str     0x00000547       0xc5 hcm_libraries/HwProperties.o
                                0x23b (size before relaxing)
 .debug_str     0x0000060c      0x4b1 hcm_libraries/Network.o
                                0x923 (size before relaxing)
 .debug_str     0x00000abd       0x25 hcm_libraries/GlobalVariables.o
                                0x587 (size before relaxing)
 .debug_str     0x00000ae2      0x261 hcm_libraries/Processes.o
                                0x958 (size before relaxing)
 .debug_str     0x00000d43      0x204 hcm_libraries/Utils.o
                                0x98f (size before relaxing)
 .debug_str     0x00000f47       0x6f main.o
                                0x718 (size before relaxing)

.debug_loc      0x00000000     0x2cfb
 *(.debug_loc)
 .debug_loc     0x00000000      0xb41 hcm_libraries/EEPROMUtil.o
 .debug_loc     0x00000b41      0xe00 hcm_libraries/Network.o
 .debug_loc     0x00001941      0x9fb hcm_libraries/Processes.o
 .debug_loc     0x0000233c      0x772 hcm_libraries/Utils.o
 .debug_loc     0x00002aae      0x24d main.o

.debug_macinfo
 *(.debug_macinfo)

.debug_weaknames
 *(.debug_weaknames)

.debug_funcnames
 *(.debug_funcnames)

.debug_typenames
 *(.debug_typenames)

.debug_varnames
 *(.debug_varnames)

.debug_pubtypes
 *(.debug_pubtypes)

.debug_ranges   0x00000000      0x288
 *(.debug_ranges)
 .debug_ranges  0x00000000       0x70 hcm_libraries/EEPROMUtil.o
 .debug_ranges  0x00000070       0x78 hcm_libraries/Network.o
 .debug_ranges  0x000000e8       0x88 hcm_libraries/Processes.o
 .debug_ranges  0x00000170       0xd8 hcm_libraries/Utils.o
 .debug_ranges  0x00000248       0x40 main.o

.debug_macro
 *(.debug_macro)
OUTPUT(home_control_project.elf elf32-avr)
LOAD linker stubs
