Archive member included to satisfy reference by file (symbol)

c:/program files (x86)/atmel/studio/7.0/toolchain/avr8/avr8-gnu-toolchain/bin/../lib/gcc/avr/4.9.2/avr51\libgcc.a(_exit.o)
                              C:/Program Files (x86)/Atmel/Studio/7.0/Packs/atmel/ATmega_DFP/1.0.106/gcc/dev/atmega1284p/avr51/crtatmega1284p.o (exit)
c:/program files (x86)/atmel/studio/7.0/toolchain/avr8/avr8-gnu-toolchain/bin/../lib/gcc/avr/4.9.2/avr51\libgcc.a(_tablejump2.o)
                              hcm_libraries/Network.o (__tablejump2__)
c:/program files (x86)/atmel/studio/7.0/toolchain/avr8/avr8-gnu-toolchain/bin/../lib/gcc/avr/4.9.2/avr51\libgcc.a(_copy_data.o)
                              hcm_libraries/EEPROMUtil.o (__do_copy_data)
c:/program files (x86)/atmel/studio/7.0/toolchain/avr8/avr8-gnu-toolchain/bin/../lib/gcc/avr/4.9.2/avr51\libgcc.a(_clear_bss.o)
                              hcm_libraries/GlobalVariables.o (__do_clear_bss)
c:/program files (x86)/atmel/studio/7.0/toolchain/avr8/avr8-gnu-toolchain/bin/../lib/gcc/avr/4.9.2/../../../../avr/lib/avr51\libc.a(malloc.o)
                              hcm_libraries/Network.o (malloc)
c:/program files (x86)/atmel/studio/7.0/toolchain/avr8/avr8-gnu-toolchain/bin/../lib/gcc/avr/4.9.2/../../../../avr/lib/avr51\libc.a(atoi.o)
                              hcm_libraries/EEPROMUtil.o (atoi)
c:/program files (x86)/atmel/studio/7.0/toolchain/avr8/avr8-gnu-toolchain/bin/../lib/gcc/avr/4.9.2/../../../../avr/lib/avr51\libc.a(isalpha.o)
                              hcm_libraries/Processes.o (isalpha)
c:/program files (x86)/atmel/studio/7.0/toolchain/avr8/avr8-gnu-toolchain/bin/../lib/gcc/avr/4.9.2/../../../../avr/lib/avr51\libc.a(strtok.o)
                              hcm_libraries/EEPROMUtil.o (strtok)
c:/program files (x86)/atmel/studio/7.0/toolchain/avr8/avr8-gnu-toolchain/bin/../lib/gcc/avr/4.9.2/../../../../avr/lib/avr51\libc.a(memset.o)
                              hcm_libraries/Processes.o (memset)
c:/program files (x86)/atmel/studio/7.0/toolchain/avr8/avr8-gnu-toolchain/bin/../lib/gcc/avr/4.9.2/../../../../avr/lib/avr51\libc.a(strcat.o)
                              hcm_libraries/Network.o (strcat)
c:/program files (x86)/atmel/studio/7.0/toolchain/avr8/avr8-gnu-toolchain/bin/../lib/gcc/avr/4.9.2/../../../../avr/lib/avr51\libc.a(strchr.o)
                              hcm_libraries/EEPROMUtil.o (strchr)
c:/program files (x86)/atmel/studio/7.0/toolchain/avr8/avr8-gnu-toolchain/bin/../lib/gcc/avr/4.9.2/../../../../avr/lib/avr51\libc.a(strcpy.o)
                              hcm_libraries/EEPROMUtil.o (strcpy)
c:/program files (x86)/atmel/studio/7.0/toolchain/avr8/avr8-gnu-toolchain/bin/../lib/gcc/avr/4.9.2/../../../../avr/lib/avr51\libc.a(strstr.o)
                              hcm_libraries/EEPROMUtil.o (strstr)
c:/program files (x86)/atmel/studio/7.0/toolchain/avr8/avr8-gnu-toolchain/bin/../lib/gcc/avr/4.9.2/../../../../avr/lib/avr51\libc.a(strtok_r.o)
                              hcm_libraries/EEPROMUtil.o (strtok_r)
c:/program files (x86)/atmel/studio/7.0/toolchain/avr8/avr8-gnu-toolchain/bin/../lib/gcc/avr/4.9.2/../../../../avr/lib/avr51\libc.a(itoa_ncheck.o)
                              hcm_libraries/Network.o (__itoa_ncheck)
c:/program files (x86)/atmel/studio/7.0/toolchain/avr8/avr8-gnu-toolchain/bin/../lib/gcc/avr/4.9.2/../../../../avr/lib/avr51\libc.a(mul10.o)
                              c:/program files (x86)/atmel/studio/7.0/toolchain/avr8/avr8-gnu-toolchain/bin/../lib/gcc/avr/4.9.2/../../../../avr/lib/avr51\libc.a(atoi.o) (__mulhi_const_10)
c:/program files (x86)/atmel/studio/7.0/toolchain/avr8/avr8-gnu-toolchain/bin/../lib/gcc/avr/4.9.2/../../../../avr/lib/avr51\libc.a(utoa_ncheck.o)
                              c:/program files (x86)/atmel/studio/7.0/toolchain/avr8/avr8-gnu-toolchain/bin/../lib/gcc/avr/4.9.2/../../../../avr/lib/avr51\libc.a(itoa_ncheck.o) (__utoa_common)
c:/program files (x86)/atmel/studio/7.0/toolchain/avr8/avr8-gnu-toolchain/bin/../lib/gcc/avr/4.9.2/../../../../avr/lib/avr51\libc.a(cty_isfalse.o)
                              c:/program files (x86)/atmel/studio/7.0/toolchain/avr8/avr8-gnu-toolchain/bin/../lib/gcc/avr/4.9.2/../../../../avr/lib/avr51\libc.a(isalpha.o) (__ctype_isfalse)
c:/program files (x86)/atmel/studio/7.0/toolchain/avr8/avr8-gnu-toolchain/bin/../lib/gcc/avr/4.9.2/../../../../avr/lib/avr51\libc.a(strrev.o)
                              c:/program files (x86)/atmel/studio/7.0/toolchain/avr8/avr8-gnu-toolchain/bin/../lib/gcc/avr/4.9.2/../../../../avr/lib/avr51\libc.a(utoa_ncheck.o) (strrev)
C:/Program Files (x86)/Atmel/Studio/7.0/Packs/atmel/ATmega_DFP/1.0.106/gcc/dev/atmega1284p/avr51\libatmega1284p.a(eerd_byte.o)
                              hcm_libraries/EEPROMUtil.o (eeprom_read_byte)
C:/Program Files (x86)/Atmel/Studio/7.0/Packs/atmel/ATmega_DFP/1.0.106/gcc/dev/atmega1284p/avr51\libatmega1284p.a(eewr_byte.o)
                              hcm_libraries/EEPROMUtil.o (eeprom_write_byte)

Allocating common symbols
Common symbol       size              file

__brkval            0x2               c:/program files (x86)/atmel/studio/7.0/toolchain/avr8/avr8-gnu-toolchain/bin/../lib/gcc/avr/4.9.2/../../../../avr/lib/avr51\libc.a(malloc.o)
__flp               0x2               c:/program files (x86)/atmel/studio/7.0/toolchain/avr8/avr8-gnu-toolchain/bin/../lib/gcc/avr/4.9.2/../../../../avr/lib/avr51\libc.a(malloc.o)

Discarded input sections

 .data          0x00000000        0x0 C:/Program Files (x86)/Atmel/Studio/7.0/Packs/atmel/ATmega_DFP/1.0.106/gcc/dev/atmega1284p/avr51/crtatmega1284p.o
 .bss           0x00000000        0x0 C:/Program Files (x86)/Atmel/Studio/7.0/Packs/atmel/ATmega_DFP/1.0.106/gcc/dev/atmega1284p/avr51/crtatmega1284p.o
 .text          0x00000000        0x0 hcm_libraries/EEPROMUtil.o
 .data          0x00000000        0x0 hcm_libraries/EEPROMUtil.o
 .bss           0x00000000        0x0 hcm_libraries/EEPROMUtil.o
 .text._Z9getUserIdPKc
                0x00000000       0xd6 hcm_libraries/EEPROMUtil.o
 .text._Z13getCallAccessPKcPc
                0x00000000       0xe2 hcm_libraries/EEPROMUtil.o
 .text._Z17verifyRelayAccessPccc
                0x00000000       0x6a hcm_libraries/EEPROMUtil.o
 .text          0x00000000        0x0 hcm_libraries/HwProperties.o
 .data          0x00000000        0x0 hcm_libraries/HwProperties.o
 .bss           0x00000000        0x0 hcm_libraries/HwProperties.o
 .rodata.VCC_DETECT
                0x00000000        0x2 hcm_libraries/HwProperties.o
 .rodata.WS28_DATA
                0x00000000        0x2 hcm_libraries/HwProperties.o
 .rodata.HAS_WS28
                0x00000000        0x2 hcm_libraries/HwProperties.o
 .rodata.RECONNECT_TIMER
                0x00000000        0x2 hcm_libraries/HwProperties.o
 .text          0x00000000        0x0 hcm_libraries/Network.o
 .data          0x00000000        0x0 hcm_libraries/Network.o
 .bss           0x00000000        0x0 hcm_libraries/Network.o
 .text._Z13connectToGprsPKc
                0x00000000       0x9a hcm_libraries/Network.o
 .text          0x00000000        0x0 hcm_libraries/GlobalVariables.o
 .data          0x00000000        0x0 hcm_libraries/GlobalVariables.o
 .bss           0x00000000        0x0 hcm_libraries/GlobalVariables.o
 .rodata.END_RECIEVE
                0x00000000        0x1 hcm_libraries/GlobalVariables.o
 .rodata.GPRS_CONNECTED
                0x00000000        0x2 hcm_libraries/GlobalVariables.o
 .rodata.WIFI_CONNECTED
                0x00000000        0x2 hcm_libraries/GlobalVariables.o
 .rodata.SERVER_CONNECTED
                0x00000000        0x2 hcm_libraries/GlobalVariables.o
 .rodata.USART_BAUDRATE
                0x00000000        0x2 hcm_libraries/GlobalVariables.o
 .text          0x00000000        0x0 hcm_libraries/Processes.o
 .data          0x00000000        0x0 hcm_libraries/Processes.o
 .bss           0x00000000        0x0 hcm_libraries/Processes.o
 .text._Z7SendSmsPcS_S_
                0x00000000       0x92 hcm_libraries/Processes.o
 .text          0x00000000        0x0 hcm_libraries/SPI.o
 .data          0x00000000        0x0 hcm_libraries/SPI.o
 .bss           0x00000000        0x0 hcm_libraries/SPI.o
 .text._Z9SPI_Writeh
                0x00000000        0xa hcm_libraries/SPI.o
 .text          0x00000000        0x0 hcm_libraries/Utils.o
 .data          0x00000000        0x0 hcm_libraries/Utils.o
 .bss           0x00000000        0x0 hcm_libraries/Utils.o
 .text._Z18USART1_ReceiveBytev
                0x00000000       0x10 hcm_libraries/Utils.o
 .text._Z18USART0_ReceiveBytev
                0x00000000       0x10 hcm_libraries/Utils.o
 .text._Z15WIFI_Write_Bytec
                0x00000000       0x20 hcm_libraries/Utils.o
 .text._Z14GSM_Write_Bytec
                0x00000000       0x20 hcm_libraries/Utils.o
 .text._Z8espPowercc
                0x00000000        0x8 hcm_libraries/Utils.o
 .text._Z19readNetworkSettingsv
                0x00000000      0x16e hcm_libraries/Utils.o
 .text._Z15clearWIFIBufferv
                0x00000000       0x1e hcm_libraries/Utils.o
 .text          0x00000000        0x0 main.o
 .data          0x00000000        0x0 main.o
 .bss           0x00000000        0x0 main.o
 .text._Z12decodeBufferc
                0x00000000        0x2 main.o
 .text          0x00000000        0x0 c:/program files (x86)/atmel/studio/7.0/toolchain/avr8/avr8-gnu-toolchain/bin/../lib/gcc/avr/4.9.2/avr51\libgcc.a(_exit.o)
 .data          0x00000000        0x0 c:/program files (x86)/atmel/studio/7.0/toolchain/avr8/avr8-gnu-toolchain/bin/../lib/gcc/avr/4.9.2/avr51\libgcc.a(_exit.o)
 .bss           0x00000000        0x0 c:/program files (x86)/atmel/studio/7.0/toolchain/avr8/avr8-gnu-toolchain/bin/../lib/gcc/avr/4.9.2/avr51\libgcc.a(_exit.o)
 .text.libgcc.mul
                0x00000000        0x0 c:/program files (x86)/atmel/studio/7.0/toolchain/avr8/avr8-gnu-toolchain/bin/../lib/gcc/avr/4.9.2/avr51\libgcc.a(_exit.o)
 .text.libgcc.div
                0x00000000        0x0 c:/program files (x86)/atmel/studio/7.0/toolchain/avr8/avr8-gnu-toolchain/bin/../lib/gcc/avr/4.9.2/avr51\libgcc.a(_exit.o)
 .text.libgcc   0x00000000        0x0 c:/program files (x86)/atmel/studio/7.0/toolchain/avr8/avr8-gnu-toolchain/bin/../lib/gcc/avr/4.9.2/avr51\libgcc.a(_exit.o)
 .text.libgcc.prologue
                0x00000000        0x0 c:/program files (x86)/atmel/studio/7.0/toolchain/avr8/avr8-gnu-toolchain/bin/../lib/gcc/avr/4.9.2/avr51\libgcc.a(_exit.o)
 .text.libgcc.builtins
                0x00000000        0x0 c:/program files (x86)/atmel/studio/7.0/toolchain/avr8/avr8-gnu-toolchain/bin/../lib/gcc/avr/4.9.2/avr51\libgcc.a(_exit.o)
 .text.libgcc.fmul
                0x00000000        0x0 c:/program files (x86)/atmel/studio/7.0/toolchain/avr8/avr8-gnu-toolchain/bin/../lib/gcc/avr/4.9.2/avr51\libgcc.a(_exit.o)
 .text.libgcc.fixed
                0x00000000        0x0 c:/program files (x86)/atmel/studio/7.0/toolchain/avr8/avr8-gnu-toolchain/bin/../lib/gcc/avr/4.9.2/avr51\libgcc.a(_exit.o)
 .text          0x00000000        0x0 c:/program files (x86)/atmel/studio/7.0/toolchain/avr8/avr8-gnu-toolchain/bin/../lib/gcc/avr/4.9.2/avr51\libgcc.a(_tablejump2.o)
 .data          0x00000000        0x0 c:/program files (x86)/atmel/studio/7.0/toolchain/avr8/avr8-gnu-toolchain/bin/../lib/gcc/avr/4.9.2/avr51\libgcc.a(_tablejump2.o)
 .bss           0x00000000        0x0 c:/program files (x86)/atmel/studio/7.0/toolchain/avr8/avr8-gnu-toolchain/bin/../lib/gcc/avr/4.9.2/avr51\libgcc.a(_tablejump2.o)
 .text.libgcc.mul
                0x00000000        0x0 c:/program files (x86)/atmel/studio/7.0/toolchain/avr8/avr8-gnu-toolchain/bin/../lib/gcc/avr/4.9.2/avr51\libgcc.a(_tablejump2.o)
 .text.libgcc.div
                0x00000000        0x0 c:/program files (x86)/atmel/studio/7.0/toolchain/avr8/avr8-gnu-toolchain/bin/../lib/gcc/avr/4.9.2/avr51\libgcc.a(_tablejump2.o)
 .text.libgcc.prologue
                0x00000000        0x0 c:/program files (x86)/atmel/studio/7.0/toolchain/avr8/avr8-gnu-toolchain/bin/../lib/gcc/avr/4.9.2/avr51\libgcc.a(_tablejump2.o)
 .text.libgcc.builtins
                0x00000000        0x0 c:/program files (x86)/atmel/studio/7.0/toolchain/avr8/avr8-gnu-toolchain/bin/../lib/gcc/avr/4.9.2/avr51\libgcc.a(_tablejump2.o)
 .text.libgcc.fmul
                0x00000000        0x0 c:/program files (x86)/atmel/studio/7.0/toolchain/avr8/avr8-gnu-toolchain/bin/../lib/gcc/avr/4.9.2/avr51\libgcc.a(_tablejump2.o)
 .text.libgcc.fixed
                0x00000000        0x0 c:/program files (x86)/atmel/studio/7.0/toolchain/avr8/avr8-gnu-toolchain/bin/../lib/gcc/avr/4.9.2/avr51\libgcc.a(_tablejump2.o)
 .text          0x00000000        0x0 c:/program files (x86)/atmel/studio/7.0/toolchain/avr8/avr8-gnu-toolchain/bin/../lib/gcc/avr/4.9.2/avr51\libgcc.a(_copy_data.o)
 .data          0x00000000        0x0 c:/program files (x86)/atmel/studio/7.0/toolchain/avr8/avr8-gnu-toolchain/bin/../lib/gcc/avr/4.9.2/avr51\libgcc.a(_copy_data.o)
 .bss           0x00000000        0x0 c:/program files (x86)/atmel/studio/7.0/toolchain/avr8/avr8-gnu-toolchain/bin/../lib/gcc/avr/4.9.2/avr51\libgcc.a(_copy_data.o)
 .text.libgcc.mul
                0x00000000        0x0 c:/program files (x86)/atmel/studio/7.0/toolchain/avr8/avr8-gnu-toolchain/bin/../lib/gcc/avr/4.9.2/avr51\libgcc.a(_copy_data.o)
 .text.libgcc.div
                0x00000000        0x0 c:/program files (x86)/atmel/studio/7.0/toolchain/avr8/avr8-gnu-toolchain/bin/../lib/gcc/avr/4.9.2/avr51\libgcc.a(_copy_data.o)
 .text.libgcc   0x00000000        0x0 c:/program files (x86)/atmel/studio/7.0/toolchain/avr8/avr8-gnu-toolchain/bin/../lib/gcc/avr/4.9.2/avr51\libgcc.a(_copy_data.o)
 .text.libgcc.prologue
                0x00000000        0x0 c:/program files (x86)/atmel/studio/7.0/toolchain/avr8/avr8-gnu-toolchain/bin/../lib/gcc/avr/4.9.2/avr51\libgcc.a(_copy_data.o)
 .text.libgcc.builtins
                0x00000000        0x0 c:/program files (x86)/atmel/studio/7.0/toolchain/avr8/avr8-gnu-toolchain/bin/../lib/gcc/avr/4.9.2/avr51\libgcc.a(_copy_data.o)
 .text.libgcc.fmul
                0x00000000        0x0 c:/program files (x86)/atmel/studio/7.0/toolchain/avr8/avr8-gnu-toolchain/bin/../lib/gcc/avr/4.9.2/avr51\libgcc.a(_copy_data.o)
 .text.libgcc.fixed
                0x00000000        0x0 c:/program files (x86)/atmel/studio/7.0/toolchain/avr8/avr8-gnu-toolchain/bin/../lib/gcc/avr/4.9.2/avr51\libgcc.a(_copy_data.o)
 .text          0x00000000        0x0 c:/program files (x86)/atmel/studio/7.0/toolchain/avr8/avr8-gnu-toolchain/bin/../lib/gcc/avr/4.9.2/avr51\libgcc.a(_clear_bss.o)
 .data          0x00000000        0x0 c:/program files (x86)/atmel/studio/7.0/toolchain/avr8/avr8-gnu-toolchain/bin/../lib/gcc/avr/4.9.2/avr51\libgcc.a(_clear_bss.o)
 .bss           0x00000000        0x0 c:/program files (x86)/atmel/studio/7.0/toolchain/avr8/avr8-gnu-toolchain/bin/../lib/gcc/avr/4.9.2/avr51\libgcc.a(_clear_bss.o)
 .text.libgcc.mul
                0x00000000        0x0 c:/program files (x86)/atmel/studio/7.0/toolchain/avr8/avr8-gnu-toolchain/bin/../lib/gcc/avr/4.9.2/avr51\libgcc.a(_clear_bss.o)
 .text.libgcc.div
                0x00000000        0x0 c:/program files (x86)/atmel/studio/7.0/toolchain/avr8/avr8-gnu-toolchain/bin/../lib/gcc/avr/4.9.2/avr51\libgcc.a(_clear_bss.o)
 .text.libgcc   0x00000000        0x0 c:/program files (x86)/atmel/studio/7.0/toolchain/avr8/avr8-gnu-toolchain/bin/../lib/gcc/avr/4.9.2/avr51\libgcc.a(_clear_bss.o)
 .text.libgcc.prologue
                0x00000000        0x0 c:/program files (x86)/atmel/studio/7.0/toolchain/avr8/avr8-gnu-toolchain/bin/../lib/gcc/avr/4.9.2/avr51\libgcc.a(_clear_bss.o)
 .text.libgcc.builtins
                0x00000000        0x0 c:/program files (x86)/atmel/studio/7.0/toolchain/avr8/avr8-gnu-toolchain/bin/../lib/gcc/avr/4.9.2/avr51\libgcc.a(_clear_bss.o)
 .text.libgcc.fmul
                0x00000000        0x0 c:/program files (x86)/atmel/studio/7.0/toolchain/avr8/avr8-gnu-toolchain/bin/../lib/gcc/avr/4.9.2/avr51\libgcc.a(_clear_bss.o)
 .text.libgcc.fixed
                0x00000000        0x0 c:/program files (x86)/atmel/studio/7.0/toolchain/avr8/avr8-gnu-toolchain/bin/../lib/gcc/avr/4.9.2/avr51\libgcc.a(_clear_bss.o)
 .text          0x00000000        0x0 c:/program files (x86)/atmel/studio/7.0/toolchain/avr8/avr8-gnu-toolchain/bin/../lib/gcc/avr/4.9.2/../../../../avr/lib/avr51\libc.a(malloc.o)
 .bss           0x00000000        0x0 c:/program files (x86)/atmel/studio/7.0/toolchain/avr8/avr8-gnu-toolchain/bin/../lib/gcc/avr/4.9.2/../../../../avr/lib/avr51\libc.a(malloc.o)
 .text          0x00000000        0x0 c:/program files (x86)/atmel/studio/7.0/toolchain/avr8/avr8-gnu-toolchain/bin/../lib/gcc/avr/4.9.2/../../../../avr/lib/avr51\libc.a(atoi.o)
 .data          0x00000000        0x0 c:/program files (x86)/atmel/studio/7.0/toolchain/avr8/avr8-gnu-toolchain/bin/../lib/gcc/avr/4.9.2/../../../../avr/lib/avr51\libc.a(atoi.o)
 .bss           0x00000000        0x0 c:/program files (x86)/atmel/studio/7.0/toolchain/avr8/avr8-gnu-toolchain/bin/../lib/gcc/avr/4.9.2/../../../../avr/lib/avr51\libc.a(atoi.o)
 .text          0x00000000        0x0 c:/program files (x86)/atmel/studio/7.0/toolchain/avr8/avr8-gnu-toolchain/bin/../lib/gcc/avr/4.9.2/../../../../avr/lib/avr51\libc.a(isalpha.o)
 .data          0x00000000        0x0 c:/program files (x86)/atmel/studio/7.0/toolchain/avr8/avr8-gnu-toolchain/bin/../lib/gcc/avr/4.9.2/../../../../avr/lib/avr51\libc.a(isalpha.o)
 .bss           0x00000000        0x0 c:/program files (x86)/atmel/studio/7.0/toolchain/avr8/avr8-gnu-toolchain/bin/../lib/gcc/avr/4.9.2/../../../../avr/lib/avr51\libc.a(isalpha.o)
 .text          0x00000000        0x0 c:/program files (x86)/atmel/studio/7.0/toolchain/avr8/avr8-gnu-toolchain/bin/../lib/gcc/avr/4.9.2/../../../../avr/lib/avr51\libc.a(strtok.o)
 .data          0x00000000        0x0 c:/program files (x86)/atmel/studio/7.0/toolchain/avr8/avr8-gnu-toolchain/bin/../lib/gcc/avr/4.9.2/../../../../avr/lib/avr51\libc.a(strtok.o)
 .text          0x00000000        0x0 c:/program files (x86)/atmel/studio/7.0/toolchain/avr8/avr8-gnu-toolchain/bin/../lib/gcc/avr/4.9.2/../../../../avr/lib/avr51\libc.a(memset.o)
 .data          0x00000000        0x0 c:/program files (x86)/atmel/studio/7.0/toolchain/avr8/avr8-gnu-toolchain/bin/../lib/gcc/avr/4.9.2/../../../../avr/lib/avr51\libc.a(memset.o)
 .bss           0x00000000        0x0 c:/program files (x86)/atmel/studio/7.0/toolchain/avr8/avr8-gnu-toolchain/bin/../lib/gcc/avr/4.9.2/../../../../avr/lib/avr51\libc.a(memset.o)
 .text          0x00000000        0x0 c:/program files (x86)/atmel/studio/7.0/toolchain/avr8/avr8-gnu-toolchain/bin/../lib/gcc/avr/4.9.2/../../../../avr/lib/avr51\libc.a(strcat.o)
 .data          0x00000000        0x0 c:/program files (x86)/atmel/studio/7.0/toolchain/avr8/avr8-gnu-toolchain/bin/../lib/gcc/avr/4.9.2/../../../../avr/lib/avr51\libc.a(strcat.o)
 .bss           0x00000000        0x0 c:/program files (x86)/atmel/studio/7.0/toolchain/avr8/avr8-gnu-toolchain/bin/../lib/gcc/avr/4.9.2/../../../../avr/lib/avr51\libc.a(strcat.o)
 .text          0x00000000        0x0 c:/program files (x86)/atmel/studio/7.0/toolchain/avr8/avr8-gnu-toolchain/bin/../lib/gcc/avr/4.9.2/../../../../avr/lib/avr51\libc.a(strchr.o)
 .data          0x00000000        0x0 c:/program files (x86)/atmel/studio/7.0/toolchain/avr8/avr8-gnu-toolchain/bin/../lib/gcc/avr/4.9.2/../../../../avr/lib/avr51\libc.a(strchr.o)
 .bss           0x00000000        0x0 c:/program files (x86)/atmel/studio/7.0/toolchain/avr8/avr8-gnu-toolchain/bin/../lib/gcc/avr/4.9.2/../../../../avr/lib/avr51\libc.a(strchr.o)
 .text          0x00000000        0x0 c:/program files (x86)/atmel/studio/7.0/toolchain/avr8/avr8-gnu-toolchain/bin/../lib/gcc/avr/4.9.2/../../../../avr/lib/avr51\libc.a(strcpy.o)
 .data          0x00000000        0x0 c:/program files (x86)/atmel/studio/7.0/toolchain/avr8/avr8-gnu-toolchain/bin/../lib/gcc/avr/4.9.2/../../../../avr/lib/avr51\libc.a(strcpy.o)
 .bss           0x00000000        0x0 c:/program files (x86)/atmel/studio/7.0/toolchain/avr8/avr8-gnu-toolchain/bin/../lib/gcc/avr/4.9.2/../../../../avr/lib/avr51\libc.a(strcpy.o)
 .text          0x00000000        0x0 c:/program files (x86)/atmel/studio/7.0/toolchain/avr8/avr8-gnu-toolchain/bin/../lib/gcc/avr/4.9.2/../../../../avr/lib/avr51\libc.a(strstr.o)
 .data          0x00000000        0x0 c:/program files (x86)/atmel/studio/7.0/toolchain/avr8/avr8-gnu-toolchain/bin/../lib/gcc/avr/4.9.2/../../../../avr/lib/avr51\libc.a(strstr.o)
 .bss           0x00000000        0x0 c:/program files (x86)/atmel/studio/7.0/toolchain/avr8/avr8-gnu-toolchain/bin/../lib/gcc/avr/4.9.2/../../../../avr/lib/avr51\libc.a(strstr.o)
 .text          0x00000000        0x0 c:/program files (x86)/atmel/studio/7.0/toolchain/avr8/avr8-gnu-toolchain/bin/../lib/gcc/avr/4.9.2/../../../../avr/lib/avr51\libc.a(strtok_r.o)
 .data          0x00000000        0x0 c:/program files (x86)/atmel/studio/7.0/toolchain/avr8/avr8-gnu-toolchain/bin/../lib/gcc/avr/4.9.2/../../../../avr/lib/avr51\libc.a(strtok_r.o)
 .bss           0x00000000        0x0 c:/program files (x86)/atmel/studio/7.0/toolchain/avr8/avr8-gnu-toolchain/bin/../lib/gcc/avr/4.9.2/../../../../avr/lib/avr51\libc.a(strtok_r.o)
 .text          0x00000000        0x0 c:/program files (x86)/atmel/studio/7.0/toolchain/avr8/avr8-gnu-toolchain/bin/../lib/gcc/avr/4.9.2/../../../../avr/lib/avr51\libc.a(itoa_ncheck.o)
 .data          0x00000000        0x0 c:/program files (x86)/atmel/studio/7.0/toolchain/avr8/avr8-gnu-toolchain/bin/../lib/gcc/avr/4.9.2/../../../../avr/lib/avr51\libc.a(itoa_ncheck.o)
 .bss           0x00000000        0x0 c:/program files (x86)/atmel/studio/7.0/toolchain/avr8/avr8-gnu-toolchain/bin/../lib/gcc/avr/4.9.2/../../../../avr/lib/avr51\libc.a(itoa_ncheck.o)
 .text          0x00000000        0x0 c:/program files (x86)/atmel/studio/7.0/toolchain/avr8/avr8-gnu-toolchain/bin/../lib/gcc/avr/4.9.2/../../../../avr/lib/avr51\libc.a(mul10.o)
 .data          0x00000000        0x0 c:/program files (x86)/atmel/studio/7.0/toolchain/avr8/avr8-gnu-toolchain/bin/../lib/gcc/avr/4.9.2/../../../../avr/lib/avr51\libc.a(mul10.o)
 .bss           0x00000000        0x0 c:/program files (x86)/atmel/studio/7.0/toolchain/avr8/avr8-gnu-toolchain/bin/../lib/gcc/avr/4.9.2/../../../../avr/lib/avr51\libc.a(mul10.o)
 .text          0x00000000        0x0 c:/program files (x86)/atmel/studio/7.0/toolchain/avr8/avr8-gnu-toolchain/bin/../lib/gcc/avr/4.9.2/../../../../avr/lib/avr51\libc.a(utoa_ncheck.o)
 .data          0x00000000        0x0 c:/program files (x86)/atmel/studio/7.0/toolchain/avr8/avr8-gnu-toolchain/bin/../lib/gcc/avr/4.9.2/../../../../avr/lib/avr51\libc.a(utoa_ncheck.o)
 .bss           0x00000000        0x0 c:/program files (x86)/atmel/studio/7.0/toolchain/avr8/avr8-gnu-toolchain/bin/../lib/gcc/avr/4.9.2/../../../../avr/lib/avr51\libc.a(utoa_ncheck.o)
 .text          0x00000000        0x0 c:/program files (x86)/atmel/studio/7.0/toolchain/avr8/avr8-gnu-toolchain/bin/../lib/gcc/avr/4.9.2/../../../../avr/lib/avr51\libc.a(cty_isfalse.o)
 .data          0x00000000        0x0 c:/program files (x86)/atmel/studio/7.0/toolchain/avr8/avr8-gnu-toolchain/bin/../lib/gcc/avr/4.9.2/../../../../avr/lib/avr51\libc.a(cty_isfalse.o)
 .bss           0x00000000        0x0 c:/program files (x86)/atmel/studio/7.0/toolchain/avr8/avr8-gnu-toolchain/bin/../lib/gcc/avr/4.9.2/../../../../avr/lib/avr51\libc.a(cty_isfalse.o)
 .text          0x00000000        0x0 c:/program files (x86)/atmel/studio/7.0/toolchain/avr8/avr8-gnu-toolchain/bin/../lib/gcc/avr/4.9.2/../../../../avr/lib/avr51\libc.a(strrev.o)
 .data          0x00000000        0x0 c:/program files (x86)/atmel/studio/7.0/toolchain/avr8/avr8-gnu-toolchain/bin/../lib/gcc/avr/4.9.2/../../../../avr/lib/avr51\libc.a(strrev.o)
 .bss           0x00000000        0x0 c:/program files (x86)/atmel/studio/7.0/toolchain/avr8/avr8-gnu-toolchain/bin/../lib/gcc/avr/4.9.2/../../../../avr/lib/avr51\libc.a(strrev.o)
 .text          0x00000000        0x0 C:/Program Files (x86)/Atmel/Studio/7.0/Packs/atmel/ATmega_DFP/1.0.106/gcc/dev/atmega1284p/avr51\libatmega1284p.a(eerd_byte.o)
 .data          0x00000000        0x0 C:/Program Files (x86)/Atmel/Studio/7.0/Packs/atmel/ATmega_DFP/1.0.106/gcc/dev/atmega1284p/avr51\libatmega1284p.a(eerd_byte.o)
 .bss           0x00000000        0x0 C:/Program Files (x86)/Atmel/Studio/7.0/Packs/atmel/ATmega_DFP/1.0.106/gcc/dev/atmega1284p/avr51\libatmega1284p.a(eerd_byte.o)
 .text          0x00000000        0x0 C:/Program Files (x86)/Atmel/Studio/7.0/Packs/atmel/ATmega_DFP/1.0.106/gcc/dev/atmega1284p/avr51\libatmega1284p.a(eewr_byte.o)
 .data          0x00000000        0x0 C:/Program Files (x86)/Atmel/Studio/7.0/Packs/atmel/ATmega_DFP/1.0.106/gcc/dev/atmega1284p/avr51\libatmega1284p.a(eewr_byte.o)
 .bss           0x00000000        0x0 C:/Program Files (x86)/Atmel/Studio/7.0/Packs/atmel/ATmega_DFP/1.0.106/gcc/dev/atmega1284p/avr51\libatmega1284p.a(eewr_byte.o)

Memory Configuration

Name             Origin             Length             Attributes
text             0x00000000         0x00020000         xr
data             0x00800100         0x0000ff00         rw !x
eeprom           0x00810000         0x00010000         rw !x
fuse             0x00820000         0x00000400         rw !x
lock             0x00830000         0x00000400         rw !x
signature        0x00840000         0x00000400         rw !x
user_signatures  0x00850000         0x00000400         rw !x
*default*        0x00000000         0xffffffff

Linker script and memory map

Address of section .data set to 0x800100
LOAD C:/Program Files (x86)/Atmel/Studio/7.0/Packs/atmel/ATmega_DFP/1.0.106/gcc/dev/atmega1284p/avr51/crtatmega1284p.o
LOAD hcm_libraries/EEPROMUtil.o
LOAD hcm_libraries/HwProperties.o
LOAD hcm_libraries/Network.o
LOAD hcm_libraries/GlobalVariables.o
LOAD hcm_libraries/Processes.o
LOAD hcm_libraries/SPI.o
LOAD hcm_libraries/Utils.o
LOAD main.o
START GROUP
LOAD c:/program files (x86)/atmel/studio/7.0/toolchain/avr8/avr8-gnu-toolchain/bin/../lib/gcc/avr/4.9.2/../../../../avr/lib/avr51\libm.a
END GROUP
LOAD c:/program files (x86)/atmel/studio/7.0/toolchain/avr8/avr8-gnu-toolchain/bin/../lib/gcc/avr/4.9.2/avr51\libgcc.a
LOAD c:/program files (x86)/atmel/studio/7.0/toolchain/avr8/avr8-gnu-toolchain/bin/../lib/gcc/avr/4.9.2/../../../../avr/lib/avr51\libm.a
START GROUP
LOAD c:/program files (x86)/atmel/studio/7.0/toolchain/avr8/avr8-gnu-toolchain/bin/../lib/gcc/avr/4.9.2/avr51\libgcc.a
LOAD c:/program files (x86)/atmel/studio/7.0/toolchain/avr8/avr8-gnu-toolchain/bin/../lib/gcc/avr/4.9.2/../../../../avr/lib/avr51\libm.a
LOAD c:/program files (x86)/atmel/studio/7.0/toolchain/avr8/avr8-gnu-toolchain/bin/../lib/gcc/avr/4.9.2/../../../../avr/lib/avr51\libc.a
LOAD C:/Program Files (x86)/Atmel/Studio/7.0/Packs/atmel/ATmega_DFP/1.0.106/gcc/dev/atmega1284p/avr51\libatmega1284p.a
END GROUP
                0x00020000                __TEXT_REGION_LENGTH__ = DEFINED (__TEXT_REGION_LENGTH__)?__TEXT_REGION_LENGTH__:0x20000
                0x0000ff00                __DATA_REGION_LENGTH__ = DEFINED (__DATA_REGION_LENGTH__)?__DATA_REGION_LENGTH__:0xff00
                0x00010000                __EEPROM_REGION_LENGTH__ = DEFINED (__EEPROM_REGION_LENGTH__)?__EEPROM_REGION_LENGTH__:0x10000
                0x00000400                __FUSE_REGION_LENGTH__ = DEFINED (__FUSE_REGION_LENGTH__)?__FUSE_REGION_LENGTH__:0x400
                0x00000400                __LOCK_REGION_LENGTH__ = DEFINED (__LOCK_REGION_LENGTH__)?__LOCK_REGION_LENGTH__:0x400
                0x00000400                __SIGNATURE_REGION_LENGTH__ = DEFINED (__SIGNATURE_REGION_LENGTH__)?__SIGNATURE_REGION_LENGTH__:0x400
                0x00000400                __USER_SIGNATURE_REGION_LENGTH__ = DEFINED (__USER_SIGNATURE_REGION_LENGTH__)?__USER_SIGNATURE_REGION_LENGTH__:0x400

.hash
 *(.hash)

.dynsym
 *(.dynsym)

.dynstr
 *(.dynstr)

.gnu.version
 *(.gnu.version)

.gnu.version_d
 *(.gnu.version_d)

.gnu.version_r
 *(.gnu.version_r)

.rel.init
 *(.rel.init)

.rela.init
 *(.rela.init)

.rel.text
 *(.rel.text)
 *(.rel.text.*)
 *(.rel.gnu.linkonce.t*)

.rela.text
 *(.rela.text)
 *(.rela.text.*)
 *(.rela.gnu.linkonce.t*)

.rel.fini
 *(.rel.fini)

.rela.fini
 *(.rela.fini)

.rel.rodata
 *(.rel.rodata)
 *(.rel.rodata.*)
 *(.rel.gnu.linkonce.r*)

.rela.rodata
 *(.rela.rodata)
 *(.rela.rodata.*)
 *(.rela.gnu.linkonce.r*)

.rel.data
 *(.rel.data)
 *(.rel.data.*)
 *(.rel.gnu.linkonce.d*)

.rela.data
 *(.rela.data)
 *(.rela.data.*)
 *(.rela.gnu.linkonce.d*)

.rel.ctors
 *(.rel.ctors)

.rela.ctors
 *(.rela.ctors)

.rel.dtors
 *(.rel.dtors)

.rela.dtors
 *(.rela.dtors)

.rel.got
 *(.rel.got)

.rela.got
 *(.rela.got)

.rel.bss
 *(.rel.bss)

.rela.bss
 *(.rela.bss)

.rel.plt
 *(.rel.plt)

.rela.plt
 *(.rela.plt)

.text           0x00000000     0x37fe
 *(.vectors)
 .vectors       0x00000000       0x8c C:/Program Files (x86)/Atmel/Studio/7.0/Packs/atmel/ATmega_DFP/1.0.106/gcc/dev/atmega1284p/avr51/crtatmega1284p.o
                0x00000000                __vector_default
                0x00000000                __vectors
 *(.vectors)
 *(.progmem.gcc*)
 .progmem.gcc_sw_table._Z13getSystemTimev
                0x0000008c        0xe hcm_libraries/Network.o
 .progmem.gcc_sw_table._Z7pinModeic
                0x0000009a       0x58 hcm_libraries/Utils.o
 .progmem.gcc_sw_table._Z12digitalWriteic
                0x000000f2       0x3c hcm_libraries/Utils.o
                0x0000012e                . = ALIGN (0x2)
                0x0000012e                __trampolines_start = .
 *(.trampolines)
 .trampolines   0x0000012e        0x0 linker stubs
 *(.trampolines*)
                0x0000012e                __trampolines_end = .
 *libprintf_flt.a:*(.progmem.data)
 *libc.a:*(.progmem.data)
 *(.progmem*)
                0x0000012e                . = ALIGN (0x2)
 *(.jumptables)
 *(.jumptables*)
 *(.lowtext)
 *(.lowtext*)
                0x0000012e                __ctors_start = .
 *(.ctors)
                0x0000012e                __ctors_end = .
                0x0000012e                __dtors_start = .
 *(.dtors)
                0x0000012e                __dtors_end = .
 SORT(*)(.ctors)
 SORT(*)(.dtors)
 *(.init0)
 .init0         0x0000012e        0x0 C:/Program Files (x86)/Atmel/Studio/7.0/Packs/atmel/ATmega_DFP/1.0.106/gcc/dev/atmega1284p/avr51/crtatmega1284p.o
                0x0000012e                __init
 *(.init0)
 *(.init1)
 *(.init1)
 *(.init2)
 .init2         0x0000012e        0xc C:/Program Files (x86)/Atmel/Studio/7.0/Packs/atmel/ATmega_DFP/1.0.106/gcc/dev/atmega1284p/avr51/crtatmega1284p.o
 *(.init2)
 *(.init3)
 *(.init3)
 *(.init4)
 .init4         0x0000013a       0x1a c:/program files (x86)/atmel/studio/7.0/toolchain/avr8/avr8-gnu-toolchain/bin/../lib/gcc/avr/4.9.2/avr51\libgcc.a(_copy_data.o)
                0x0000013a                __do_copy_data
 .init4         0x00000154       0x10 c:/program files (x86)/atmel/studio/7.0/toolchain/avr8/avr8-gnu-toolchain/bin/../lib/gcc/avr/4.9.2/avr51\libgcc.a(_clear_bss.o)
                0x00000154                __do_clear_bss
 *(.init4)
 *(.init5)
 *(.init5)
 *(.init6)
 *(.init6)
 *(.init7)
 *(.init7)
 *(.init8)
 *(.init8)
 *(.init9)
 .init9         0x00000164        0x8 C:/Program Files (x86)/Atmel/Studio/7.0/Packs/atmel/ATmega_DFP/1.0.106/gcc/dev/atmega1284p/avr51/crtatmega1284p.o
 *(.init9)
 *(.text)
 .text          0x0000016c        0x2 C:/Program Files (x86)/Atmel/Studio/7.0/Packs/atmel/ATmega_DFP/1.0.106/gcc/dev/atmega1284p/avr51/crtatmega1284p.o
                0x0000016c                __vector_22
                0x0000016c                __vector_1
                0x0000016c                __vector_32
                0x0000016c                __vector_34
                0x0000016c                __vector_24
                0x0000016c                __vector_12
                0x0000016c                __bad_interrupt
                0x0000016c                __vector_6
                0x0000016c                __vector_31
                0x0000016c                __vector_3
                0x0000016c                __vector_23
                0x0000016c                __vector_30
                0x0000016c                __vector_25
                0x0000016c                __vector_11
                0x0000016c                __vector_13
                0x0000016c                __vector_17
                0x0000016c                __vector_19
                0x0000016c                __vector_7
                0x0000016c                __vector_27
                0x0000016c                __vector_5
                0x0000016c                __vector_33
                0x0000016c                __vector_4
                0x0000016c                __vector_9
                0x0000016c                __vector_2
                0x0000016c                __vector_21
                0x0000016c                __vector_15
                0x0000016c                __vector_29
                0x0000016c                __vector_8
                0x0000016c                __vector_26
                0x0000016c                __vector_14
                0x0000016c                __vector_10
                0x0000016c                __vector_16
                0x0000016e                . = ALIGN (0x2)
 *(.text.*)
 .text._Z13eepromSaveCfgPKci
                0x0000016e       0x3c hcm_libraries/EEPROMUtil.o
                0x0000016e                _Z13eepromSaveCfgPKci
 .text._Z11clearEEPROMii
                0x000001aa       0x4c hcm_libraries/EEPROMUtil.o
                0x000001aa                _Z11clearEEPROMii
 .text._Z19eepromReadAttributePciS_i
                0x000001f6      0x1ea hcm_libraries/EEPROMUtil.o
                0x000001f6                _Z19eepromReadAttributePciS_i
 .text._Z12getPrivilegePKc
                0x000003e0       0x92 hcm_libraries/EEPROMUtil.o
                0x000003e0                _Z12getPrivilegePKc
 .text._Z15getRelaySettingii
                0x00000472      0x222 hcm_libraries/EEPROMUtil.o
                0x00000472                _Z15getRelaySettingii
 .text._Z24getPrimaryNetworkSettingPcS_
                0x00000694      0x110 hcm_libraries/EEPROMUtil.o
                0x00000694                _Z24getPrimaryNetworkSettingPcS_
 .text._Z26getSecondaryNetworkSettingPcS_
                0x000007a4      0x110 hcm_libraries/EEPROMUtil.o
                0x000007a4                _Z26getSecondaryNetworkSettingPcS_
 .text._Z24getDefaultNetworkSettingPcS_
                0x000008b4       0x22 hcm_libraries/EEPROMUtil.o
                0x000008b4                _Z24getDefaultNetworkSettingPcS_
 .text._Z21getAccessPointSettingv
                0x000008d6      0x10e hcm_libraries/EEPROMUtil.o
                0x000008d6                _Z21getAccessPointSettingv
 .text._Z25initializeTimerSettingIdsv
                0x000009e4      0x1d0 hcm_libraries/EEPROMUtil.o
                0x000009e4                _Z25initializeTimerSettingIdsv
 .text._Z15getTimerSettingii
                0x00000bb4      0x2da hcm_libraries/EEPROMUtil.o
                0x00000bb4                _Z15getTimerSettingii
 .text._Z20isCurrentTimerActivev
                0x00000e8e       0xc6 hcm_libraries/EEPROMUtil.o
                0x00000e8e                _Z20isCurrentTimerActivev
 .text.__vector_28
                0x00000f54       0x86 hcm_libraries/Network.o
                0x00000f54                __vector_28
 .text.__vector_20
                0x00000fda       0x86 hcm_libraries/Network.o
                0x00000fda                __vector_20
 .text.__vector_18
                0x00001060      0x1be hcm_libraries/Network.o
                0x00001060                __vector_18
 .text._Z9readUntilPKci
                0x0000121e      0x15e hcm_libraries/Network.o
                0x0000121e                _Z9readUntilPKci
 .text._Z7cipsendPcS_
                0x0000137c       0xf4 hcm_libraries/Network.o
                0x0000137c                _Z7cipsendPcS_
 .text._Z12sendToServerPci
                0x00001470       0xce hcm_libraries/Network.o
                0x00001470                _Z12sendToServerPci
 .text._Z8sendToAPPcS_
                0x0000153e       0xc0 hcm_libraries/Network.o
                0x0000153e                _Z8sendToAPPcS_
 .text._Z13getSystemTimev
                0x000015fe       0xf2 hcm_libraries/Network.o
                0x000015fe                _Z13getSystemTimev
 .text._Z15setSerialNumberv
                0x000016f0       0xaa hcm_libraries/Network.o
                0x000016f0                _Z15setSerialNumberv
 .text._Z17checkSerialNumberv
                0x0000179a       0xfa hcm_libraries/Network.o
                0x0000179a                _Z17checkSerialNumberv
 .text._Z13connectToWifiPKcS0_
                0x00001894       0x76 hcm_libraries/Network.o
                0x00001894                _Z13connectToWifiPKcS0_
 .text._Z21exchangeMandatoryInfov
                0x0000190a       0x3a hcm_libraries/Network.o
                0x0000190a                _Z21exchangeMandatoryInfov
 .text._Z15connectToServerPKcS0_
                0x00001944       0x9e hcm_libraries/Network.o
                0x00001944                _Z15connectToServerPKcS0_
 .text._Z31getDefaultDevicePoolInformationv
                0x000019e2      0x16e hcm_libraries/Network.o
                0x000019e2                _Z31getDefaultDevicePoolInformationv
 .text._Z10networkingv
                0x00001b50      0x156 hcm_libraries/Network.o
                0x00001b50                _Z10networkingv
 .text._Z12saveUserDatav
                0x00001ca6       0xd6 hcm_libraries/Processes.o
                0x00001ca6                _Z12saveUserDatav
 .text._Z8postPagec
                0x00001d7c      0x274 hcm_libraries/Processes.o
                0x00001d7c                _Z8postPagec
 .text._Z6WebAppv
                0x00001ff0      0x262 hcm_libraries/Processes.o
                0x00001ff0                _Z6WebAppv
 .text._Z11switchRelayccc
                0x00002252      0x1f6 hcm_libraries/Processes.o
                0x00002252                _Z11switchRelayccc
 .text._Z12RelayControlv
                0x00002448       0xc4 hcm_libraries/Processes.o
                0x00002448                _Z12RelayControlv
 .text._Z15ReceiveSettingsv
                0x0000250c      0x11a hcm_libraries/Processes.o
                0x0000250c                _Z15ReceiveSettingsv
 .text._Z22CheckModuleConnectionsv
                0x00002626      0x26e hcm_libraries/Processes.o
                0x00002626                _Z22CheckModuleConnectionsv
 .text._Z9HeartBeatv
                0x00002894       0x54 hcm_libraries/Processes.o
                0x00002894                _Z9HeartBeatv
 .text._Z18ProcessRelayTimersv
                0x000028e8      0x1e6 hcm_libraries/Processes.o
                0x000028e8                _Z18ProcessRelayTimersv
 .text._Z15checkGsmNetworkv
                0x00002ace       0x6c hcm_libraries/Processes.o
                0x00002ace                _Z15checkGsmNetworkv
 .text._Z19IncomingCallHandlerv
                0x00002b3a        0x2 hcm_libraries/Processes.o
                0x00002b3a                _Z19IncomingCallHandlerv
 .text._Z13getSmsMessagev
                0x00002b3c       0x34 hcm_libraries/Processes.o
                0x00002b3c                _Z13getSmsMessagev
 .text._Z18IncomingSMSHandlerv
                0x00002b70       0xac hcm_libraries/Processes.o
                0x00002b70                _Z18IncomingSMSHandlerv
 .text._Z10chipSelectii
                0x00002c1c       0x6e hcm_libraries/SPI.o
                0x00002c1c                _Z10chipSelectii
 .text._Z15SPI_init_masterv
                0x00002c8a        0x8 hcm_libraries/SPI.o
                0x00002c8a                _Z15SPI_init_masterv
 .text._Z13SPI_WriteReadh
                0x00002c92        0xc hcm_libraries/SPI.o
                0x00002c92                _Z13SPI_WriteReadh
 .text._Z10USART_Initv
                0x00002c9e       0x26 hcm_libraries/Utils.o
                0x00002c9e                _Z10USART_Initv
 .text._Z15USART1_SendBytec
                0x00002cc4       0x10 hcm_libraries/Utils.o
                0x00002cc4                _Z15USART1_SendBytec
 .text._Z17USART1_SendStringPKc
                0x00002cd4       0x1c hcm_libraries/Utils.o
                0x00002cd4                _Z17USART1_SendStringPKc
 .text._Z15USART0_SendBytec
                0x00002cf0       0x10 hcm_libraries/Utils.o
                0x00002cf0                _Z15USART0_SendBytec
 .text._Z17USART0_SendStringPKc
                0x00002d00       0x1c hcm_libraries/Utils.o
                0x00002d00                _Z17USART0_SendStringPKc
 .text._Z17WIFI_Write_StringPKc
                0x00002d1c       0x1c hcm_libraries/Utils.o
                0x00002d1c                _Z17WIFI_Write_StringPKc
 .text._Z16GSM_Write_StringPKc
                0x00002d38       0x1c hcm_libraries/Utils.o
                0x00002d38                _Z16GSM_Write_StringPKc
 .text._Z5delayi
                0x00002d54       0x18 hcm_libraries/Utils.o
                0x00002d54                _Z5delayi
 .text._Z7pinModeic
                0x00002d6c       0xde hcm_libraries/Utils.o
                0x00002d6c                _Z7pinModeic
 .text._Z12digitalWriteic
                0x00002e4a       0x64 hcm_libraries/Utils.o
                0x00002e4a                _Z12digitalWriteic
 .text._Z12turnOnSim900v
                0x00002eae       0x30 hcm_libraries/Utils.o
                0x00002eae                _Z12turnOnSim900v
 .text._Z11digitalReadi
                0x00002ede       0x4a hcm_libraries/Utils.o
                0x00002ede                _Z11digitalReadi
 .text._Z9setSourcei
                0x00002f28       0x48 hcm_libraries/Utils.o
                0x00002f28                _Z9setSourcei
 .text._Z15defaultSettingsv
                0x00002f70      0x198 hcm_libraries/Utils.o
                0x00002f70                _Z15defaultSettingsv
 .text._Z13clearReadLinev
                0x00003108       0x36 hcm_libraries/Utils.o
                0x00003108                _Z13clearReadLinev
 .text._Z14clearGSMBufferv
                0x0000313e       0x1c hcm_libraries/Utils.o
                0x0000313e                _Z14clearGSMBufferv
 .text._Z9initTimerv
                0x0000315a       0x14 hcm_libraries/Utils.o
                0x0000315a                _Z9initTimerv
 .text._Z14powerUpModulesv
                0x0000316e       0xfa hcm_libraries/Utils.o
                0x0000316e                _Z14powerUpModulesv
 .text._Z11atmegaSetupv
                0x00003268       0xe0 hcm_libraries/Utils.o
                0x00003268                _Z11atmegaSetupv
 .text._Z5setupv
                0x00003348        0xa hcm_libraries/Utils.o
                0x00003348                _Z5setupv
 .text._Z9processIOv
                0x00003352       0x4e main.o
                0x00003352                _Z9processIOv
 .text._Z15systemProcessesv
                0x000033a0        0xa main.o
                0x000033a0                _Z15systemProcessesv
 .text.main     0x000033aa       0x20 main.o
                0x000033aa                main
 .text.libgcc   0x000033ca       0x12 c:/program files (x86)/atmel/studio/7.0/toolchain/avr8/avr8-gnu-toolchain/bin/../lib/gcc/avr/4.9.2/avr51\libgcc.a(_tablejump2.o)
                0x000033ca                __tablejump2__
 .text.avr-libc
                0x000033dc      0x25a c:/program files (x86)/atmel/studio/7.0/toolchain/avr8/avr8-gnu-toolchain/bin/../lib/gcc/avr/4.9.2/../../../../avr/lib/avr51\libc.a(malloc.o)
                0x000033dc                malloc
                0x00003506                free
 .text.avr-libc
                0x00003636       0x3a c:/program files (x86)/atmel/studio/7.0/toolchain/avr8/avr8-gnu-toolchain/bin/../lib/gcc/avr/4.9.2/../../../../avr/lib/avr51\libc.a(atoi.o)
                0x00003636                atoi
 .text.avr-libc
                0x00003670       0x12 c:/program files (x86)/atmel/studio/7.0/toolchain/avr8/avr8-gnu-toolchain/bin/../lib/gcc/avr/4.9.2/../../../../avr/lib/avr51\libc.a(isalpha.o)
                0x00003670                isupper
                0x00003674                isalpha
                0x00003676                islower
 .text.avr-libc
                0x00003682        0x6 c:/program files (x86)/atmel/studio/7.0/toolchain/avr8/avr8-gnu-toolchain/bin/../lib/gcc/avr/4.9.2/../../../../avr/lib/avr51\libc.a(strtok.o)
                0x00003682                strtok
 .text.avr-libc
                0x00003688        0xe c:/program files (x86)/atmel/studio/7.0/toolchain/avr8/avr8-gnu-toolchain/bin/../lib/gcc/avr/4.9.2/../../../../avr/lib/avr51\libc.a(memset.o)
                0x00003688                memset
 .text.avr-libc
                0x00003696       0x16 c:/program files (x86)/atmel/studio/7.0/toolchain/avr8/avr8-gnu-toolchain/bin/../lib/gcc/avr/4.9.2/../../../../avr/lib/avr51\libc.a(strcat.o)
                0x00003696                strcat
 .text.avr-libc
                0x000036ac       0x16 c:/program files (x86)/atmel/studio/7.0/toolchain/avr8/avr8-gnu-toolchain/bin/../lib/gcc/avr/4.9.2/../../../../avr/lib/avr51\libc.a(strchr.o)
                0x000036ac                strchr
 .text.avr-libc
                0x000036c2        0xe c:/program files (x86)/atmel/studio/7.0/toolchain/avr8/avr8-gnu-toolchain/bin/../lib/gcc/avr/4.9.2/../../../../avr/lib/avr51\libc.a(strcpy.o)
                0x000036c2                strcpy
 .text.avr-libc
                0x000036d0       0x34 c:/program files (x86)/atmel/studio/7.0/toolchain/avr8/avr8-gnu-toolchain/bin/../lib/gcc/avr/4.9.2/../../../../avr/lib/avr51\libc.a(strstr.o)
                0x000036d0                strstr
 .text.avr-libc
                0x00003704       0x4e c:/program files (x86)/atmel/studio/7.0/toolchain/avr8/avr8-gnu-toolchain/bin/../lib/gcc/avr/4.9.2/../../../../avr/lib/avr51\libc.a(strtok_r.o)
                0x00003704                strtok_r
 .text.avr-libc
                0x00003752       0x14 c:/program files (x86)/atmel/studio/7.0/toolchain/avr8/avr8-gnu-toolchain/bin/../lib/gcc/avr/4.9.2/../../../../avr/lib/avr51\libc.a(itoa_ncheck.o)
                0x00003752                __itoa_ncheck
 .text.avr-libc
                0x00003766       0x10 c:/program files (x86)/atmel/studio/7.0/toolchain/avr8/avr8-gnu-toolchain/bin/../lib/gcc/avr/4.9.2/../../../../avr/lib/avr51\libc.a(mul10.o)
                0x00003766                __mulhi_const_10
 .text.avr-libc
                0x00003776       0x32 c:/program files (x86)/atmel/studio/7.0/toolchain/avr8/avr8-gnu-toolchain/bin/../lib/gcc/avr/4.9.2/../../../../avr/lib/avr51\libc.a(utoa_ncheck.o)
                0x00003776                __utoa_ncheck
                0x00003778                __utoa_common
 .text.avr-libc
                0x000037a8        0x6 c:/program files (x86)/atmel/studio/7.0/toolchain/avr8/avr8-gnu-toolchain/bin/../lib/gcc/avr/4.9.2/../../../../avr/lib/avr51\libc.a(cty_isfalse.o)
                0x000037a8                __ctype_isfalse
                0x000037ac                __ctype_istrue
 .text.avr-libc
                0x000037ae       0x20 c:/program files (x86)/atmel/studio/7.0/toolchain/avr8/avr8-gnu-toolchain/bin/../lib/gcc/avr/4.9.2/../../../../avr/lib/avr51\libc.a(strrev.o)
                0x000037ae                strrev
 .text.avr-libc
                0x000037ce       0x10 C:/Program Files (x86)/Atmel/Studio/7.0/Packs/atmel/ATmega_DFP/1.0.106/gcc/dev/atmega1284p/avr51\libatmega1284p.a(eerd_byte.o)
                0x000037ce                eeprom_read_byte
 .text.avr-libc
                0x000037de       0x1c C:/Program Files (x86)/Atmel/Studio/7.0/Packs/atmel/ATmega_DFP/1.0.106/gcc/dev/atmega1284p/avr51\libatmega1284p.a(eewr_byte.o)
                0x000037de                eeprom_write_byte
                0x000037e0                eeprom_write_r18
                0x000037fa                . = ALIGN (0x2)
 *(.fini9)
 .fini9         0x000037fa        0x0 c:/program files (x86)/atmel/studio/7.0/toolchain/avr8/avr8-gnu-toolchain/bin/../lib/gcc/avr/4.9.2/avr51\libgcc.a(_exit.o)
                0x000037fa                _exit
                0x000037fa                exit
 *(.fini9)
 *(.fini8)
 *(.fini8)
 *(.fini7)
 *(.fini7)
 *(.fini6)
 *(.fini6)
 *(.fini5)
 *(.fini5)
 *(.fini4)
 *(.fini4)
 *(.fini3)
 *(.fini3)
 *(.fini2)
 *(.fini2)
 *(.fini1)
 *(.fini1)
 *(.fini0)
 .fini0         0x000037fa        0x4 c:/program files (x86)/atmel/studio/7.0/toolchain/avr8/avr8-gnu-toolchain/bin/../lib/gcc/avr/4.9.2/avr51\libgcc.a(_exit.o)
 *(.fini0)
                0x000037fe                _etext = .

.data           0x00800100      0x6ce load address 0x000037fe
                0x00800100                PROVIDE (__data_start, .)
 *(.data)
 .data          0x00800100        0x6 c:/program files (x86)/atmel/studio/7.0/toolchain/avr8/avr8-gnu-toolchain/bin/../lib/gcc/avr/4.9.2/../../../../avr/lib/avr51\libc.a(malloc.o)
                0x00800100                __malloc_heap_end
                0x00800102                __malloc_heap_start
                0x00800104                __malloc_margin
 *(.data*)
 *(.rodata)
 .rodata        0x00800106       0x1e hcm_libraries/Processes.o
 *(.rodata*)
 .rodata.str1.1
                0x00800124       0x5b hcm_libraries/EEPROMUtil.o
                                 0x64 (size before relaxing)
 .rodata.SS     0x0080017f        0x2 hcm_libraries/HwProperties.o
                0x0080017f                SS
 .rodata.MISO   0x00800181        0x2 hcm_libraries/HwProperties.o
                0x00800181                MISO
 .rodata.MOSI   0x00800183        0x2 hcm_libraries/HwProperties.o
                0x00800183                MOSI
 .rodata.SCK    0x00800185        0x2 hcm_libraries/HwProperties.o
                0x00800185                SCK
 .rodata.DETECT_3
                0x00800187        0x2 hcm_libraries/HwProperties.o
                0x00800187                DETECT_3
 .rodata.DETECT_2
                0x00800189        0x2 hcm_libraries/HwProperties.o
                0x00800189                DETECT_2
 .rodata.DETECT_1
                0x0080018b        0x2 hcm_libraries/HwProperties.o
                0x0080018b                DETECT_1
 .rodata.DETECT_0
                0x0080018d        0x2 hcm_libraries/HwProperties.o
                0x0080018d                DETECT_0
 .rodata.CS_4   0x0080018f        0x2 hcm_libraries/HwProperties.o
                0x0080018f                CS_4
 .rodata.CS_3   0x00800191        0x2 hcm_libraries/HwProperties.o
                0x00800191                CS_3
 .rodata.CS_2   0x00800193        0x2 hcm_libraries/HwProperties.o
                0x00800193                CS_2
 .rodata.CS_1   0x00800195        0x2 hcm_libraries/HwProperties.o
                0x00800195                CS_1
 .rodata.ESP_PWR
                0x00800197        0x2 hcm_libraries/HwProperties.o
                0x00800197                ESP_PWR
 .rodata.SIM_PWR
                0x00800199        0x2 hcm_libraries/HwProperties.o
                0x00800199                SIM_PWR
 .rodata.EEPROM_SERIAL_START
                0x0080019b        0x2 hcm_libraries/HwProperties.o
                0x0080019b                EEPROM_SERIAL_START
 .rodata.EEPROM_DATA_START
                0x0080019d        0x2 hcm_libraries/HwProperties.o
                0x0080019d                EEPROM_DATA_START
 .rodata.EEPROM_CFG_START
                0x0080019f        0x2 hcm_libraries/HwProperties.o
                0x0080019f                EEPROM_CFG_START
 .rodata.EEPROM_SIZE
                0x008001a1        0x2 hcm_libraries/HwProperties.o
                0x008001a1                EEPROM_SIZE
 .rodata.GSM_DIRECTION
                0x008001a3        0x2 hcm_libraries/HwProperties.o
                0x008001a3                GSM_DIRECTION
 .rodata.WIFI_DIRECTION
                0x008001a5        0x2 hcm_libraries/HwProperties.o
                0x008001a5                WIFI_DIRECTION
 .rodata.HAS_GSM
                0x008001a7        0x2 hcm_libraries/HwProperties.o
                0x008001a7                HAS_GSM
 .rodata.HAS_WIFI
                0x008001a9        0x2 hcm_libraries/HwProperties.o
                0x008001a9                HAS_WIFI
 .rodata.CONNECTION
                0x008001ab        0x2 hcm_libraries/HwProperties.o
                0x008001ab                CONNECTION
 .rodata.NETWORK_APN
                0x008001ad        0x7 hcm_libraries/HwProperties.o
                0x008001ad                NETWORK_APN
 .rodata.NETWORK_PORT
                0x008001b4        0x5 hcm_libraries/HwProperties.o
                0x008001b4                NETWORK_PORT
 .rodata.NETWORK_HOST
                0x008001b9       0x16 hcm_libraries/HwProperties.o
                0x008001b9                NETWORK_HOST
 .rodata.NETWORK_PASSW
                0x008001cf        0xb hcm_libraries/HwProperties.o
                0x008001cf                NETWORK_PASSW
 .rodata.NETWORK_SSID
                0x008001da        0x7 hcm_libraries/HwProperties.o
                0x008001da                NETWORK_SSID
 .rodata.PRODUCT_NAME
                0x008001e1        0xf hcm_libraries/HwProperties.o
                0x008001e1                PRODUCT_NAME
 .rodata.str1.1
                0x008001f0      0x14a hcm_libraries/Network.o
                                0x16f (size before relaxing)
 .rodata.SWITCH_RELAY
                0x0080033a        0x1 hcm_libraries/GlobalVariables.o
                0x0080033a                SWITCH_RELAY
 .rodata.RECIEVE
                0x0080033b        0x1 hcm_libraries/GlobalVariables.o
                0x0080033b                RECIEVE
 .rodata.REQUEST_RELAY_COUNT
                0x0080033c        0x1 hcm_libraries/GlobalVariables.o
                0x0080033c                REQUEST_RELAY_COUNT
 .rodata.OUTPUT
                0x0080033d        0x2 hcm_libraries/GlobalVariables.o
                0x0080033d                OUTPUT
 .rodata.INPUT  0x0080033f        0x2 hcm_libraries/GlobalVariables.o
                0x0080033f                INPUT
 .rodata.DAYS_OF_MONTH
                0x00800341       0x18 hcm_libraries/GlobalVariables.o
                0x00800341                DAYS_OF_MONTH
 .rodata.FALSE  0x00800359        0x2 hcm_libraries/GlobalVariables.o
                0x00800359                FALSE
 .rodata.TRUE   0x0080035b        0x2 hcm_libraries/GlobalVariables.o
                0x0080035b                TRUE
 .rodata.SIM    0x0080035d        0x2 hcm_libraries/GlobalVariables.o
                0x0080035d                SIM
 .rodata.ESP    0x0080035f        0x2 hcm_libraries/GlobalVariables.o
                0x0080035f                ESP
 .rodata.BAUD_PRESCALE
                0x00800361        0x2 hcm_libraries/GlobalVariables.o
                0x00800361                BAUD_PRESCALE
 .rodata.str1.1
                0x00800363      0x3e8 hcm_libraries/Processes.o
                                0x3f9 (size before relaxing)
 .rodata.str1.1
                0x0080074b       0x83 hcm_libraries/Utils.o
                                 0xa5 (size before relaxing)
 *(.gnu.linkonce.d*)
                0x008007ce                . = ALIGN (0x2)
                0x008007ce                _edata = .
                0x008007ce                PROVIDE (__data_end, .)

.bss            0x008007ce      0x72e
                0x008007ce                PROVIDE (__bss_start, .)
 *(.bss)
 .bss           0x008007ce        0x2 c:/program files (x86)/atmel/studio/7.0/toolchain/avr8/avr8-gnu-toolchain/bin/../lib/gcc/avr/4.9.2/../../../../avr/lib/avr51\libc.a(strtok.o)
 *(.bss*)
 .bss.__relay_states
                0x008007d0       0x68 hcm_libraries/GlobalVariables.o
                0x008007d0                __relay_states
 .bss.__timer_records
                0x00800838       0x70 hcm_libraries/GlobalVariables.o
                0x00800838                __timer_records
 .bss.__timer_setting
                0x008008a8       0x2a hcm_libraries/GlobalVariables.o
                0x008008a8                __timer_setting
 .bss.__relay_setting
                0x008008d2       0x44 hcm_libraries/GlobalVariables.o
                0x008008d2                __relay_setting
 .bss.__system_time
                0x00800916       0x24 hcm_libraries/GlobalVariables.o
                0x00800916                __system_time
 .bss.__network_data
                0x0080093a      0x56a hcm_libraries/GlobalVariables.o
                0x0080093a                __network_data
 .bss.__system_var
                0x00800ea4       0x54 hcm_libraries/GlobalVariables.o
                0x00800ea4                __system_var
 *(COMMON)
 COMMON         0x00800ef8        0x4 c:/program files (x86)/atmel/studio/7.0/toolchain/avr8/avr8-gnu-toolchain/bin/../lib/gcc/avr/4.9.2/../../../../avr/lib/avr51\libc.a(malloc.o)
                0x00800ef8                __brkval
                0x00800efa                __flp
                0x00800efc                PROVIDE (__bss_end, .)
                0x000037fe                __data_load_start = LOADADDR (.data)
                0x00003ecc                __data_load_end = (__data_load_start + SIZEOF (.data))

.noinit         0x00800efc        0x0
                [!provide]                PROVIDE (__noinit_start, .)
 *(.noinit*)
                [!provide]                PROVIDE (__noinit_end, .)
                0x00800efc                _end = .
                0x00800efc                PROVIDE (__heap_start, .)

.eeprom         0x00810000        0x0
 *(.eeprom*)
                0x00810000                __eeprom_end = .

.fuse
 *(.fuse)
 *(.lfuse)
 *(.hfuse)
 *(.efuse)

.lock
 *(.lock*)

.signature
 *(.signature*)

.user_signatures
 *(.user_signatures*)

.stab
 *(.stab)

.stabstr
 *(.stabstr)

.stab.excl
 *(.stab.excl)

.stab.exclstr
 *(.stab.exclstr)

.stab.index
 *(.stab.index)

.stab.indexstr
 *(.stab.indexstr)

.comment        0x00000000       0x30
 *(.comment)
 .comment       0x00000000       0x30 hcm_libraries/EEPROMUtil.o
                                 0x31 (size before relaxing)
 .comment       0x00000030       0x31 hcm_libraries/HwProperties.o
 .comment       0x00000030       0x31 hcm_libraries/Network.o
 .comment       0x00000030       0x31 hcm_libraries/GlobalVariables.o
 .comment       0x00000030       0x31 hcm_libraries/Processes.o
 .comment       0x00000030       0x31 hcm_libraries/SPI.o
 .comment       0x00000030       0x31 hcm_libraries/Utils.o
 .comment       0x00000030       0x31 main.o
 .comment       0x00000030       0x31 c:/program files (x86)/atmel/studio/7.0/toolchain/avr8/avr8-gnu-toolchain/bin/../lib/gcc/avr/4.9.2/../../../../avr/lib/avr51\libc.a(malloc.o)
 .comment       0x00000030       0x31 c:/program files (x86)/atmel/studio/7.0/toolchain/avr8/avr8-gnu-toolchain/bin/../lib/gcc/avr/4.9.2/../../../../avr/lib/avr51\libc.a(strtok.o)

.note.gnu.avr.deviceinfo
                0x00000000       0x40
 .note.gnu.avr.deviceinfo
                0x00000000       0x40 C:/Program Files (x86)/Atmel/Studio/7.0/Packs/atmel/ATmega_DFP/1.0.106/gcc/dev/atmega1284p/avr51/crtatmega1284p.o

.note.gnu.build-id
 *(.note.gnu.build-id)

.debug
 *(.debug)

.line
 *(.line)

.debug_srcinfo
 *(.debug_srcinfo)

.debug_sfnames
 *(.debug_sfnames)

.debug_aranges  0x00000000      0x340
 *(.debug_aranges)
 .debug_aranges
                0x00000000       0x90 hcm_libraries/EEPROMUtil.o
 .debug_aranges
                0x00000090       0x18 hcm_libraries/HwProperties.o
 .debug_aranges
                0x000000a8       0x98 hcm_libraries/Network.o
 .debug_aranges
                0x00000140       0x18 hcm_libraries/GlobalVariables.o
 .debug_aranges
                0x00000158       0x88 hcm_libraries/Processes.o
 .debug_aranges
                0x000001e0       0x38 hcm_libraries/SPI.o
 .debug_aranges
                0x00000218       0xf0 hcm_libraries/Utils.o
 .debug_aranges
                0x00000308       0x38 main.o

.debug_pubnames
 *(.debug_pubnames)

.debug_info     0x00000000     0x8cb4
 *(.debug_info .gnu.linkonce.wi.*)
 .debug_info    0x00000000     0x2356 hcm_libraries/EEPROMUtil.o
 .debug_info    0x00002356      0x2f7 hcm_libraries/HwProperties.o
 .debug_info    0x0000264d     0x1d41 hcm_libraries/Network.o
 .debug_info    0x0000438e      0x87b hcm_libraries/GlobalVariables.o
 .debug_info    0x00004c09     0x2053 hcm_libraries/Processes.o
 .debug_info    0x00006c5c      0x410 hcm_libraries/SPI.o
 .debug_info    0x0000706c     0x1475 hcm_libraries/Utils.o
 .debug_info    0x000084e1      0x7d3 main.o

.debug_abbrev   0x00000000     0x114f
 *(.debug_abbrev)
 .debug_abbrev  0x00000000      0x28e hcm_libraries/EEPROMUtil.o
 .debug_abbrev  0x0000028e       0x61 hcm_libraries/HwProperties.o
 .debug_abbrev  0x000002ef      0x386 hcm_libraries/Network.o
 .debug_abbrev  0x00000675       0xd7 hcm_libraries/GlobalVariables.o
 .debug_abbrev  0x0000074c      0x36e hcm_libraries/Processes.o
 .debug_abbrev  0x00000aba      0x148 hcm_libraries/SPI.o
 .debug_abbrev  0x00000c02      0x394 hcm_libraries/Utils.o
 .debug_abbrev  0x00000f96      0x1b9 main.o

.debug_line     0x00000000     0x2ec5
 *(.debug_line .debug_line.* .debug_line_end)
 .debug_line    0x00000000      0x996 hcm_libraries/EEPROMUtil.o
 .debug_line    0x00000996       0x3f hcm_libraries/HwProperties.o
 .debug_line    0x000009d5      0xa6d hcm_libraries/Network.o
 .debug_line    0x00001442       0x69 hcm_libraries/GlobalVariables.o
 .debug_line    0x000014ab      0xab0 hcm_libraries/Processes.o
 .debug_line    0x00001f5b      0x116 hcm_libraries/SPI.o
 .debug_line    0x00002071      0xbf2 hcm_libraries/Utils.o
 .debug_line    0x00002c63      0x262 main.o

.debug_frame    0x00000000      0xd28
 *(.debug_frame)
 .debug_frame   0x00000000      0x3cc hcm_libraries/EEPROMUtil.o
 .debug_frame   0x000003cc      0x358 hcm_libraries/Network.o
 .debug_frame   0x00000724      0x2fc hcm_libraries/Processes.o
 .debug_frame   0x00000a20       0x64 hcm_libraries/SPI.o
 .debug_frame   0x00000a84      0x248 hcm_libraries/Utils.o
 .debug_frame   0x00000ccc       0x5c main.o

.debug_str      0x00000000     0x1559
 *(.debug_str)
 .debug_str     0x00000000      0xa86 hcm_libraries/EEPROMUtil.o
                                0xb53 (size before relaxing)
 .debug_str     0x00000a86       0x2f hcm_libraries/HwProperties.o
                                0x2cb (size before relaxing)
 .debug_str     0x00000ab5      0x3b2 hcm_libraries/Network.o
                                0xb64 (size before relaxing)
 .debug_str     0x00000e67       0x43 hcm_libraries/GlobalVariables.o
                                0x784 (size before relaxing)
 .debug_str     0x00000eaa      0x395 hcm_libraries/Processes.o
                                0xce3 (size before relaxing)
 .debug_str     0x0000123f       0x84 hcm_libraries/SPI.o
                                0x439 (size before relaxing)
 .debug_str     0x000012c3      0x218 hcm_libraries/Utils.o
                                0xb63 (size before relaxing)
 .debug_str     0x000014db       0x7e main.o
                                0x79b (size before relaxing)

.debug_loc      0x00000000     0x3e4c
 *(.debug_loc)
 .debug_loc     0x00000000     0x1644 hcm_libraries/EEPROMUtil.o
 .debug_loc     0x00001644     0x1055 hcm_libraries/Network.o
 .debug_loc     0x00002699      0xef2 hcm_libraries/Processes.o
 .debug_loc     0x0000358b       0xb7 hcm_libraries/SPI.o
 .debug_loc     0x00003642      0x79e hcm_libraries/Utils.o
 .debug_loc     0x00003de0       0x6c main.o

.debug_macinfo
 *(.debug_macinfo)

.debug_weaknames
 *(.debug_weaknames)

.debug_funcnames
 *(.debug_funcnames)

.debug_typenames
 *(.debug_typenames)

.debug_varnames
 *(.debug_varnames)

.debug_pubtypes
 *(.debug_pubtypes)

.debug_ranges   0x00000000      0x4d8
 *(.debug_ranges)
 .debug_ranges  0x00000000      0x1a8 hcm_libraries/EEPROMUtil.o
 .debug_ranges  0x000001a8       0x88 hcm_libraries/Network.o
 .debug_ranges  0x00000230      0x160 hcm_libraries/Processes.o
 .debug_ranges  0x00000390       0x28 hcm_libraries/SPI.o
 .debug_ranges  0x000003b8       0xf8 hcm_libraries/Utils.o
 .debug_ranges  0x000004b0       0x28 main.o

.debug_macro
 *(.debug_macro)
OUTPUT(home_control_project.elf elf32-avr)
LOAD linker stubs
