Archive member included to satisfy reference by file (symbol)

c:/program files (x86)/atmel/studio/7.0/toolchain/avr8/avr8-gnu-toolchain/bin/../lib/gcc/avr/4.9.2/avr51\libgcc.a(_exit.o)
                              C:/Program Files (x86)/Atmel/Studio/7.0/Packs/atmel/ATmega_DFP/1.0.106/gcc/dev/atmega1284p/avr51/crtatmega1284p.o (exit)
c:/program files (x86)/atmel/studio/7.0/toolchain/avr8/avr8-gnu-toolchain/bin/../lib/gcc/avr/4.9.2/avr51\libgcc.a(_tablejump2.o)
                              hcm_libraries/Network.o (__tablejump2__)
c:/program files (x86)/atmel/studio/7.0/toolchain/avr8/avr8-gnu-toolchain/bin/../lib/gcc/avr/4.9.2/avr51\libgcc.a(_copy_data.o)
                              hcm_libraries/EEPROMUtil.o (__do_copy_data)
c:/program files (x86)/atmel/studio/7.0/toolchain/avr8/avr8-gnu-toolchain/bin/../lib/gcc/avr/4.9.2/avr51\libgcc.a(_clear_bss.o)
                              hcm_libraries/GlobalVariables.o (__do_clear_bss)
c:/program files (x86)/atmel/studio/7.0/toolchain/avr8/avr8-gnu-toolchain/bin/../lib/gcc/avr/4.9.2/../../../../avr/lib/avr51\libc.a(malloc.o)
                              hcm_libraries/Network.o (malloc)
c:/program files (x86)/atmel/studio/7.0/toolchain/avr8/avr8-gnu-toolchain/bin/../lib/gcc/avr/4.9.2/../../../../avr/lib/avr51\libc.a(atoi.o)
                              hcm_libraries/EEPROMUtil.o (atoi)
c:/program files (x86)/atmel/studio/7.0/toolchain/avr8/avr8-gnu-toolchain/bin/../lib/gcc/avr/4.9.2/../../../../avr/lib/avr51\libc.a(isalnum.o)
                              hcm_libraries/Processes.o (isalnum)
c:/program files (x86)/atmel/studio/7.0/toolchain/avr8/avr8-gnu-toolchain/bin/../lib/gcc/avr/4.9.2/../../../../avr/lib/avr51\libc.a(cty_isfalse.o)
                              c:/program files (x86)/atmel/studio/7.0/toolchain/avr8/avr8-gnu-toolchain/bin/../lib/gcc/avr/4.9.2/../../../../avr/lib/avr51\libc.a(isalnum.o) (__ctype_isfalse)
c:/program files (x86)/atmel/studio/7.0/toolchain/avr8/avr8-gnu-toolchain/bin/../lib/gcc/avr/4.9.2/../../../../avr/lib/avr51\libc.a(isalpha.o)
                              c:/program files (x86)/atmel/studio/7.0/toolchain/avr8/avr8-gnu-toolchain/bin/../lib/gcc/avr/4.9.2/../../../../avr/lib/avr51\libc.a(isalnum.o) (isalpha)
c:/program files (x86)/atmel/studio/7.0/toolchain/avr8/avr8-gnu-toolchain/bin/../lib/gcc/avr/4.9.2/../../../../avr/lib/avr51\libc.a(strtok.o)
                              hcm_libraries/EEPROMUtil.o (strtok)
c:/program files (x86)/atmel/studio/7.0/toolchain/avr8/avr8-gnu-toolchain/bin/../lib/gcc/avr/4.9.2/../../../../avr/lib/avr51\libc.a(memset.o)
                              hcm_libraries/Processes.o (memset)
c:/program files (x86)/atmel/studio/7.0/toolchain/avr8/avr8-gnu-toolchain/bin/../lib/gcc/avr/4.9.2/../../../../avr/lib/avr51\libc.a(strcat.o)
                              hcm_libraries/Network.o (strcat)
c:/program files (x86)/atmel/studio/7.0/toolchain/avr8/avr8-gnu-toolchain/bin/../lib/gcc/avr/4.9.2/../../../../avr/lib/avr51\libc.a(strchr.o)
                              hcm_libraries/EEPROMUtil.o (strchr)
c:/program files (x86)/atmel/studio/7.0/toolchain/avr8/avr8-gnu-toolchain/bin/../lib/gcc/avr/4.9.2/../../../../avr/lib/avr51\libc.a(strcpy.o)
                              hcm_libraries/EEPROMUtil.o (strcpy)
c:/program files (x86)/atmel/studio/7.0/toolchain/avr8/avr8-gnu-toolchain/bin/../lib/gcc/avr/4.9.2/../../../../avr/lib/avr51\libc.a(strstr.o)
                              hcm_libraries/EEPROMUtil.o (strstr)
c:/program files (x86)/atmel/studio/7.0/toolchain/avr8/avr8-gnu-toolchain/bin/../lib/gcc/avr/4.9.2/../../../../avr/lib/avr51\libc.a(strtok_r.o)
                              hcm_libraries/EEPROMUtil.o (strtok_r)
c:/program files (x86)/atmel/studio/7.0/toolchain/avr8/avr8-gnu-toolchain/bin/../lib/gcc/avr/4.9.2/../../../../avr/lib/avr51\libc.a(itoa_ncheck.o)
                              hcm_libraries/Network.o (__itoa_ncheck)
c:/program files (x86)/atmel/studio/7.0/toolchain/avr8/avr8-gnu-toolchain/bin/../lib/gcc/avr/4.9.2/../../../../avr/lib/avr51\libc.a(mul10.o)
                              c:/program files (x86)/atmel/studio/7.0/toolchain/avr8/avr8-gnu-toolchain/bin/../lib/gcc/avr/4.9.2/../../../../avr/lib/avr51\libc.a(atoi.o) (__mulhi_const_10)
c:/program files (x86)/atmel/studio/7.0/toolchain/avr8/avr8-gnu-toolchain/bin/../lib/gcc/avr/4.9.2/../../../../avr/lib/avr51\libc.a(utoa_ncheck.o)
                              c:/program files (x86)/atmel/studio/7.0/toolchain/avr8/avr8-gnu-toolchain/bin/../lib/gcc/avr/4.9.2/../../../../avr/lib/avr51\libc.a(itoa_ncheck.o) (__utoa_common)
c:/program files (x86)/atmel/studio/7.0/toolchain/avr8/avr8-gnu-toolchain/bin/../lib/gcc/avr/4.9.2/../../../../avr/lib/avr51\libc.a(strrev.o)
                              c:/program files (x86)/atmel/studio/7.0/toolchain/avr8/avr8-gnu-toolchain/bin/../lib/gcc/avr/4.9.2/../../../../avr/lib/avr51\libc.a(utoa_ncheck.o) (strrev)
C:/Program Files (x86)/Atmel/Studio/7.0/Packs/atmel/ATmega_DFP/1.0.106/gcc/dev/atmega1284p/avr51\libatmega1284p.a(eerd_byte.o)
                              hcm_libraries/EEPROMUtil.o (eeprom_read_byte)
C:/Program Files (x86)/Atmel/Studio/7.0/Packs/atmel/ATmega_DFP/1.0.106/gcc/dev/atmega1284p/avr51\libatmega1284p.a(eewr_byte.o)
                              hcm_libraries/EEPROMUtil.o (eeprom_write_byte)

Allocating common symbols
Common symbol       size              file

__brkval            0x2               c:/program files (x86)/atmel/studio/7.0/toolchain/avr8/avr8-gnu-toolchain/bin/../lib/gcc/avr/4.9.2/../../../../avr/lib/avr51\libc.a(malloc.o)
__flp               0x2               c:/program files (x86)/atmel/studio/7.0/toolchain/avr8/avr8-gnu-toolchain/bin/../lib/gcc/avr/4.9.2/../../../../avr/lib/avr51\libc.a(malloc.o)

Discarded input sections

 .data          0x00000000        0x0 C:/Program Files (x86)/Atmel/Studio/7.0/Packs/atmel/ATmega_DFP/1.0.106/gcc/dev/atmega1284p/avr51/crtatmega1284p.o
 .bss           0x00000000        0x0 C:/Program Files (x86)/Atmel/Studio/7.0/Packs/atmel/ATmega_DFP/1.0.106/gcc/dev/atmega1284p/avr51/crtatmega1284p.o
 .text          0x00000000        0x0 hcm_libraries/EEPROMUtil.o
 .data          0x00000000        0x0 hcm_libraries/EEPROMUtil.o
 .bss           0x00000000        0x0 hcm_libraries/EEPROMUtil.o
 .text._Z12getPriviligePKc
                0x00000000       0x94 hcm_libraries/EEPROMUtil.o
 .text._Z9getUserIdPKc
                0x00000000       0xd6 hcm_libraries/EEPROMUtil.o
 .text._Z13getCallAccessPKcPc
                0x00000000       0xe2 hcm_libraries/EEPROMUtil.o
 .text._Z17verifyRelayAccessPccc
                0x00000000       0x6a hcm_libraries/EEPROMUtil.o
 .text._Z24getPrimaryNetworkSettingPcS_
                0x00000000      0x112 hcm_libraries/EEPROMUtil.o
 .text._Z26getSecondaryNetworkSettingPcS_
                0x00000000      0x112 hcm_libraries/EEPROMUtil.o
 .text._Z24getDefaultNetworkSettingPcS_
                0x00000000       0x22 hcm_libraries/EEPROMUtil.o
 .text._Z21getAccessPointSettingPcS_S_
                0x00000000       0xf0 hcm_libraries/EEPROMUtil.o
 .text          0x00000000        0x0 hcm_libraries/HwProperties.o
 .data          0x00000000        0x0 hcm_libraries/HwProperties.o
 .bss           0x00000000        0x0 hcm_libraries/HwProperties.o
 .rodata.VCC_DETECT
                0x00000000        0x2 hcm_libraries/HwProperties.o
 .rodata.WS28_DATA
                0x00000000        0x2 hcm_libraries/HwProperties.o
 .rodata.EEPROM_DATA_START
                0x00000000        0x2 hcm_libraries/HwProperties.o
 .rodata.HAS_WS28
                0x00000000        0x2 hcm_libraries/HwProperties.o
 .rodata.RECONNECT_TIMER
                0x00000000        0x2 hcm_libraries/HwProperties.o
 .text          0x00000000        0x0 hcm_libraries/Network.o
 .data          0x00000000        0x0 hcm_libraries/Network.o
 .bss           0x00000000        0x0 hcm_libraries/Network.o
 .text._Z13connectToGprsPKc
                0x00000000       0x9a hcm_libraries/Network.o
 .text          0x00000000        0x0 hcm_libraries/GlobalVariables.o
 .data          0x00000000        0x0 hcm_libraries/GlobalVariables.o
 .bss           0x00000000        0x0 hcm_libraries/GlobalVariables.o
 .rodata.END_RECIEVE
                0x00000000        0x1 hcm_libraries/GlobalVariables.o
 .rodata.GPRS_CONNECTED
                0x00000000        0x2 hcm_libraries/GlobalVariables.o
 .rodata.WIFI_CONNECTED
                0x00000000        0x2 hcm_libraries/GlobalVariables.o
 .rodata.USART_BAUDRATE
                0x00000000        0x2 hcm_libraries/GlobalVariables.o
 .text          0x00000000        0x0 hcm_libraries/Processes.o
 .data          0x00000000        0x0 hcm_libraries/Processes.o
 .bss           0x00000000        0x0 hcm_libraries/Processes.o
 .text          0x00000000        0x0 hcm_libraries/SPI.o
 .data          0x00000000        0x0 hcm_libraries/SPI.o
 .bss           0x00000000        0x0 hcm_libraries/SPI.o
 .text._Z9SPI_Writeh
                0x00000000        0xa hcm_libraries/SPI.o
 .text          0x00000000        0x0 hcm_libraries/Utils.o
 .data          0x00000000        0x0 hcm_libraries/Utils.o
 .bss           0x00000000        0x0 hcm_libraries/Utils.o
 .text._Z18USART1_ReceiveBytev
                0x00000000       0x10 hcm_libraries/Utils.o
 .text._Z18USART0_ReceiveBytev
                0x00000000       0x10 hcm_libraries/Utils.o
 .text._Z12turnOnSim900c
                0x00000000       0x30 hcm_libraries/Utils.o
 .text._Z8espPowercc
                0x00000000        0x8 hcm_libraries/Utils.o
 .text._Z19readNetworkSettingsv
                0x00000000      0x16e hcm_libraries/Utils.o
 .text          0x00000000        0x0 main.o
 .data          0x00000000        0x0 main.o
 .bss           0x00000000        0x0 main.o
 .text._Z12decodeBufferc
                0x00000000        0x2 main.o
 .text          0x00000000        0x0 c:/program files (x86)/atmel/studio/7.0/toolchain/avr8/avr8-gnu-toolchain/bin/../lib/gcc/avr/4.9.2/avr51\libgcc.a(_exit.o)
 .data          0x00000000        0x0 c:/program files (x86)/atmel/studio/7.0/toolchain/avr8/avr8-gnu-toolchain/bin/../lib/gcc/avr/4.9.2/avr51\libgcc.a(_exit.o)
 .bss           0x00000000        0x0 c:/program files (x86)/atmel/studio/7.0/toolchain/avr8/avr8-gnu-toolchain/bin/../lib/gcc/avr/4.9.2/avr51\libgcc.a(_exit.o)
 .text.libgcc.mul
                0x00000000        0x0 c:/program files (x86)/atmel/studio/7.0/toolchain/avr8/avr8-gnu-toolchain/bin/../lib/gcc/avr/4.9.2/avr51\libgcc.a(_exit.o)
 .text.libgcc.div
                0x00000000        0x0 c:/program files (x86)/atmel/studio/7.0/toolchain/avr8/avr8-gnu-toolchain/bin/../lib/gcc/avr/4.9.2/avr51\libgcc.a(_exit.o)
 .text.libgcc   0x00000000        0x0 c:/program files (x86)/atmel/studio/7.0/toolchain/avr8/avr8-gnu-toolchain/bin/../lib/gcc/avr/4.9.2/avr51\libgcc.a(_exit.o)
 .text.libgcc.prologue
                0x00000000        0x0 c:/program files (x86)/atmel/studio/7.0/toolchain/avr8/avr8-gnu-toolchain/bin/../lib/gcc/avr/4.9.2/avr51\libgcc.a(_exit.o)
 .text.libgcc.builtins
                0x00000000        0x0 c:/program files (x86)/atmel/studio/7.0/toolchain/avr8/avr8-gnu-toolchain/bin/../lib/gcc/avr/4.9.2/avr51\libgcc.a(_exit.o)
 .text.libgcc.fmul
                0x00000000        0x0 c:/program files (x86)/atmel/studio/7.0/toolchain/avr8/avr8-gnu-toolchain/bin/../lib/gcc/avr/4.9.2/avr51\libgcc.a(_exit.o)
 .text.libgcc.fixed
                0x00000000        0x0 c:/program files (x86)/atmel/studio/7.0/toolchain/avr8/avr8-gnu-toolchain/bin/../lib/gcc/avr/4.9.2/avr51\libgcc.a(_exit.o)
 .text          0x00000000        0x0 c:/program files (x86)/atmel/studio/7.0/toolchain/avr8/avr8-gnu-toolchain/bin/../lib/gcc/avr/4.9.2/avr51\libgcc.a(_tablejump2.o)
 .data          0x00000000        0x0 c:/program files (x86)/atmel/studio/7.0/toolchain/avr8/avr8-gnu-toolchain/bin/../lib/gcc/avr/4.9.2/avr51\libgcc.a(_tablejump2.o)
 .bss           0x00000000        0x0 c:/program files (x86)/atmel/studio/7.0/toolchain/avr8/avr8-gnu-toolchain/bin/../lib/gcc/avr/4.9.2/avr51\libgcc.a(_tablejump2.o)
 .text.libgcc.mul
                0x00000000        0x0 c:/program files (x86)/atmel/studio/7.0/toolchain/avr8/avr8-gnu-toolchain/bin/../lib/gcc/avr/4.9.2/avr51\libgcc.a(_tablejump2.o)
 .text.libgcc.div
                0x00000000        0x0 c:/program files (x86)/atmel/studio/7.0/toolchain/avr8/avr8-gnu-toolchain/bin/../lib/gcc/avr/4.9.2/avr51\libgcc.a(_tablejump2.o)
 .text.libgcc.prologue
                0x00000000        0x0 c:/program files (x86)/atmel/studio/7.0/toolchain/avr8/avr8-gnu-toolchain/bin/../lib/gcc/avr/4.9.2/avr51\libgcc.a(_tablejump2.o)
 .text.libgcc.builtins
                0x00000000        0x0 c:/program files (x86)/atmel/studio/7.0/toolchain/avr8/avr8-gnu-toolchain/bin/../lib/gcc/avr/4.9.2/avr51\libgcc.a(_tablejump2.o)
 .text.libgcc.fmul
                0x00000000        0x0 c:/program files (x86)/atmel/studio/7.0/toolchain/avr8/avr8-gnu-toolchain/bin/../lib/gcc/avr/4.9.2/avr51\libgcc.a(_tablejump2.o)
 .text.libgcc.fixed
                0x00000000        0x0 c:/program files (x86)/atmel/studio/7.0/toolchain/avr8/avr8-gnu-toolchain/bin/../lib/gcc/avr/4.9.2/avr51\libgcc.a(_tablejump2.o)
 .text          0x00000000        0x0 c:/program files (x86)/atmel/studio/7.0/toolchain/avr8/avr8-gnu-toolchain/bin/../lib/gcc/avr/4.9.2/avr51\libgcc.a(_copy_data.o)
 .data          0x00000000        0x0 c:/program files (x86)/atmel/studio/7.0/toolchain/avr8/avr8-gnu-toolchain/bin/../lib/gcc/avr/4.9.2/avr51\libgcc.a(_copy_data.o)
 .bss           0x00000000        0x0 c:/program files (x86)/atmel/studio/7.0/toolchain/avr8/avr8-gnu-toolchain/bin/../lib/gcc/avr/4.9.2/avr51\libgcc.a(_copy_data.o)
 .text.libgcc.mul
                0x00000000        0x0 c:/program files (x86)/atmel/studio/7.0/toolchain/avr8/avr8-gnu-toolchain/bin/../lib/gcc/avr/4.9.2/avr51\libgcc.a(_copy_data.o)
 .text.libgcc.div
                0x00000000        0x0 c:/program files (x86)/atmel/studio/7.0/toolchain/avr8/avr8-gnu-toolchain/bin/../lib/gcc/avr/4.9.2/avr51\libgcc.a(_copy_data.o)
 .text.libgcc   0x00000000        0x0 c:/program files (x86)/atmel/studio/7.0/toolchain/avr8/avr8-gnu-toolchain/bin/../lib/gcc/avr/4.9.2/avr51\libgcc.a(_copy_data.o)
 .text.libgcc.prologue
                0x00000000        0x0 c:/program files (x86)/atmel/studio/7.0/toolchain/avr8/avr8-gnu-toolchain/bin/../lib/gcc/avr/4.9.2/avr51\libgcc.a(_copy_data.o)
 .text.libgcc.builtins
                0x00000000        0x0 c:/program files (x86)/atmel/studio/7.0/toolchain/avr8/avr8-gnu-toolchain/bin/../lib/gcc/avr/4.9.2/avr51\libgcc.a(_copy_data.o)
 .text.libgcc.fmul
                0x00000000        0x0 c:/program files (x86)/atmel/studio/7.0/toolchain/avr8/avr8-gnu-toolchain/bin/../lib/gcc/avr/4.9.2/avr51\libgcc.a(_copy_data.o)
 .text.libgcc.fixed
                0x00000000        0x0 c:/program files (x86)/atmel/studio/7.0/toolchain/avr8/avr8-gnu-toolchain/bin/../lib/gcc/avr/4.9.2/avr51\libgcc.a(_copy_data.o)
 .text          0x00000000        0x0 c:/program files (x86)/atmel/studio/7.0/toolchain/avr8/avr8-gnu-toolchain/bin/../lib/gcc/avr/4.9.2/avr51\libgcc.a(_clear_bss.o)
 .data          0x00000000        0x0 c:/program files (x86)/atmel/studio/7.0/toolchain/avr8/avr8-gnu-toolchain/bin/../lib/gcc/avr/4.9.2/avr51\libgcc.a(_clear_bss.o)
 .bss           0x00000000        0x0 c:/program files (x86)/atmel/studio/7.0/toolchain/avr8/avr8-gnu-toolchain/bin/../lib/gcc/avr/4.9.2/avr51\libgcc.a(_clear_bss.o)
 .text.libgcc.mul
                0x00000000        0x0 c:/program files (x86)/atmel/studio/7.0/toolchain/avr8/avr8-gnu-toolchain/bin/../lib/gcc/avr/4.9.2/avr51\libgcc.a(_clear_bss.o)
 .text.libgcc.div
                0x00000000        0x0 c:/program files (x86)/atmel/studio/7.0/toolchain/avr8/avr8-gnu-toolchain/bin/../lib/gcc/avr/4.9.2/avr51\libgcc.a(_clear_bss.o)
 .text.libgcc   0x00000000        0x0 c:/program files (x86)/atmel/studio/7.0/toolchain/avr8/avr8-gnu-toolchain/bin/../lib/gcc/avr/4.9.2/avr51\libgcc.a(_clear_bss.o)
 .text.libgcc.prologue
                0x00000000        0x0 c:/program files (x86)/atmel/studio/7.0/toolchain/avr8/avr8-gnu-toolchain/bin/../lib/gcc/avr/4.9.2/avr51\libgcc.a(_clear_bss.o)
 .text.libgcc.builtins
                0x00000000        0x0 c:/program files (x86)/atmel/studio/7.0/toolchain/avr8/avr8-gnu-toolchain/bin/../lib/gcc/avr/4.9.2/avr51\libgcc.a(_clear_bss.o)
 .text.libgcc.fmul
                0x00000000        0x0 c:/program files (x86)/atmel/studio/7.0/toolchain/avr8/avr8-gnu-toolchain/bin/../lib/gcc/avr/4.9.2/avr51\libgcc.a(_clear_bss.o)
 .text.libgcc.fixed
                0x00000000        0x0 c:/program files (x86)/atmel/studio/7.0/toolchain/avr8/avr8-gnu-toolchain/bin/../lib/gcc/avr/4.9.2/avr51\libgcc.a(_clear_bss.o)
 .text          0x00000000        0x0 c:/program files (x86)/atmel/studio/7.0/toolchain/avr8/avr8-gnu-toolchain/bin/../lib/gcc/avr/4.9.2/../../../../avr/lib/avr51\libc.a(malloc.o)
 .bss           0x00000000        0x0 c:/program files (x86)/atmel/studio/7.0/toolchain/avr8/avr8-gnu-toolchain/bin/../lib/gcc/avr/4.9.2/../../../../avr/lib/avr51\libc.a(malloc.o)
 .text          0x00000000        0x0 c:/program files (x86)/atmel/studio/7.0/toolchain/avr8/avr8-gnu-toolchain/bin/../lib/gcc/avr/4.9.2/../../../../avr/lib/avr51\libc.a(atoi.o)
 .data          0x00000000        0x0 c:/program files (x86)/atmel/studio/7.0/toolchain/avr8/avr8-gnu-toolchain/bin/../lib/gcc/avr/4.9.2/../../../../avr/lib/avr51\libc.a(atoi.o)
 .bss           0x00000000        0x0 c:/program files (x86)/atmel/studio/7.0/toolchain/avr8/avr8-gnu-toolchain/bin/../lib/gcc/avr/4.9.2/../../../../avr/lib/avr51\libc.a(atoi.o)
 .text          0x00000000        0x0 c:/program files (x86)/atmel/studio/7.0/toolchain/avr8/avr8-gnu-toolchain/bin/../lib/gcc/avr/4.9.2/../../../../avr/lib/avr51\libc.a(isalnum.o)
 .data          0x00000000        0x0 c:/program files (x86)/atmel/studio/7.0/toolchain/avr8/avr8-gnu-toolchain/bin/../lib/gcc/avr/4.9.2/../../../../avr/lib/avr51\libc.a(isalnum.o)
 .bss           0x00000000        0x0 c:/program files (x86)/atmel/studio/7.0/toolchain/avr8/avr8-gnu-toolchain/bin/../lib/gcc/avr/4.9.2/../../../../avr/lib/avr51\libc.a(isalnum.o)
 .text          0x00000000        0x0 c:/program files (x86)/atmel/studio/7.0/toolchain/avr8/avr8-gnu-toolchain/bin/../lib/gcc/avr/4.9.2/../../../../avr/lib/avr51\libc.a(cty_isfalse.o)
 .data          0x00000000        0x0 c:/program files (x86)/atmel/studio/7.0/toolchain/avr8/avr8-gnu-toolchain/bin/../lib/gcc/avr/4.9.2/../../../../avr/lib/avr51\libc.a(cty_isfalse.o)
 .bss           0x00000000        0x0 c:/program files (x86)/atmel/studio/7.0/toolchain/avr8/avr8-gnu-toolchain/bin/../lib/gcc/avr/4.9.2/../../../../avr/lib/avr51\libc.a(cty_isfalse.o)
 .text          0x00000000        0x0 c:/program files (x86)/atmel/studio/7.0/toolchain/avr8/avr8-gnu-toolchain/bin/../lib/gcc/avr/4.9.2/../../../../avr/lib/avr51\libc.a(isalpha.o)
 .data          0x00000000        0x0 c:/program files (x86)/atmel/studio/7.0/toolchain/avr8/avr8-gnu-toolchain/bin/../lib/gcc/avr/4.9.2/../../../../avr/lib/avr51\libc.a(isalpha.o)
 .bss           0x00000000        0x0 c:/program files (x86)/atmel/studio/7.0/toolchain/avr8/avr8-gnu-toolchain/bin/../lib/gcc/avr/4.9.2/../../../../avr/lib/avr51\libc.a(isalpha.o)
 .text          0x00000000        0x0 c:/program files (x86)/atmel/studio/7.0/toolchain/avr8/avr8-gnu-toolchain/bin/../lib/gcc/avr/4.9.2/../../../../avr/lib/avr51\libc.a(strtok.o)
 .data          0x00000000        0x0 c:/program files (x86)/atmel/studio/7.0/toolchain/avr8/avr8-gnu-toolchain/bin/../lib/gcc/avr/4.9.2/../../../../avr/lib/avr51\libc.a(strtok.o)
 .text          0x00000000        0x0 c:/program files (x86)/atmel/studio/7.0/toolchain/avr8/avr8-gnu-toolchain/bin/../lib/gcc/avr/4.9.2/../../../../avr/lib/avr51\libc.a(memset.o)
 .data          0x00000000        0x0 c:/program files (x86)/atmel/studio/7.0/toolchain/avr8/avr8-gnu-toolchain/bin/../lib/gcc/avr/4.9.2/../../../../avr/lib/avr51\libc.a(memset.o)
 .bss           0x00000000        0x0 c:/program files (x86)/atmel/studio/7.0/toolchain/avr8/avr8-gnu-toolchain/bin/../lib/gcc/avr/4.9.2/../../../../avr/lib/avr51\libc.a(memset.o)
 .text          0x00000000        0x0 c:/program files (x86)/atmel/studio/7.0/toolchain/avr8/avr8-gnu-toolchain/bin/../lib/gcc/avr/4.9.2/../../../../avr/lib/avr51\libc.a(strcat.o)
 .data          0x00000000        0x0 c:/program files (x86)/atmel/studio/7.0/toolchain/avr8/avr8-gnu-toolchain/bin/../lib/gcc/avr/4.9.2/../../../../avr/lib/avr51\libc.a(strcat.o)
 .bss           0x00000000        0x0 c:/program files (x86)/atmel/studio/7.0/toolchain/avr8/avr8-gnu-toolchain/bin/../lib/gcc/avr/4.9.2/../../../../avr/lib/avr51\libc.a(strcat.o)
 .text          0x00000000        0x0 c:/program files (x86)/atmel/studio/7.0/toolchain/avr8/avr8-gnu-toolchain/bin/../lib/gcc/avr/4.9.2/../../../../avr/lib/avr51\libc.a(strchr.o)
 .data          0x00000000        0x0 c:/program files (x86)/atmel/studio/7.0/toolchain/avr8/avr8-gnu-toolchain/bin/../lib/gcc/avr/4.9.2/../../../../avr/lib/avr51\libc.a(strchr.o)
 .bss           0x00000000        0x0 c:/program files (x86)/atmel/studio/7.0/toolchain/avr8/avr8-gnu-toolchain/bin/../lib/gcc/avr/4.9.2/../../../../avr/lib/avr51\libc.a(strchr.o)
 .text          0x00000000        0x0 c:/program files (x86)/atmel/studio/7.0/toolchain/avr8/avr8-gnu-toolchain/bin/../lib/gcc/avr/4.9.2/../../../../avr/lib/avr51\libc.a(strcpy.o)
 .data          0x00000000        0x0 c:/program files (x86)/atmel/studio/7.0/toolchain/avr8/avr8-gnu-toolchain/bin/../lib/gcc/avr/4.9.2/../../../../avr/lib/avr51\libc.a(strcpy.o)
 .bss           0x00000000        0x0 c:/program files (x86)/atmel/studio/7.0/toolchain/avr8/avr8-gnu-toolchain/bin/../lib/gcc/avr/4.9.2/../../../../avr/lib/avr51\libc.a(strcpy.o)
 .text          0x00000000        0x0 c:/program files (x86)/atmel/studio/7.0/toolchain/avr8/avr8-gnu-toolchain/bin/../lib/gcc/avr/4.9.2/../../../../avr/lib/avr51\libc.a(strstr.o)
 .data          0x00000000        0x0 c:/program files (x86)/atmel/studio/7.0/toolchain/avr8/avr8-gnu-toolchain/bin/../lib/gcc/avr/4.9.2/../../../../avr/lib/avr51\libc.a(strstr.o)
 .bss           0x00000000        0x0 c:/program files (x86)/atmel/studio/7.0/toolchain/avr8/avr8-gnu-toolchain/bin/../lib/gcc/avr/4.9.2/../../../../avr/lib/avr51\libc.a(strstr.o)
 .text          0x00000000        0x0 c:/program files (x86)/atmel/studio/7.0/toolchain/avr8/avr8-gnu-toolchain/bin/../lib/gcc/avr/4.9.2/../../../../avr/lib/avr51\libc.a(strtok_r.o)
 .data          0x00000000        0x0 c:/program files (x86)/atmel/studio/7.0/toolchain/avr8/avr8-gnu-toolchain/bin/../lib/gcc/avr/4.9.2/../../../../avr/lib/avr51\libc.a(strtok_r.o)
 .bss           0x00000000        0x0 c:/program files (x86)/atmel/studio/7.0/toolchain/avr8/avr8-gnu-toolchain/bin/../lib/gcc/avr/4.9.2/../../../../avr/lib/avr51\libc.a(strtok_r.o)
 .text          0x00000000        0x0 c:/program files (x86)/atmel/studio/7.0/toolchain/avr8/avr8-gnu-toolchain/bin/../lib/gcc/avr/4.9.2/../../../../avr/lib/avr51\libc.a(itoa_ncheck.o)
 .data          0x00000000        0x0 c:/program files (x86)/atmel/studio/7.0/toolchain/avr8/avr8-gnu-toolchain/bin/../lib/gcc/avr/4.9.2/../../../../avr/lib/avr51\libc.a(itoa_ncheck.o)
 .bss           0x00000000        0x0 c:/program files (x86)/atmel/studio/7.0/toolchain/avr8/avr8-gnu-toolchain/bin/../lib/gcc/avr/4.9.2/../../../../avr/lib/avr51\libc.a(itoa_ncheck.o)
 .text          0x00000000        0x0 c:/program files (x86)/atmel/studio/7.0/toolchain/avr8/avr8-gnu-toolchain/bin/../lib/gcc/avr/4.9.2/../../../../avr/lib/avr51\libc.a(mul10.o)
 .data          0x00000000        0x0 c:/program files (x86)/atmel/studio/7.0/toolchain/avr8/avr8-gnu-toolchain/bin/../lib/gcc/avr/4.9.2/../../../../avr/lib/avr51\libc.a(mul10.o)
 .bss           0x00000000        0x0 c:/program files (x86)/atmel/studio/7.0/toolchain/avr8/avr8-gnu-toolchain/bin/../lib/gcc/avr/4.9.2/../../../../avr/lib/avr51\libc.a(mul10.o)
 .text          0x00000000        0x0 c:/program files (x86)/atmel/studio/7.0/toolchain/avr8/avr8-gnu-toolchain/bin/../lib/gcc/avr/4.9.2/../../../../avr/lib/avr51\libc.a(utoa_ncheck.o)
 .data          0x00000000        0x0 c:/program files (x86)/atmel/studio/7.0/toolchain/avr8/avr8-gnu-toolchain/bin/../lib/gcc/avr/4.9.2/../../../../avr/lib/avr51\libc.a(utoa_ncheck.o)
 .bss           0x00000000        0x0 c:/program files (x86)/atmel/studio/7.0/toolchain/avr8/avr8-gnu-toolchain/bin/../lib/gcc/avr/4.9.2/../../../../avr/lib/avr51\libc.a(utoa_ncheck.o)
 .text          0x00000000        0x0 c:/program files (x86)/atmel/studio/7.0/toolchain/avr8/avr8-gnu-toolchain/bin/../lib/gcc/avr/4.9.2/../../../../avr/lib/avr51\libc.a(strrev.o)
 .data          0x00000000        0x0 c:/program files (x86)/atmel/studio/7.0/toolchain/avr8/avr8-gnu-toolchain/bin/../lib/gcc/avr/4.9.2/../../../../avr/lib/avr51\libc.a(strrev.o)
 .bss           0x00000000        0x0 c:/program files (x86)/atmel/studio/7.0/toolchain/avr8/avr8-gnu-toolchain/bin/../lib/gcc/avr/4.9.2/../../../../avr/lib/avr51\libc.a(strrev.o)
 .text          0x00000000        0x0 C:/Program Files (x86)/Atmel/Studio/7.0/Packs/atmel/ATmega_DFP/1.0.106/gcc/dev/atmega1284p/avr51\libatmega1284p.a(eerd_byte.o)
 .data          0x00000000        0x0 C:/Program Files (x86)/Atmel/Studio/7.0/Packs/atmel/ATmega_DFP/1.0.106/gcc/dev/atmega1284p/avr51\libatmega1284p.a(eerd_byte.o)
 .bss           0x00000000        0x0 C:/Program Files (x86)/Atmel/Studio/7.0/Packs/atmel/ATmega_DFP/1.0.106/gcc/dev/atmega1284p/avr51\libatmega1284p.a(eerd_byte.o)
 .text          0x00000000        0x0 C:/Program Files (x86)/Atmel/Studio/7.0/Packs/atmel/ATmega_DFP/1.0.106/gcc/dev/atmega1284p/avr51\libatmega1284p.a(eewr_byte.o)
 .data          0x00000000        0x0 C:/Program Files (x86)/Atmel/Studio/7.0/Packs/atmel/ATmega_DFP/1.0.106/gcc/dev/atmega1284p/avr51\libatmega1284p.a(eewr_byte.o)
 .bss           0x00000000        0x0 C:/Program Files (x86)/Atmel/Studio/7.0/Packs/atmel/ATmega_DFP/1.0.106/gcc/dev/atmega1284p/avr51\libatmega1284p.a(eewr_byte.o)

Memory Configuration

Name             Origin             Length             Attributes
text             0x00000000         0x00020000         xr
data             0x00800100         0x0000ff00         rw !x
eeprom           0x00810000         0x00010000         rw !x
fuse             0x00820000         0x00000400         rw !x
lock             0x00830000         0x00000400         rw !x
signature        0x00840000         0x00000400         rw !x
user_signatures  0x00850000         0x00000400         rw !x
*default*        0x00000000         0xffffffff

Linker script and memory map

Address of section .data set to 0x800100
LOAD C:/Program Files (x86)/Atmel/Studio/7.0/Packs/atmel/ATmega_DFP/1.0.106/gcc/dev/atmega1284p/avr51/crtatmega1284p.o
LOAD hcm_libraries/EEPROMUtil.o
LOAD hcm_libraries/HwProperties.o
LOAD hcm_libraries/Network.o
LOAD hcm_libraries/GlobalVariables.o
LOAD hcm_libraries/Processes.o
LOAD hcm_libraries/SPI.o
LOAD hcm_libraries/Utils.o
LOAD main.o
START GROUP
LOAD c:/program files (x86)/atmel/studio/7.0/toolchain/avr8/avr8-gnu-toolchain/bin/../lib/gcc/avr/4.9.2/../../../../avr/lib/avr51\libm.a
END GROUP
LOAD c:/program files (x86)/atmel/studio/7.0/toolchain/avr8/avr8-gnu-toolchain/bin/../lib/gcc/avr/4.9.2/avr51\libgcc.a
LOAD c:/program files (x86)/atmel/studio/7.0/toolchain/avr8/avr8-gnu-toolchain/bin/../lib/gcc/avr/4.9.2/../../../../avr/lib/avr51\libm.a
START GROUP
LOAD c:/program files (x86)/atmel/studio/7.0/toolchain/avr8/avr8-gnu-toolchain/bin/../lib/gcc/avr/4.9.2/avr51\libgcc.a
LOAD c:/program files (x86)/atmel/studio/7.0/toolchain/avr8/avr8-gnu-toolchain/bin/../lib/gcc/avr/4.9.2/../../../../avr/lib/avr51\libm.a
LOAD c:/program files (x86)/atmel/studio/7.0/toolchain/avr8/avr8-gnu-toolchain/bin/../lib/gcc/avr/4.9.2/../../../../avr/lib/avr51\libc.a
LOAD C:/Program Files (x86)/Atmel/Studio/7.0/Packs/atmel/ATmega_DFP/1.0.106/gcc/dev/atmega1284p/avr51\libatmega1284p.a
END GROUP
                0x00020000                __TEXT_REGION_LENGTH__ = DEFINED (__TEXT_REGION_LENGTH__)?__TEXT_REGION_LENGTH__:0x20000
                0x0000ff00                __DATA_REGION_LENGTH__ = DEFINED (__DATA_REGION_LENGTH__)?__DATA_REGION_LENGTH__:0xff00
                0x00010000                __EEPROM_REGION_LENGTH__ = DEFINED (__EEPROM_REGION_LENGTH__)?__EEPROM_REGION_LENGTH__:0x10000
                0x00000400                __FUSE_REGION_LENGTH__ = DEFINED (__FUSE_REGION_LENGTH__)?__FUSE_REGION_LENGTH__:0x400
                0x00000400                __LOCK_REGION_LENGTH__ = DEFINED (__LOCK_REGION_LENGTH__)?__LOCK_REGION_LENGTH__:0x400
                0x00000400                __SIGNATURE_REGION_LENGTH__ = DEFINED (__SIGNATURE_REGION_LENGTH__)?__SIGNATURE_REGION_LENGTH__:0x400
                0x00000400                __USER_SIGNATURE_REGION_LENGTH__ = DEFINED (__USER_SIGNATURE_REGION_LENGTH__)?__USER_SIGNATURE_REGION_LENGTH__:0x400

.hash
 *(.hash)

.dynsym
 *(.dynsym)

.dynstr
 *(.dynstr)

.gnu.version
 *(.gnu.version)

.gnu.version_d
 *(.gnu.version_d)

.gnu.version_r
 *(.gnu.version_r)

.rel.init
 *(.rel.init)

.rela.init
 *(.rela.init)

.rel.text
 *(.rel.text)
 *(.rel.text.*)
 *(.rel.gnu.linkonce.t*)

.rela.text
 *(.rela.text)
 *(.rela.text.*)
 *(.rela.gnu.linkonce.t*)

.rel.fini
 *(.rel.fini)

.rela.fini
 *(.rela.fini)

.rel.rodata
 *(.rel.rodata)
 *(.rel.rodata.*)
 *(.rel.gnu.linkonce.r*)

.rela.rodata
 *(.rela.rodata)
 *(.rela.rodata.*)
 *(.rela.gnu.linkonce.r*)

.rel.data
 *(.rel.data)
 *(.rel.data.*)
 *(.rel.gnu.linkonce.d*)

.rela.data
 *(.rela.data)
 *(.rela.data.*)
 *(.rela.gnu.linkonce.d*)

.rel.ctors
 *(.rel.ctors)

.rela.ctors
 *(.rela.ctors)

.rel.dtors
 *(.rel.dtors)

.rela.dtors
 *(.rela.dtors)

.rel.got
 *(.rel.got)

.rela.got
 *(.rela.got)

.rel.bss
 *(.rel.bss)

.rela.bss
 *(.rela.bss)

.rel.plt
 *(.rel.plt)

.rela.plt
 *(.rela.plt)

.text           0x00000000     0x2e92
 *(.vectors)
 .vectors       0x00000000       0x8c C:/Program Files (x86)/Atmel/Studio/7.0/Packs/atmel/ATmega_DFP/1.0.106/gcc/dev/atmega1284p/avr51/crtatmega1284p.o
                0x00000000                __vector_default
                0x00000000                __vectors
 *(.vectors)
 *(.progmem.gcc*)
 .progmem.gcc_sw_table._Z13getSystemTimev
                0x0000008c        0xe hcm_libraries/Network.o
 .progmem.gcc_sw_table._Z7pinModeic
                0x0000009a       0x58 hcm_libraries/Utils.o
 .progmem.gcc_sw_table._Z12digitalWriteic
                0x000000f2       0x3c hcm_libraries/Utils.o
                0x0000012e                . = ALIGN (0x2)
                0x0000012e                __trampolines_start = .
 *(.trampolines)
 .trampolines   0x0000012e        0x0 linker stubs
 *(.trampolines*)
                0x0000012e                __trampolines_end = .
 *libprintf_flt.a:*(.progmem.data)
 *libc.a:*(.progmem.data)
 *(.progmem*)
                0x0000012e                . = ALIGN (0x2)
 *(.jumptables)
 *(.jumptables*)
 *(.lowtext)
 *(.lowtext*)
                0x0000012e                __ctors_start = .
 *(.ctors)
                0x0000012e                __ctors_end = .
                0x0000012e                __dtors_start = .
 *(.dtors)
                0x0000012e                __dtors_end = .
 SORT(*)(.ctors)
 SORT(*)(.dtors)
 *(.init0)
 .init0         0x0000012e        0x0 C:/Program Files (x86)/Atmel/Studio/7.0/Packs/atmel/ATmega_DFP/1.0.106/gcc/dev/atmega1284p/avr51/crtatmega1284p.o
                0x0000012e                __init
 *(.init0)
 *(.init1)
 *(.init1)
 *(.init2)
 .init2         0x0000012e        0xc C:/Program Files (x86)/Atmel/Studio/7.0/Packs/atmel/ATmega_DFP/1.0.106/gcc/dev/atmega1284p/avr51/crtatmega1284p.o
 *(.init2)
 *(.init3)
 *(.init3)
 *(.init4)
 .init4         0x0000013a       0x1a c:/program files (x86)/atmel/studio/7.0/toolchain/avr8/avr8-gnu-toolchain/bin/../lib/gcc/avr/4.9.2/avr51\libgcc.a(_copy_data.o)
                0x0000013a                __do_copy_data
 .init4         0x00000154       0x10 c:/program files (x86)/atmel/studio/7.0/toolchain/avr8/avr8-gnu-toolchain/bin/../lib/gcc/avr/4.9.2/avr51\libgcc.a(_clear_bss.o)
                0x00000154                __do_clear_bss
 *(.init4)
 *(.init5)
 *(.init5)
 *(.init6)
 *(.init6)
 *(.init7)
 *(.init7)
 *(.init8)
 *(.init8)
 *(.init9)
 .init9         0x00000164        0x8 C:/Program Files (x86)/Atmel/Studio/7.0/Packs/atmel/ATmega_DFP/1.0.106/gcc/dev/atmega1284p/avr51/crtatmega1284p.o
 *(.init9)
 *(.text)
 .text          0x0000016c        0x2 C:/Program Files (x86)/Atmel/Studio/7.0/Packs/atmel/ATmega_DFP/1.0.106/gcc/dev/atmega1284p/avr51/crtatmega1284p.o
                0x0000016c                __vector_22
                0x0000016c                __vector_1
                0x0000016c                __vector_32
                0x0000016c                __vector_34
                0x0000016c                __vector_24
                0x0000016c                __vector_12
                0x0000016c                __bad_interrupt
                0x0000016c                __vector_6
                0x0000016c                __vector_31
                0x0000016c                __vector_3
                0x0000016c                __vector_23
                0x0000016c                __vector_30
                0x0000016c                __vector_25
                0x0000016c                __vector_11
                0x0000016c                __vector_13
                0x0000016c                __vector_17
                0x0000016c                __vector_19
                0x0000016c                __vector_7
                0x0000016c                __vector_27
                0x0000016c                __vector_5
                0x0000016c                __vector_33
                0x0000016c                __vector_4
                0x0000016c                __vector_9
                0x0000016c                __vector_2
                0x0000016c                __vector_21
                0x0000016c                __vector_15
                0x0000016c                __vector_29
                0x0000016c                __vector_8
                0x0000016c                __vector_26
                0x0000016c                __vector_14
                0x0000016c                __vector_10
                0x0000016c                __vector_16
                0x0000016e                . = ALIGN (0x2)
 *(.text.*)
 .text._Z13eepromSaveCfgPKci
                0x0000016e       0x3c hcm_libraries/EEPROMUtil.o
                0x0000016e                _Z13eepromSaveCfgPKci
 .text._Z11clearEEPROMii
                0x000001aa       0x4c hcm_libraries/EEPROMUtil.o
                0x000001aa                _Z11clearEEPROMii
 .text._Z19eepromReadAttributePciS_i
                0x000001f6      0x1e6 hcm_libraries/EEPROMUtil.o
                0x000001f6                _Z19eepromReadAttributePciS_i
 .text._Z15getRelaySettingii
                0x000003dc      0x222 hcm_libraries/EEPROMUtil.o
                0x000003dc                _Z15getRelaySettingii
 .text._Z25initializeTimerSettingIdsv
                0x000005fe      0x1d0 hcm_libraries/EEPROMUtil.o
                0x000005fe                _Z25initializeTimerSettingIdsv
 .text._Z15getTimerSettingii
                0x000007ce      0x2da hcm_libraries/EEPROMUtil.o
                0x000007ce                _Z15getTimerSettingii
 .text._Z20isCurrentTimerActivev
                0x00000aa8       0xc6 hcm_libraries/EEPROMUtil.o
                0x00000aa8                _Z20isCurrentTimerActivev
 .text.__vector_28
                0x00000b6e       0x86 hcm_libraries/Network.o
                0x00000b6e                __vector_28
 .text.__vector_20
                0x00000bf4       0x86 hcm_libraries/Network.o
                0x00000bf4                __vector_20
 .text.__vector_18
                0x00000c7a      0x1a0 hcm_libraries/Network.o
                0x00000c7a                __vector_18
 .text._Z9readUntilPKci
                0x00000e1a       0xd4 hcm_libraries/Network.o
                0x00000e1a                _Z9readUntilPKci
 .text._Z7cipsendPcS_
                0x00000eee      0x104 hcm_libraries/Network.o
                0x00000eee                _Z7cipsendPcS_
 .text._Z12sendToServerPci
                0x00000ff2       0xce hcm_libraries/Network.o
                0x00000ff2                _Z12sendToServerPci
 .text._Z8sendToAPPcS_
                0x000010c0       0xc8 hcm_libraries/Network.o
                0x000010c0                _Z8sendToAPPcS_
 .text._Z13getSystemTimev
                0x00001188       0xf2 hcm_libraries/Network.o
                0x00001188                _Z13getSystemTimev
 .text._Z15setSerialNumberv
                0x0000127a       0xaa hcm_libraries/Network.o
                0x0000127a                _Z15setSerialNumberv
 .text._Z17checkSerialNumberv
                0x00001324      0x112 hcm_libraries/Network.o
                0x00001324                _Z17checkSerialNumberv
 .text._Z13connectToWifiPKcS0_
                0x00001436       0xbe hcm_libraries/Network.o
                0x00001436                _Z13connectToWifiPKcS0_
 .text._Z15connectToServerPKcS0_
                0x000014f4       0xa4 hcm_libraries/Network.o
                0x000014f4                _Z15connectToServerPKcS0_
 .text._Z10networkingv
                0x00001598       0xf2 hcm_libraries/Network.o
                0x00001598                _Z10networkingv
 .text._Z6WebAppv
                0x0000168a      0x516 hcm_libraries/Processes.o
                0x0000168a                _Z6WebAppv
 .text._Z11switchRelayccc
                0x00001ba0      0x1f6 hcm_libraries/Processes.o
                0x00001ba0                _Z11switchRelayccc
 .text._Z12RelayControlv
                0x00001d96       0xb4 hcm_libraries/Processes.o
                0x00001d96                _Z12RelayControlv
 .text._Z15ReceiveSettingsv
                0x00001e4a      0x104 hcm_libraries/Processes.o
                0x00001e4a                _Z15ReceiveSettingsv
 .text._Z22CheckModuleConnectionsv
                0x00001f4e      0x26c hcm_libraries/Processes.o
                0x00001f4e                _Z22CheckModuleConnectionsv
 .text._Z9HeartBeatv
                0x000021ba       0x54 hcm_libraries/Processes.o
                0x000021ba                _Z9HeartBeatv
 .text._Z18ProcessRelayTimersv
                0x0000220e      0x1e6 hcm_libraries/Processes.o
                0x0000220e                _Z18ProcessRelayTimersv
 .text._Z10chipSelectii
                0x000023f4       0x6e hcm_libraries/SPI.o
                0x000023f4                _Z10chipSelectii
 .text._Z15SPI_init_masterv
                0x00002462        0x8 hcm_libraries/SPI.o
                0x00002462                _Z15SPI_init_masterv
 .text._Z13SPI_WriteReadh
                0x0000246a        0xc hcm_libraries/SPI.o
                0x0000246a                _Z13SPI_WriteReadh
 .text._Z10USART_Initv
                0x00002476       0x26 hcm_libraries/Utils.o
                0x00002476                _Z10USART_Initv
 .text._Z15USART1_SendBytec
                0x0000249c       0x10 hcm_libraries/Utils.o
                0x0000249c                _Z15USART1_SendBytec
 .text._Z17USART1_SendStringPKc
                0x000024ac       0x1c hcm_libraries/Utils.o
                0x000024ac                _Z17USART1_SendStringPKc
 .text._Z15USART0_SendBytec
                0x000024c8       0x10 hcm_libraries/Utils.o
                0x000024c8                _Z15USART0_SendBytec
 .text._Z17USART0_SendStringPKc
                0x000024d8       0x1c hcm_libraries/Utils.o
                0x000024d8                _Z17USART0_SendStringPKc
 .text._Z5delayi
                0x000024f4       0x18 hcm_libraries/Utils.o
                0x000024f4                _Z5delayi
 .text._Z7pinModeic
                0x0000250c       0xd2 hcm_libraries/Utils.o
                0x0000250c                _Z7pinModeic
 .text._Z12digitalWriteic
                0x000025de       0x64 hcm_libraries/Utils.o
                0x000025de                _Z12digitalWriteic
 .text._Z11digitalReadi
                0x00002642       0x42 hcm_libraries/Utils.o
                0x00002642                _Z11digitalReadi
 .text._Z9setSourcei
                0x00002684       0x48 hcm_libraries/Utils.o
                0x00002684                _Z9setSourcei
 .text._Z15defaultSettingsv
                0x000026cc      0x1b4 hcm_libraries/Utils.o
                0x000026cc                _Z15defaultSettingsv
 .text._Z13clearReadLinev
                0x00002880       0x60 hcm_libraries/Utils.o
                0x00002880                _Z13clearReadLinev
 .text._Z9initTimerv
                0x000028e0       0x14 hcm_libraries/Utils.o
                0x000028e0                _Z9initTimerv
 .text._Z14powerUpModulesv
                0x000028f4       0x48 hcm_libraries/Utils.o
                0x000028f4                _Z14powerUpModulesv
 .text._Z11atmegaSetupv
                0x0000293c       0xc4 hcm_libraries/Utils.o
                0x0000293c                _Z11atmegaSetupv
 .text._Z5setupv
                0x00002a00        0xa hcm_libraries/Utils.o
                0x00002a00                _Z5setupv
 .text._Z9processIOv
                0x00002a0a       0x1c main.o
                0x00002a0a                _Z9processIOv
 .text._Z15systemProcessesv
                0x00002a26        0x8 main.o
                0x00002a26                _Z15systemProcessesv
 .text.main     0x00002a2e       0x20 main.o
                0x00002a2e                main
 .text.libgcc   0x00002a4e       0x12 c:/program files (x86)/atmel/studio/7.0/toolchain/avr8/avr8-gnu-toolchain/bin/../lib/gcc/avr/4.9.2/avr51\libgcc.a(_tablejump2.o)
                0x00002a4e                __tablejump2__
 .text.avr-libc
                0x00002a60      0x25a c:/program files (x86)/atmel/studio/7.0/toolchain/avr8/avr8-gnu-toolchain/bin/../lib/gcc/avr/4.9.2/../../../../avr/lib/avr51\libc.a(malloc.o)
                0x00002a60                malloc
                0x00002b8a                free
 .text.avr-libc
                0x00002cba       0x3a c:/program files (x86)/atmel/studio/7.0/toolchain/avr8/avr8-gnu-toolchain/bin/../lib/gcc/avr/4.9.2/../../../../avr/lib/avr51\libc.a(atoi.o)
                0x00002cba                atoi
 .text.avr-libc
                0x00002cf4       0x10 c:/program files (x86)/atmel/studio/7.0/toolchain/avr8/avr8-gnu-toolchain/bin/../lib/gcc/avr/4.9.2/../../../../avr/lib/avr51\libc.a(isalnum.o)
                0x00002cf4                isalnum
 .text.avr-libc
                0x00002d04        0x6 c:/program files (x86)/atmel/studio/7.0/toolchain/avr8/avr8-gnu-toolchain/bin/../lib/gcc/avr/4.9.2/../../../../avr/lib/avr51\libc.a(cty_isfalse.o)
                0x00002d04                __ctype_isfalse
                0x00002d08                __ctype_istrue
 .text.avr-libc
                0x00002d0a       0x12 c:/program files (x86)/atmel/studio/7.0/toolchain/avr8/avr8-gnu-toolchain/bin/../lib/gcc/avr/4.9.2/../../../../avr/lib/avr51\libc.a(isalpha.o)
                0x00002d0a                isupper
                0x00002d0e                isalpha
                0x00002d10                islower
 .text.avr-libc
                0x00002d1c        0x6 c:/program files (x86)/atmel/studio/7.0/toolchain/avr8/avr8-gnu-toolchain/bin/../lib/gcc/avr/4.9.2/../../../../avr/lib/avr51\libc.a(strtok.o)
                0x00002d1c                strtok
 .text.avr-libc
                0x00002d22        0xe c:/program files (x86)/atmel/studio/7.0/toolchain/avr8/avr8-gnu-toolchain/bin/../lib/gcc/avr/4.9.2/../../../../avr/lib/avr51\libc.a(memset.o)
                0x00002d22                memset
 .text.avr-libc
                0x00002d30       0x16 c:/program files (x86)/atmel/studio/7.0/toolchain/avr8/avr8-gnu-toolchain/bin/../lib/gcc/avr/4.9.2/../../../../avr/lib/avr51\libc.a(strcat.o)
                0x00002d30                strcat
 .text.avr-libc
                0x00002d46       0x16 c:/program files (x86)/atmel/studio/7.0/toolchain/avr8/avr8-gnu-toolchain/bin/../lib/gcc/avr/4.9.2/../../../../avr/lib/avr51\libc.a(strchr.o)
                0x00002d46                strchr
 .text.avr-libc
                0x00002d5c        0xe c:/program files (x86)/atmel/studio/7.0/toolchain/avr8/avr8-gnu-toolchain/bin/../lib/gcc/avr/4.9.2/../../../../avr/lib/avr51\libc.a(strcpy.o)
                0x00002d5c                strcpy
 .text.avr-libc
                0x00002d6a       0x34 c:/program files (x86)/atmel/studio/7.0/toolchain/avr8/avr8-gnu-toolchain/bin/../lib/gcc/avr/4.9.2/../../../../avr/lib/avr51\libc.a(strstr.o)
                0x00002d6a                strstr
 .text.avr-libc
                0x00002d9e       0x4e c:/program files (x86)/atmel/studio/7.0/toolchain/avr8/avr8-gnu-toolchain/bin/../lib/gcc/avr/4.9.2/../../../../avr/lib/avr51\libc.a(strtok_r.o)
                0x00002d9e                strtok_r
 .text.avr-libc
                0x00002dec       0x14 c:/program files (x86)/atmel/studio/7.0/toolchain/avr8/avr8-gnu-toolchain/bin/../lib/gcc/avr/4.9.2/../../../../avr/lib/avr51\libc.a(itoa_ncheck.o)
                0x00002dec                __itoa_ncheck
 .text.avr-libc
                0x00002e00       0x10 c:/program files (x86)/atmel/studio/7.0/toolchain/avr8/avr8-gnu-toolchain/bin/../lib/gcc/avr/4.9.2/../../../../avr/lib/avr51\libc.a(mul10.o)
                0x00002e00                __mulhi_const_10
 .text.avr-libc
                0x00002e10       0x32 c:/program files (x86)/atmel/studio/7.0/toolchain/avr8/avr8-gnu-toolchain/bin/../lib/gcc/avr/4.9.2/../../../../avr/lib/avr51\libc.a(utoa_ncheck.o)
                0x00002e10                __utoa_ncheck
                0x00002e12                __utoa_common
 .text.avr-libc
                0x00002e42       0x20 c:/program files (x86)/atmel/studio/7.0/toolchain/avr8/avr8-gnu-toolchain/bin/../lib/gcc/avr/4.9.2/../../../../avr/lib/avr51\libc.a(strrev.o)
                0x00002e42                strrev
 .text.avr-libc
                0x00002e62       0x10 C:/Program Files (x86)/Atmel/Studio/7.0/Packs/atmel/ATmega_DFP/1.0.106/gcc/dev/atmega1284p/avr51\libatmega1284p.a(eerd_byte.o)
                0x00002e62                eeprom_read_byte
 .text.avr-libc
                0x00002e72       0x1c C:/Program Files (x86)/Atmel/Studio/7.0/Packs/atmel/ATmega_DFP/1.0.106/gcc/dev/atmega1284p/avr51\libatmega1284p.a(eewr_byte.o)
                0x00002e72                eeprom_write_byte
                0x00002e74                eeprom_write_r18
                0x00002e8e                . = ALIGN (0x2)
 *(.fini9)
 .fini9         0x00002e8e        0x0 c:/program files (x86)/atmel/studio/7.0/toolchain/avr8/avr8-gnu-toolchain/bin/../lib/gcc/avr/4.9.2/avr51\libgcc.a(_exit.o)
                0x00002e8e                _exit
                0x00002e8e                exit
 *(.fini9)
 *(.fini8)
 *(.fini8)
 *(.fini7)
 *(.fini7)
 *(.fini6)
 *(.fini6)
 *(.fini5)
 *(.fini5)
 *(.fini4)
 *(.fini4)
 *(.fini3)
 *(.fini3)
 *(.fini2)
 *(.fini2)
 *(.fini1)
 *(.fini1)
 *(.fini0)
 .fini0         0x00002e8e        0x4 c:/program files (x86)/atmel/studio/7.0/toolchain/avr8/avr8-gnu-toolchain/bin/../lib/gcc/avr/4.9.2/avr51\libgcc.a(_exit.o)
 *(.fini0)
                0x00002e92                _etext = .

.data           0x00800100      0x602 load address 0x00002e92
                0x00800100                PROVIDE (__data_start, .)
 *(.data)
 .data          0x00800100        0x6 c:/program files (x86)/atmel/studio/7.0/toolchain/avr8/avr8-gnu-toolchain/bin/../lib/gcc/avr/4.9.2/../../../../avr/lib/avr51\libc.a(malloc.o)
                0x00800100                __malloc_heap_end
                0x00800102                __malloc_heap_start
                0x00800104                __malloc_margin
 *(.data*)
 *(.rodata)
 .rodata        0x00800106       0x1e hcm_libraries/Processes.o
 *(.rodata*)
 .rodata.str1.1
                0x00800124       0x60 hcm_libraries/EEPROMUtil.o
                                 0x64 (size before relaxing)
 .rodata.SS     0x00800184        0x2 hcm_libraries/HwProperties.o
                0x00800184                SS
 .rodata.MISO   0x00800186        0x2 hcm_libraries/HwProperties.o
                0x00800186                MISO
 .rodata.MOSI   0x00800188        0x2 hcm_libraries/HwProperties.o
                0x00800188                MOSI
 .rodata.SCK    0x0080018a        0x2 hcm_libraries/HwProperties.o
                0x0080018a                SCK
 .rodata.DETECT_3
                0x0080018c        0x2 hcm_libraries/HwProperties.o
                0x0080018c                DETECT_3
 .rodata.DETECT_2
                0x0080018e        0x2 hcm_libraries/HwProperties.o
                0x0080018e                DETECT_2
 .rodata.DETECT_1
                0x00800190        0x2 hcm_libraries/HwProperties.o
                0x00800190                DETECT_1
 .rodata.DETECT_0
                0x00800192        0x2 hcm_libraries/HwProperties.o
                0x00800192                DETECT_0
 .rodata.CS_4   0x00800194        0x2 hcm_libraries/HwProperties.o
                0x00800194                CS_4
 .rodata.CS_3   0x00800196        0x2 hcm_libraries/HwProperties.o
                0x00800196                CS_3
 .rodata.CS_2   0x00800198        0x2 hcm_libraries/HwProperties.o
                0x00800198                CS_2
 .rodata.CS_1   0x0080019a        0x2 hcm_libraries/HwProperties.o
                0x0080019a                CS_1
 .rodata.ESP_PWR
                0x0080019c        0x2 hcm_libraries/HwProperties.o
                0x0080019c                ESP_PWR
 .rodata.SIM_PWR
                0x0080019e        0x2 hcm_libraries/HwProperties.o
                0x0080019e                SIM_PWR
 .rodata.EEPROM_SERIAL_START
                0x008001a0        0x2 hcm_libraries/HwProperties.o
                0x008001a0                EEPROM_SERIAL_START
 .rodata.EEPROM_CFG_START
                0x008001a2        0x2 hcm_libraries/HwProperties.o
                0x008001a2                EEPROM_CFG_START
 .rodata.EEPROM_SIZE
                0x008001a4        0x2 hcm_libraries/HwProperties.o
                0x008001a4                EEPROM_SIZE
 .rodata.HAS_GSM
                0x008001a6        0x2 hcm_libraries/HwProperties.o
                0x008001a6                HAS_GSM
 .rodata.HAS_WIFI
                0x008001a8        0x2 hcm_libraries/HwProperties.o
                0x008001a8                HAS_WIFI
 .rodata.CONNECTION
                0x008001aa        0x2 hcm_libraries/HwProperties.o
                0x008001aa                CONNECTION
 .rodata.NETWORK_APN
                0x008001ac        0x7 hcm_libraries/HwProperties.o
                0x008001ac                NETWORK_APN
 .rodata.NETWORK_PORT
                0x008001b3        0x5 hcm_libraries/HwProperties.o
                0x008001b3                NETWORK_PORT
 .rodata.NETWORK_HOST
                0x008001b8        0xd hcm_libraries/HwProperties.o
                0x008001b8                NETWORK_HOST
 .rodata.NETWORK_PASSW
                0x008001c5        0xb hcm_libraries/HwProperties.o
                0x008001c5                NETWORK_PASSW
 .rodata.NETWORK_SSID
                0x008001d0        0x7 hcm_libraries/HwProperties.o
                0x008001d0                NETWORK_SSID
 .rodata.PRODUCT_NAME
                0x008001d7        0xf hcm_libraries/HwProperties.o
                0x008001d7                PRODUCT_NAME
 .rodata.str1.1
                0x008001e6      0x166 hcm_libraries/Network.o
                                0x187 (size before relaxing)
 .rodata.SWITCH_RELAY
                0x0080034c        0x1 hcm_libraries/GlobalVariables.o
                0x0080034c                SWITCH_RELAY
 .rodata.RECIEVE
                0x0080034d        0x1 hcm_libraries/GlobalVariables.o
                0x0080034d                RECIEVE
 .rodata.REQUEST_RELAY_COUNT
                0x0080034e        0x1 hcm_libraries/GlobalVariables.o
                0x0080034e                REQUEST_RELAY_COUNT
 .rodata.OUTPUT
                0x0080034f        0x2 hcm_libraries/GlobalVariables.o
                0x0080034f                OUTPUT
 .rodata.INPUT  0x00800351        0x2 hcm_libraries/GlobalVariables.o
                0x00800351                INPUT
 .rodata.DAYS_OF_MONTH
                0x00800353       0x18 hcm_libraries/GlobalVariables.o
                0x00800353                DAYS_OF_MONTH
 .rodata.SERVER_CONNECTED
                0x0080036b        0x2 hcm_libraries/GlobalVariables.o
                0x0080036b                SERVER_CONNECTED
 .rodata.FALSE  0x0080036d        0x2 hcm_libraries/GlobalVariables.o
                0x0080036d                FALSE
 .rodata.TRUE   0x0080036f        0x2 hcm_libraries/GlobalVariables.o
                0x0080036f                TRUE
 .rodata.SIM    0x00800371        0x2 hcm_libraries/GlobalVariables.o
                0x00800371                SIM
 .rodata.ESP    0x00800373        0x2 hcm_libraries/GlobalVariables.o
                0x00800373                ESP
 .rodata.BAUD_PRESCALE
                0x00800375        0x2 hcm_libraries/GlobalVariables.o
                0x00800375                BAUD_PRESCALE
 .rodata.str1.1
                0x00800377      0x381 hcm_libraries/Processes.o
                                0x38d (size before relaxing)
 .rodata.str1.1
                0x008006f8        0xa hcm_libraries/Utils.o
                                 0x1b (size before relaxing)
 *(.gnu.linkonce.d*)
                0x00800702                . = ALIGN (0x2)
                0x00800702                _edata = .
                0x00800702                PROVIDE (__data_end, .)

.bss            0x00800702      0x404
                0x00800702                PROVIDE (__bss_start, .)
 *(.bss)
 .bss           0x00800702        0x2 c:/program files (x86)/atmel/studio/7.0/toolchain/avr8/avr8-gnu-toolchain/bin/../lib/gcc/avr/4.9.2/../../../../avr/lib/avr51\libc.a(strtok.o)
 *(.bss*)
 .bss.__relay_states
                0x00800704       0x68 hcm_libraries/GlobalVariables.o
                0x00800704                __relay_states
 .bss.__timer_records
                0x0080076c       0x70 hcm_libraries/GlobalVariables.o
                0x0080076c                __timer_records
 .bss.__timer_setting
                0x008007dc       0x2a hcm_libraries/GlobalVariables.o
                0x008007dc                __timer_setting
 .bss.__relay_setting
                0x00800806       0x44 hcm_libraries/GlobalVariables.o
                0x00800806                __relay_setting
 .bss.__system_time
                0x0080084a       0x20 hcm_libraries/GlobalVariables.o
                0x0080084a                __system_time
 .bss.__network_data
                0x0080086a      0x252 hcm_libraries/GlobalVariables.o
                0x0080086a                __network_data
 .bss.__system_var
                0x00800abc       0x46 hcm_libraries/GlobalVariables.o
                0x00800abc                __system_var
 *(COMMON)
 COMMON         0x00800b02        0x4 c:/program files (x86)/atmel/studio/7.0/toolchain/avr8/avr8-gnu-toolchain/bin/../lib/gcc/avr/4.9.2/../../../../avr/lib/avr51\libc.a(malloc.o)
                0x00800b02                __brkval
                0x00800b04                __flp
                0x00800b06                PROVIDE (__bss_end, .)
                0x00002e92                __data_load_start = LOADADDR (.data)
                0x00003494                __data_load_end = (__data_load_start + SIZEOF (.data))

.noinit         0x00800b06        0x0
                [!provide]                PROVIDE (__noinit_start, .)
 *(.noinit*)
                [!provide]                PROVIDE (__noinit_end, .)
                0x00800b06                _end = .
                0x00800b06                PROVIDE (__heap_start, .)

.eeprom         0x00810000        0x0
 *(.eeprom*)
                0x00810000                __eeprom_end = .

.fuse
 *(.fuse)
 *(.lfuse)
 *(.hfuse)
 *(.efuse)

.lock
 *(.lock*)

.signature
 *(.signature*)

.user_signatures
 *(.user_signatures*)

.stab
 *(.stab)

.stabstr
 *(.stabstr)

.stab.excl
 *(.stab.excl)

.stab.exclstr
 *(.stab.exclstr)

.stab.index
 *(.stab.index)

.stab.indexstr
 *(.stab.indexstr)

.comment        0x00000000       0x30
 *(.comment)
 .comment       0x00000000       0x30 hcm_libraries/EEPROMUtil.o
                                 0x31 (size before relaxing)
 .comment       0x00000030       0x31 hcm_libraries/HwProperties.o
 .comment       0x00000030       0x31 hcm_libraries/Network.o
 .comment       0x00000030       0x31 hcm_libraries/GlobalVariables.o
 .comment       0x00000030       0x31 hcm_libraries/Processes.o
 .comment       0x00000030       0x31 hcm_libraries/SPI.o
 .comment       0x00000030       0x31 hcm_libraries/Utils.o
 .comment       0x00000030       0x31 main.o
 .comment       0x00000030       0x31 c:/program files (x86)/atmel/studio/7.0/toolchain/avr8/avr8-gnu-toolchain/bin/../lib/gcc/avr/4.9.2/../../../../avr/lib/avr51\libc.a(malloc.o)
 .comment       0x00000030       0x31 c:/program files (x86)/atmel/studio/7.0/toolchain/avr8/avr8-gnu-toolchain/bin/../lib/gcc/avr/4.9.2/../../../../avr/lib/avr51\libc.a(strtok.o)

.note.gnu.avr.deviceinfo
                0x00000000       0x40
 .note.gnu.avr.deviceinfo
                0x00000000       0x40 C:/Program Files (x86)/Atmel/Studio/7.0/Packs/atmel/ATmega_DFP/1.0.106/gcc/dev/atmega1284p/avr51/crtatmega1284p.o

.note.gnu.build-id
 *(.note.gnu.build-id)

.debug
 *(.debug)

.line
 *(.line)

.debug_srcinfo
 *(.debug_srcinfo)

.debug_sfnames
 *(.debug_sfnames)

.debug_aranges  0x00000000      0x2c8
 *(.debug_aranges)
 .debug_aranges
                0x00000000       0x90 hcm_libraries/EEPROMUtil.o
 .debug_aranges
                0x00000090       0x18 hcm_libraries/HwProperties.o
 .debug_aranges
                0x000000a8       0x88 hcm_libraries/Network.o
 .debug_aranges
                0x00000130       0x18 hcm_libraries/GlobalVariables.o
 .debug_aranges
                0x00000148       0x50 hcm_libraries/Processes.o
 .debug_aranges
                0x00000198       0x38 hcm_libraries/SPI.o
 .debug_aranges
                0x000001d0       0xc0 hcm_libraries/Utils.o
 .debug_aranges
                0x00000290       0x38 main.o

.debug_pubnames
 *(.debug_pubnames)

.debug_info     0x00000000     0x7a38
 *(.debug_info .gnu.linkonce.wi.*)
 .debug_info    0x00000000     0x2209 hcm_libraries/EEPROMUtil.o
 .debug_info    0x00002209      0x2d3 hcm_libraries/HwProperties.o
 .debug_info    0x000024dc     0x1900 hcm_libraries/Network.o
 .debug_info    0x00003ddc      0x7f4 hcm_libraries/GlobalVariables.o
 .debug_info    0x000045d0     0x19eb hcm_libraries/Processes.o
 .debug_info    0x00005fbb      0x3f6 hcm_libraries/SPI.o
 .debug_info    0x000063b1     0x10c2 hcm_libraries/Utils.o
 .debug_info    0x00007473      0x5c5 main.o

.debug_abbrev   0x00000000     0x105e
 *(.debug_abbrev)
 .debug_abbrev  0x00000000      0x275 hcm_libraries/EEPROMUtil.o
 .debug_abbrev  0x00000275       0x61 hcm_libraries/HwProperties.o
 .debug_abbrev  0x000002d6      0x366 hcm_libraries/Network.o
 .debug_abbrev  0x0000063c       0xd7 hcm_libraries/GlobalVariables.o
 .debug_abbrev  0x00000713      0x301 hcm_libraries/Processes.o
 .debug_abbrev  0x00000a14      0x148 hcm_libraries/SPI.o
 .debug_abbrev  0x00000b5c      0x38e hcm_libraries/Utils.o
 .debug_abbrev  0x00000eea      0x174 main.o

.debug_line     0x00000000     0x2959
 *(.debug_line .debug_line.* .debug_line_end)
 .debug_line    0x00000000      0x978 hcm_libraries/EEPROMUtil.o
 .debug_line    0x00000978       0x3f hcm_libraries/HwProperties.o
 .debug_line    0x000009b7      0x901 hcm_libraries/Network.o
 .debug_line    0x000012b8       0x69 hcm_libraries/GlobalVariables.o
 .debug_line    0x00001321      0x89c hcm_libraries/Processes.o
 .debug_line    0x00001bbd      0x116 hcm_libraries/SPI.o
 .debug_line    0x00001cd3      0xa78 hcm_libraries/Utils.o
 .debug_line    0x0000274b      0x20e main.o

.debug_frame    0x00000000      0xba8
 *(.debug_frame)
 .debug_frame   0x00000000      0x3ec hcm_libraries/EEPROMUtil.o
 .debug_frame   0x000003ec      0x310 hcm_libraries/Network.o
 .debug_frame   0x000006fc      0x200 hcm_libraries/Processes.o
 .debug_frame   0x000008fc       0x64 hcm_libraries/SPI.o
 .debug_frame   0x00000960      0x1f4 hcm_libraries/Utils.o
 .debug_frame   0x00000b54       0x54 main.o

.debug_str      0x00000000     0x125b
 *(.debug_str)
 .debug_str     0x00000000      0x985 hcm_libraries/EEPROMUtil.o
                                0xa4a (size before relaxing)
 .debug_str     0x00000985       0x2f hcm_libraries/HwProperties.o
                                0x2ae (size before relaxing)
 .debug_str     0x000009b4      0x3d5 hcm_libraries/Network.o
                                0x995 (size before relaxing)
 .debug_str     0x00000d89       0x43 hcm_libraries/GlobalVariables.o
                                0x718 (size before relaxing)
 .debug_str     0x00000dcc      0x1da hcm_libraries/Processes.o
                                0xa98 (size before relaxing)
 .debug_str     0x00000fa6       0x84 hcm_libraries/SPI.o
                                0x41c (size before relaxing)
 .debug_str     0x0000102a      0x1c2 hcm_libraries/Utils.o
                                0xa09 (size before relaxing)
 .debug_str     0x000011ec       0x6f main.o
                                0x5b7 (size before relaxing)

.debug_loc      0x00000000     0x39b4
 *(.debug_loc)
 .debug_loc     0x00000000     0x1734 hcm_libraries/EEPROMUtil.o
 .debug_loc     0x00001734      0xed4 hcm_libraries/Network.o
 .debug_loc     0x00002608      0xc1a hcm_libraries/Processes.o
 .debug_loc     0x00003222       0xb7 hcm_libraries/SPI.o
 .debug_loc     0x000032d9      0x6b7 hcm_libraries/Utils.o
 .debug_loc     0x00003990       0x24 main.o

.debug_macinfo
 *(.debug_macinfo)

.debug_weaknames
 *(.debug_weaknames)

.debug_funcnames
 *(.debug_funcnames)

.debug_typenames
 *(.debug_typenames)

.debug_varnames
 *(.debug_varnames)

.debug_pubtypes
 *(.debug_pubtypes)

.debug_ranges   0x00000000      0x460
 *(.debug_ranges)
 .debug_ranges  0x00000000      0x1a8 hcm_libraries/EEPROMUtil.o
 .debug_ranges  0x000001a8       0x78 hcm_libraries/Network.o
 .debug_ranges  0x00000220      0x128 hcm_libraries/Processes.o
 .debug_ranges  0x00000348       0x28 hcm_libraries/SPI.o
 .debug_ranges  0x00000370       0xc8 hcm_libraries/Utils.o
 .debug_ranges  0x00000438       0x28 main.o

.debug_macro
 *(.debug_macro)
OUTPUT(home_control_project.elf elf32-avr)
LOAD linker stubs
