Archive member included to satisfy reference by file (symbol)

c:/program files (x86)/atmel/studio/7.0/toolchain/avr8/avr8-gnu-toolchain/bin/../lib/gcc/avr/4.9.2/avr51\libgcc.a(_exit.o)
                              C:/Program Files (x86)/Atmel/Studio/7.0/Packs/atmel/ATmega_DFP/1.0.106/gcc/dev/atmega1284p/avr51/crtatmega1284p.o (exit)
c:/program files (x86)/atmel/studio/7.0/toolchain/avr8/avr8-gnu-toolchain/bin/../lib/gcc/avr/4.9.2/avr51\libgcc.a(_tablejump2.o)
                              hcm_libraries/Network.o (__tablejump2__)
c:/program files (x86)/atmel/studio/7.0/toolchain/avr8/avr8-gnu-toolchain/bin/../lib/gcc/avr/4.9.2/avr51\libgcc.a(_copy_data.o)
                              hcm_libraries/EEPROMUtil.o (__do_copy_data)
c:/program files (x86)/atmel/studio/7.0/toolchain/avr8/avr8-gnu-toolchain/bin/../lib/gcc/avr/4.9.2/avr51\libgcc.a(_clear_bss.o)
                              hcm_libraries/GlobalVariables.o (__do_clear_bss)
c:/program files (x86)/atmel/studio/7.0/toolchain/avr8/avr8-gnu-toolchain/bin/../lib/gcc/avr/4.9.2/../../../../avr/lib/avr51\libc.a(malloc.o)
                              hcm_libraries/Network.o (malloc)
c:/program files (x86)/atmel/studio/7.0/toolchain/avr8/avr8-gnu-toolchain/bin/../lib/gcc/avr/4.9.2/../../../../avr/lib/avr51\libc.a(atoi.o)
                              hcm_libraries/EEPROMUtil.o (atoi)
c:/program files (x86)/atmel/studio/7.0/toolchain/avr8/avr8-gnu-toolchain/bin/../lib/gcc/avr/4.9.2/../../../../avr/lib/avr51\libc.a(isalpha.o)
                              hcm_libraries/Processes.o (isalpha)
c:/program files (x86)/atmel/studio/7.0/toolchain/avr8/avr8-gnu-toolchain/bin/../lib/gcc/avr/4.9.2/../../../../avr/lib/avr51\libc.a(strtok.o)
                              hcm_libraries/EEPROMUtil.o (strtok)
c:/program files (x86)/atmel/studio/7.0/toolchain/avr8/avr8-gnu-toolchain/bin/../lib/gcc/avr/4.9.2/../../../../avr/lib/avr51\libc.a(memset.o)
                              hcm_libraries/Processes.o (memset)
c:/program files (x86)/atmel/studio/7.0/toolchain/avr8/avr8-gnu-toolchain/bin/../lib/gcc/avr/4.9.2/../../../../avr/lib/avr51\libc.a(strcat.o)
                              hcm_libraries/Network.o (strcat)
c:/program files (x86)/atmel/studio/7.0/toolchain/avr8/avr8-gnu-toolchain/bin/../lib/gcc/avr/4.9.2/../../../../avr/lib/avr51\libc.a(strchr.o)
                              hcm_libraries/EEPROMUtil.o (strchr)
c:/program files (x86)/atmel/studio/7.0/toolchain/avr8/avr8-gnu-toolchain/bin/../lib/gcc/avr/4.9.2/../../../../avr/lib/avr51\libc.a(strcpy.o)
                              hcm_libraries/EEPROMUtil.o (strcpy)
c:/program files (x86)/atmel/studio/7.0/toolchain/avr8/avr8-gnu-toolchain/bin/../lib/gcc/avr/4.9.2/../../../../avr/lib/avr51\libc.a(strstr.o)
                              hcm_libraries/EEPROMUtil.o (strstr)
c:/program files (x86)/atmel/studio/7.0/toolchain/avr8/avr8-gnu-toolchain/bin/../lib/gcc/avr/4.9.2/../../../../avr/lib/avr51\libc.a(strtok_r.o)
                              hcm_libraries/EEPROMUtil.o (strtok_r)
c:/program files (x86)/atmel/studio/7.0/toolchain/avr8/avr8-gnu-toolchain/bin/../lib/gcc/avr/4.9.2/../../../../avr/lib/avr51\libc.a(itoa_ncheck.o)
                              hcm_libraries/Network.o (__itoa_ncheck)
c:/program files (x86)/atmel/studio/7.0/toolchain/avr8/avr8-gnu-toolchain/bin/../lib/gcc/avr/4.9.2/../../../../avr/lib/avr51\libc.a(mul10.o)
                              c:/program files (x86)/atmel/studio/7.0/toolchain/avr8/avr8-gnu-toolchain/bin/../lib/gcc/avr/4.9.2/../../../../avr/lib/avr51\libc.a(atoi.o) (__mulhi_const_10)
c:/program files (x86)/atmel/studio/7.0/toolchain/avr8/avr8-gnu-toolchain/bin/../lib/gcc/avr/4.9.2/../../../../avr/lib/avr51\libc.a(utoa_ncheck.o)
                              c:/program files (x86)/atmel/studio/7.0/toolchain/avr8/avr8-gnu-toolchain/bin/../lib/gcc/avr/4.9.2/../../../../avr/lib/avr51\libc.a(itoa_ncheck.o) (__utoa_common)
c:/program files (x86)/atmel/studio/7.0/toolchain/avr8/avr8-gnu-toolchain/bin/../lib/gcc/avr/4.9.2/../../../../avr/lib/avr51\libc.a(cty_isfalse.o)
                              c:/program files (x86)/atmel/studio/7.0/toolchain/avr8/avr8-gnu-toolchain/bin/../lib/gcc/avr/4.9.2/../../../../avr/lib/avr51\libc.a(isalpha.o) (__ctype_isfalse)
c:/program files (x86)/atmel/studio/7.0/toolchain/avr8/avr8-gnu-toolchain/bin/../lib/gcc/avr/4.9.2/../../../../avr/lib/avr51\libc.a(strrev.o)
                              c:/program files (x86)/atmel/studio/7.0/toolchain/avr8/avr8-gnu-toolchain/bin/../lib/gcc/avr/4.9.2/../../../../avr/lib/avr51\libc.a(utoa_ncheck.o) (strrev)
C:/Program Files (x86)/Atmel/Studio/7.0/Packs/atmel/ATmega_DFP/1.0.106/gcc/dev/atmega1284p/avr51\libatmega1284p.a(eerd_byte.o)
                              hcm_libraries/EEPROMUtil.o (eeprom_read_byte)
C:/Program Files (x86)/Atmel/Studio/7.0/Packs/atmel/ATmega_DFP/1.0.106/gcc/dev/atmega1284p/avr51\libatmega1284p.a(eewr_byte.o)
                              hcm_libraries/EEPROMUtil.o (eeprom_write_byte)

Allocating common symbols
Common symbol       size              file

__brkval            0x2               c:/program files (x86)/atmel/studio/7.0/toolchain/avr8/avr8-gnu-toolchain/bin/../lib/gcc/avr/4.9.2/../../../../avr/lib/avr51\libc.a(malloc.o)
__flp               0x2               c:/program files (x86)/atmel/studio/7.0/toolchain/avr8/avr8-gnu-toolchain/bin/../lib/gcc/avr/4.9.2/../../../../avr/lib/avr51\libc.a(malloc.o)

Discarded input sections

 .data          0x00000000        0x0 C:/Program Files (x86)/Atmel/Studio/7.0/Packs/atmel/ATmega_DFP/1.0.106/gcc/dev/atmega1284p/avr51/crtatmega1284p.o
 .bss           0x00000000        0x0 C:/Program Files (x86)/Atmel/Studio/7.0/Packs/atmel/ATmega_DFP/1.0.106/gcc/dev/atmega1284p/avr51/crtatmega1284p.o
 .text          0x00000000        0x0 hcm_libraries/EEPROMUtil.o
 .data          0x00000000        0x0 hcm_libraries/EEPROMUtil.o
 .bss           0x00000000        0x0 hcm_libraries/EEPROMUtil.o
 .text._Z12getPriviligePKc
                0x00000000       0x94 hcm_libraries/EEPROMUtil.o
 .text._Z9getUserIdPKc
                0x00000000       0xd6 hcm_libraries/EEPROMUtil.o
 .text._Z13getCallAccessPKcPc
                0x00000000       0xe2 hcm_libraries/EEPROMUtil.o
 .text._Z17verifyRelayAccessPccc
                0x00000000       0x6a hcm_libraries/EEPROMUtil.o
 .text._Z24getPrimaryNetworkSettingPcS_
                0x00000000      0x112 hcm_libraries/EEPROMUtil.o
 .text._Z26getSecondaryNetworkSettingPcS_
                0x00000000      0x112 hcm_libraries/EEPROMUtil.o
 .text._Z24getDefaultNetworkSettingPcS_
                0x00000000       0x22 hcm_libraries/EEPROMUtil.o
 .text._Z21getAccessPointSettingPcS_S_
                0x00000000       0xf0 hcm_libraries/EEPROMUtil.o
 .text          0x00000000        0x0 hcm_libraries/HwProperties.o
 .data          0x00000000        0x0 hcm_libraries/HwProperties.o
 .bss           0x00000000        0x0 hcm_libraries/HwProperties.o
 .rodata.VCC_DETECT
                0x00000000        0x2 hcm_libraries/HwProperties.o
 .rodata.WS28_DATA
                0x00000000        0x2 hcm_libraries/HwProperties.o
 .rodata.EEPROM_DATA_START
                0x00000000        0x2 hcm_libraries/HwProperties.o
 .rodata.WIFI_DIRECTION
                0x00000000        0x2 hcm_libraries/HwProperties.o
 .rodata.HAS_WS28
                0x00000000        0x2 hcm_libraries/HwProperties.o
 .rodata.RECONNECT_TIMER
                0x00000000        0x2 hcm_libraries/HwProperties.o
 .text          0x00000000        0x0 hcm_libraries/Network.o
 .data          0x00000000        0x0 hcm_libraries/Network.o
 .bss           0x00000000        0x0 hcm_libraries/Network.o
 .text._Z13connectToGprsPKc
                0x00000000       0x9a hcm_libraries/Network.o
 .text          0x00000000        0x0 hcm_libraries/GlobalVariables.o
 .data          0x00000000        0x0 hcm_libraries/GlobalVariables.o
 .bss           0x00000000        0x0 hcm_libraries/GlobalVariables.o
 .rodata.END_RECIEVE
                0x00000000        0x1 hcm_libraries/GlobalVariables.o
 .rodata.GPRS_CONNECTED
                0x00000000        0x2 hcm_libraries/GlobalVariables.o
 .rodata.WIFI_CONNECTED
                0x00000000        0x2 hcm_libraries/GlobalVariables.o
 .rodata.USART_BAUDRATE
                0x00000000        0x2 hcm_libraries/GlobalVariables.o
 .text          0x00000000        0x0 hcm_libraries/Processes.o
 .data          0x00000000        0x0 hcm_libraries/Processes.o
 .bss           0x00000000        0x0 hcm_libraries/Processes.o
 .text._Z15checkGsmNetworkv
                0x00000000       0x78 hcm_libraries/Processes.o
 .text          0x00000000        0x0 hcm_libraries/SPI.o
 .data          0x00000000        0x0 hcm_libraries/SPI.o
 .bss           0x00000000        0x0 hcm_libraries/SPI.o
 .text._Z9SPI_Writeh
                0x00000000        0xa hcm_libraries/SPI.o
 .text          0x00000000        0x0 hcm_libraries/Utils.o
 .data          0x00000000        0x0 hcm_libraries/Utils.o
 .bss           0x00000000        0x0 hcm_libraries/Utils.o
 .text._Z18USART1_ReceiveBytev
                0x00000000       0x10 hcm_libraries/Utils.o
 .text._Z18USART0_ReceiveBytev
                0x00000000       0x10 hcm_libraries/Utils.o
 .text._Z17WIFI_Write_StringPKc
                0x00000000       0x20 hcm_libraries/Utils.o
 .text._Z15WIFI_Write_Bytec
                0x00000000       0x20 hcm_libraries/Utils.o
 .text._Z14GSM_Write_Bytec
                0x00000000       0x20 hcm_libraries/Utils.o
 .text._Z8espPowercc
                0x00000000        0x8 hcm_libraries/Utils.o
 .text._Z19readNetworkSettingsv
                0x00000000      0x16e hcm_libraries/Utils.o
 .text._Z15clearWIFIBufferv
                0x00000000       0x1e hcm_libraries/Utils.o
 .text._Z14clearGSMBufferv
                0x00000000       0x1e hcm_libraries/Utils.o
 .text          0x00000000        0x0 main.o
 .data          0x00000000        0x0 main.o
 .bss           0x00000000        0x0 main.o
 .text._Z12decodeBufferc
                0x00000000        0x2 main.o
 .text          0x00000000        0x0 c:/program files (x86)/atmel/studio/7.0/toolchain/avr8/avr8-gnu-toolchain/bin/../lib/gcc/avr/4.9.2/avr51\libgcc.a(_exit.o)
 .data          0x00000000        0x0 c:/program files (x86)/atmel/studio/7.0/toolchain/avr8/avr8-gnu-toolchain/bin/../lib/gcc/avr/4.9.2/avr51\libgcc.a(_exit.o)
 .bss           0x00000000        0x0 c:/program files (x86)/atmel/studio/7.0/toolchain/avr8/avr8-gnu-toolchain/bin/../lib/gcc/avr/4.9.2/avr51\libgcc.a(_exit.o)
 .text.libgcc.mul
                0x00000000        0x0 c:/program files (x86)/atmel/studio/7.0/toolchain/avr8/avr8-gnu-toolchain/bin/../lib/gcc/avr/4.9.2/avr51\libgcc.a(_exit.o)
 .text.libgcc.div
                0x00000000        0x0 c:/program files (x86)/atmel/studio/7.0/toolchain/avr8/avr8-gnu-toolchain/bin/../lib/gcc/avr/4.9.2/avr51\libgcc.a(_exit.o)
 .text.libgcc   0x00000000        0x0 c:/program files (x86)/atmel/studio/7.0/toolchain/avr8/avr8-gnu-toolchain/bin/../lib/gcc/avr/4.9.2/avr51\libgcc.a(_exit.o)
 .text.libgcc.prologue
                0x00000000        0x0 c:/program files (x86)/atmel/studio/7.0/toolchain/avr8/avr8-gnu-toolchain/bin/../lib/gcc/avr/4.9.2/avr51\libgcc.a(_exit.o)
 .text.libgcc.builtins
                0x00000000        0x0 c:/program files (x86)/atmel/studio/7.0/toolchain/avr8/avr8-gnu-toolchain/bin/../lib/gcc/avr/4.9.2/avr51\libgcc.a(_exit.o)
 .text.libgcc.fmul
                0x00000000        0x0 c:/program files (x86)/atmel/studio/7.0/toolchain/avr8/avr8-gnu-toolchain/bin/../lib/gcc/avr/4.9.2/avr51\libgcc.a(_exit.o)
 .text.libgcc.fixed
                0x00000000        0x0 c:/program files (x86)/atmel/studio/7.0/toolchain/avr8/avr8-gnu-toolchain/bin/../lib/gcc/avr/4.9.2/avr51\libgcc.a(_exit.o)
 .text          0x00000000        0x0 c:/program files (x86)/atmel/studio/7.0/toolchain/avr8/avr8-gnu-toolchain/bin/../lib/gcc/avr/4.9.2/avr51\libgcc.a(_tablejump2.o)
 .data          0x00000000        0x0 c:/program files (x86)/atmel/studio/7.0/toolchain/avr8/avr8-gnu-toolchain/bin/../lib/gcc/avr/4.9.2/avr51\libgcc.a(_tablejump2.o)
 .bss           0x00000000        0x0 c:/program files (x86)/atmel/studio/7.0/toolchain/avr8/avr8-gnu-toolchain/bin/../lib/gcc/avr/4.9.2/avr51\libgcc.a(_tablejump2.o)
 .text.libgcc.mul
                0x00000000        0x0 c:/program files (x86)/atmel/studio/7.0/toolchain/avr8/avr8-gnu-toolchain/bin/../lib/gcc/avr/4.9.2/avr51\libgcc.a(_tablejump2.o)
 .text.libgcc.div
                0x00000000        0x0 c:/program files (x86)/atmel/studio/7.0/toolchain/avr8/avr8-gnu-toolchain/bin/../lib/gcc/avr/4.9.2/avr51\libgcc.a(_tablejump2.o)
 .text.libgcc.prologue
                0x00000000        0x0 c:/program files (x86)/atmel/studio/7.0/toolchain/avr8/avr8-gnu-toolchain/bin/../lib/gcc/avr/4.9.2/avr51\libgcc.a(_tablejump2.o)
 .text.libgcc.builtins
                0x00000000        0x0 c:/program files (x86)/atmel/studio/7.0/toolchain/avr8/avr8-gnu-toolchain/bin/../lib/gcc/avr/4.9.2/avr51\libgcc.a(_tablejump2.o)
 .text.libgcc.fmul
                0x00000000        0x0 c:/program files (x86)/atmel/studio/7.0/toolchain/avr8/avr8-gnu-toolchain/bin/../lib/gcc/avr/4.9.2/avr51\libgcc.a(_tablejump2.o)
 .text.libgcc.fixed
                0x00000000        0x0 c:/program files (x86)/atmel/studio/7.0/toolchain/avr8/avr8-gnu-toolchain/bin/../lib/gcc/avr/4.9.2/avr51\libgcc.a(_tablejump2.o)
 .text          0x00000000        0x0 c:/program files (x86)/atmel/studio/7.0/toolchain/avr8/avr8-gnu-toolchain/bin/../lib/gcc/avr/4.9.2/avr51\libgcc.a(_copy_data.o)
 .data          0x00000000        0x0 c:/program files (x86)/atmel/studio/7.0/toolchain/avr8/avr8-gnu-toolchain/bin/../lib/gcc/avr/4.9.2/avr51\libgcc.a(_copy_data.o)
 .bss           0x00000000        0x0 c:/program files (x86)/atmel/studio/7.0/toolchain/avr8/avr8-gnu-toolchain/bin/../lib/gcc/avr/4.9.2/avr51\libgcc.a(_copy_data.o)
 .text.libgcc.mul
                0x00000000        0x0 c:/program files (x86)/atmel/studio/7.0/toolchain/avr8/avr8-gnu-toolchain/bin/../lib/gcc/avr/4.9.2/avr51\libgcc.a(_copy_data.o)
 .text.libgcc.div
                0x00000000        0x0 c:/program files (x86)/atmel/studio/7.0/toolchain/avr8/avr8-gnu-toolchain/bin/../lib/gcc/avr/4.9.2/avr51\libgcc.a(_copy_data.o)
 .text.libgcc   0x00000000        0x0 c:/program files (x86)/atmel/studio/7.0/toolchain/avr8/avr8-gnu-toolchain/bin/../lib/gcc/avr/4.9.2/avr51\libgcc.a(_copy_data.o)
 .text.libgcc.prologue
                0x00000000        0x0 c:/program files (x86)/atmel/studio/7.0/toolchain/avr8/avr8-gnu-toolchain/bin/../lib/gcc/avr/4.9.2/avr51\libgcc.a(_copy_data.o)
 .text.libgcc.builtins
                0x00000000        0x0 c:/program files (x86)/atmel/studio/7.0/toolchain/avr8/avr8-gnu-toolchain/bin/../lib/gcc/avr/4.9.2/avr51\libgcc.a(_copy_data.o)
 .text.libgcc.fmul
                0x00000000        0x0 c:/program files (x86)/atmel/studio/7.0/toolchain/avr8/avr8-gnu-toolchain/bin/../lib/gcc/avr/4.9.2/avr51\libgcc.a(_copy_data.o)
 .text.libgcc.fixed
                0x00000000        0x0 c:/program files (x86)/atmel/studio/7.0/toolchain/avr8/avr8-gnu-toolchain/bin/../lib/gcc/avr/4.9.2/avr51\libgcc.a(_copy_data.o)
 .text          0x00000000        0x0 c:/program files (x86)/atmel/studio/7.0/toolchain/avr8/avr8-gnu-toolchain/bin/../lib/gcc/avr/4.9.2/avr51\libgcc.a(_clear_bss.o)
 .data          0x00000000        0x0 c:/program files (x86)/atmel/studio/7.0/toolchain/avr8/avr8-gnu-toolchain/bin/../lib/gcc/avr/4.9.2/avr51\libgcc.a(_clear_bss.o)
 .bss           0x00000000        0x0 c:/program files (x86)/atmel/studio/7.0/toolchain/avr8/avr8-gnu-toolchain/bin/../lib/gcc/avr/4.9.2/avr51\libgcc.a(_clear_bss.o)
 .text.libgcc.mul
                0x00000000        0x0 c:/program files (x86)/atmel/studio/7.0/toolchain/avr8/avr8-gnu-toolchain/bin/../lib/gcc/avr/4.9.2/avr51\libgcc.a(_clear_bss.o)
 .text.libgcc.div
                0x00000000        0x0 c:/program files (x86)/atmel/studio/7.0/toolchain/avr8/avr8-gnu-toolchain/bin/../lib/gcc/avr/4.9.2/avr51\libgcc.a(_clear_bss.o)
 .text.libgcc   0x00000000        0x0 c:/program files (x86)/atmel/studio/7.0/toolchain/avr8/avr8-gnu-toolchain/bin/../lib/gcc/avr/4.9.2/avr51\libgcc.a(_clear_bss.o)
 .text.libgcc.prologue
                0x00000000        0x0 c:/program files (x86)/atmel/studio/7.0/toolchain/avr8/avr8-gnu-toolchain/bin/../lib/gcc/avr/4.9.2/avr51\libgcc.a(_clear_bss.o)
 .text.libgcc.builtins
                0x00000000        0x0 c:/program files (x86)/atmel/studio/7.0/toolchain/avr8/avr8-gnu-toolchain/bin/../lib/gcc/avr/4.9.2/avr51\libgcc.a(_clear_bss.o)
 .text.libgcc.fmul
                0x00000000        0x0 c:/program files (x86)/atmel/studio/7.0/toolchain/avr8/avr8-gnu-toolchain/bin/../lib/gcc/avr/4.9.2/avr51\libgcc.a(_clear_bss.o)
 .text.libgcc.fixed
                0x00000000        0x0 c:/program files (x86)/atmel/studio/7.0/toolchain/avr8/avr8-gnu-toolchain/bin/../lib/gcc/avr/4.9.2/avr51\libgcc.a(_clear_bss.o)
 .text          0x00000000        0x0 c:/program files (x86)/atmel/studio/7.0/toolchain/avr8/avr8-gnu-toolchain/bin/../lib/gcc/avr/4.9.2/../../../../avr/lib/avr51\libc.a(malloc.o)
 .bss           0x00000000        0x0 c:/program files (x86)/atmel/studio/7.0/toolchain/avr8/avr8-gnu-toolchain/bin/../lib/gcc/avr/4.9.2/../../../../avr/lib/avr51\libc.a(malloc.o)
 .text          0x00000000        0x0 c:/program files (x86)/atmel/studio/7.0/toolchain/avr8/avr8-gnu-toolchain/bin/../lib/gcc/avr/4.9.2/../../../../avr/lib/avr51\libc.a(atoi.o)
 .data          0x00000000        0x0 c:/program files (x86)/atmel/studio/7.0/toolchain/avr8/avr8-gnu-toolchain/bin/../lib/gcc/avr/4.9.2/../../../../avr/lib/avr51\libc.a(atoi.o)
 .bss           0x00000000        0x0 c:/program files (x86)/atmel/studio/7.0/toolchain/avr8/avr8-gnu-toolchain/bin/../lib/gcc/avr/4.9.2/../../../../avr/lib/avr51\libc.a(atoi.o)
 .text          0x00000000        0x0 c:/program files (x86)/atmel/studio/7.0/toolchain/avr8/avr8-gnu-toolchain/bin/../lib/gcc/avr/4.9.2/../../../../avr/lib/avr51\libc.a(isalpha.o)
 .data          0x00000000        0x0 c:/program files (x86)/atmel/studio/7.0/toolchain/avr8/avr8-gnu-toolchain/bin/../lib/gcc/avr/4.9.2/../../../../avr/lib/avr51\libc.a(isalpha.o)
 .bss           0x00000000        0x0 c:/program files (x86)/atmel/studio/7.0/toolchain/avr8/avr8-gnu-toolchain/bin/../lib/gcc/avr/4.9.2/../../../../avr/lib/avr51\libc.a(isalpha.o)
 .text          0x00000000        0x0 c:/program files (x86)/atmel/studio/7.0/toolchain/avr8/avr8-gnu-toolchain/bin/../lib/gcc/avr/4.9.2/../../../../avr/lib/avr51\libc.a(strtok.o)
 .data          0x00000000        0x0 c:/program files (x86)/atmel/studio/7.0/toolchain/avr8/avr8-gnu-toolchain/bin/../lib/gcc/avr/4.9.2/../../../../avr/lib/avr51\libc.a(strtok.o)
 .text          0x00000000        0x0 c:/program files (x86)/atmel/studio/7.0/toolchain/avr8/avr8-gnu-toolchain/bin/../lib/gcc/avr/4.9.2/../../../../avr/lib/avr51\libc.a(memset.o)
 .data          0x00000000        0x0 c:/program files (x86)/atmel/studio/7.0/toolchain/avr8/avr8-gnu-toolchain/bin/../lib/gcc/avr/4.9.2/../../../../avr/lib/avr51\libc.a(memset.o)
 .bss           0x00000000        0x0 c:/program files (x86)/atmel/studio/7.0/toolchain/avr8/avr8-gnu-toolchain/bin/../lib/gcc/avr/4.9.2/../../../../avr/lib/avr51\libc.a(memset.o)
 .text          0x00000000        0x0 c:/program files (x86)/atmel/studio/7.0/toolchain/avr8/avr8-gnu-toolchain/bin/../lib/gcc/avr/4.9.2/../../../../avr/lib/avr51\libc.a(strcat.o)
 .data          0x00000000        0x0 c:/program files (x86)/atmel/studio/7.0/toolchain/avr8/avr8-gnu-toolchain/bin/../lib/gcc/avr/4.9.2/../../../../avr/lib/avr51\libc.a(strcat.o)
 .bss           0x00000000        0x0 c:/program files (x86)/atmel/studio/7.0/toolchain/avr8/avr8-gnu-toolchain/bin/../lib/gcc/avr/4.9.2/../../../../avr/lib/avr51\libc.a(strcat.o)
 .text          0x00000000        0x0 c:/program files (x86)/atmel/studio/7.0/toolchain/avr8/avr8-gnu-toolchain/bin/../lib/gcc/avr/4.9.2/../../../../avr/lib/avr51\libc.a(strchr.o)
 .data          0x00000000        0x0 c:/program files (x86)/atmel/studio/7.0/toolchain/avr8/avr8-gnu-toolchain/bin/../lib/gcc/avr/4.9.2/../../../../avr/lib/avr51\libc.a(strchr.o)
 .bss           0x00000000        0x0 c:/program files (x86)/atmel/studio/7.0/toolchain/avr8/avr8-gnu-toolchain/bin/../lib/gcc/avr/4.9.2/../../../../avr/lib/avr51\libc.a(strchr.o)
 .text          0x00000000        0x0 c:/program files (x86)/atmel/studio/7.0/toolchain/avr8/avr8-gnu-toolchain/bin/../lib/gcc/avr/4.9.2/../../../../avr/lib/avr51\libc.a(strcpy.o)
 .data          0x00000000        0x0 c:/program files (x86)/atmel/studio/7.0/toolchain/avr8/avr8-gnu-toolchain/bin/../lib/gcc/avr/4.9.2/../../../../avr/lib/avr51\libc.a(strcpy.o)
 .bss           0x00000000        0x0 c:/program files (x86)/atmel/studio/7.0/toolchain/avr8/avr8-gnu-toolchain/bin/../lib/gcc/avr/4.9.2/../../../../avr/lib/avr51\libc.a(strcpy.o)
 .text          0x00000000        0x0 c:/program files (x86)/atmel/studio/7.0/toolchain/avr8/avr8-gnu-toolchain/bin/../lib/gcc/avr/4.9.2/../../../../avr/lib/avr51\libc.a(strstr.o)
 .data          0x00000000        0x0 c:/program files (x86)/atmel/studio/7.0/toolchain/avr8/avr8-gnu-toolchain/bin/../lib/gcc/avr/4.9.2/../../../../avr/lib/avr51\libc.a(strstr.o)
 .bss           0x00000000        0x0 c:/program files (x86)/atmel/studio/7.0/toolchain/avr8/avr8-gnu-toolchain/bin/../lib/gcc/avr/4.9.2/../../../../avr/lib/avr51\libc.a(strstr.o)
 .text          0x00000000        0x0 c:/program files (x86)/atmel/studio/7.0/toolchain/avr8/avr8-gnu-toolchain/bin/../lib/gcc/avr/4.9.2/../../../../avr/lib/avr51\libc.a(strtok_r.o)
 .data          0x00000000        0x0 c:/program files (x86)/atmel/studio/7.0/toolchain/avr8/avr8-gnu-toolchain/bin/../lib/gcc/avr/4.9.2/../../../../avr/lib/avr51\libc.a(strtok_r.o)
 .bss           0x00000000        0x0 c:/program files (x86)/atmel/studio/7.0/toolchain/avr8/avr8-gnu-toolchain/bin/../lib/gcc/avr/4.9.2/../../../../avr/lib/avr51\libc.a(strtok_r.o)
 .text          0x00000000        0x0 c:/program files (x86)/atmel/studio/7.0/toolchain/avr8/avr8-gnu-toolchain/bin/../lib/gcc/avr/4.9.2/../../../../avr/lib/avr51\libc.a(itoa_ncheck.o)
 .data          0x00000000        0x0 c:/program files (x86)/atmel/studio/7.0/toolchain/avr8/avr8-gnu-toolchain/bin/../lib/gcc/avr/4.9.2/../../../../avr/lib/avr51\libc.a(itoa_ncheck.o)
 .bss           0x00000000        0x0 c:/program files (x86)/atmel/studio/7.0/toolchain/avr8/avr8-gnu-toolchain/bin/../lib/gcc/avr/4.9.2/../../../../avr/lib/avr51\libc.a(itoa_ncheck.o)
 .text          0x00000000        0x0 c:/program files (x86)/atmel/studio/7.0/toolchain/avr8/avr8-gnu-toolchain/bin/../lib/gcc/avr/4.9.2/../../../../avr/lib/avr51\libc.a(mul10.o)
 .data          0x00000000        0x0 c:/program files (x86)/atmel/studio/7.0/toolchain/avr8/avr8-gnu-toolchain/bin/../lib/gcc/avr/4.9.2/../../../../avr/lib/avr51\libc.a(mul10.o)
 .bss           0x00000000        0x0 c:/program files (x86)/atmel/studio/7.0/toolchain/avr8/avr8-gnu-toolchain/bin/../lib/gcc/avr/4.9.2/../../../../avr/lib/avr51\libc.a(mul10.o)
 .text          0x00000000        0x0 c:/program files (x86)/atmel/studio/7.0/toolchain/avr8/avr8-gnu-toolchain/bin/../lib/gcc/avr/4.9.2/../../../../avr/lib/avr51\libc.a(utoa_ncheck.o)
 .data          0x00000000        0x0 c:/program files (x86)/atmel/studio/7.0/toolchain/avr8/avr8-gnu-toolchain/bin/../lib/gcc/avr/4.9.2/../../../../avr/lib/avr51\libc.a(utoa_ncheck.o)
 .bss           0x00000000        0x0 c:/program files (x86)/atmel/studio/7.0/toolchain/avr8/avr8-gnu-toolchain/bin/../lib/gcc/avr/4.9.2/../../../../avr/lib/avr51\libc.a(utoa_ncheck.o)
 .text          0x00000000        0x0 c:/program files (x86)/atmel/studio/7.0/toolchain/avr8/avr8-gnu-toolchain/bin/../lib/gcc/avr/4.9.2/../../../../avr/lib/avr51\libc.a(cty_isfalse.o)
 .data          0x00000000        0x0 c:/program files (x86)/atmel/studio/7.0/toolchain/avr8/avr8-gnu-toolchain/bin/../lib/gcc/avr/4.9.2/../../../../avr/lib/avr51\libc.a(cty_isfalse.o)
 .bss           0x00000000        0x0 c:/program files (x86)/atmel/studio/7.0/toolchain/avr8/avr8-gnu-toolchain/bin/../lib/gcc/avr/4.9.2/../../../../avr/lib/avr51\libc.a(cty_isfalse.o)
 .text          0x00000000        0x0 c:/program files (x86)/atmel/studio/7.0/toolchain/avr8/avr8-gnu-toolchain/bin/../lib/gcc/avr/4.9.2/../../../../avr/lib/avr51\libc.a(strrev.o)
 .data          0x00000000        0x0 c:/program files (x86)/atmel/studio/7.0/toolchain/avr8/avr8-gnu-toolchain/bin/../lib/gcc/avr/4.9.2/../../../../avr/lib/avr51\libc.a(strrev.o)
 .bss           0x00000000        0x0 c:/program files (x86)/atmel/studio/7.0/toolchain/avr8/avr8-gnu-toolchain/bin/../lib/gcc/avr/4.9.2/../../../../avr/lib/avr51\libc.a(strrev.o)
 .text          0x00000000        0x0 C:/Program Files (x86)/Atmel/Studio/7.0/Packs/atmel/ATmega_DFP/1.0.106/gcc/dev/atmega1284p/avr51\libatmega1284p.a(eerd_byte.o)
 .data          0x00000000        0x0 C:/Program Files (x86)/Atmel/Studio/7.0/Packs/atmel/ATmega_DFP/1.0.106/gcc/dev/atmega1284p/avr51\libatmega1284p.a(eerd_byte.o)
 .bss           0x00000000        0x0 C:/Program Files (x86)/Atmel/Studio/7.0/Packs/atmel/ATmega_DFP/1.0.106/gcc/dev/atmega1284p/avr51\libatmega1284p.a(eerd_byte.o)
 .text          0x00000000        0x0 C:/Program Files (x86)/Atmel/Studio/7.0/Packs/atmel/ATmega_DFP/1.0.106/gcc/dev/atmega1284p/avr51\libatmega1284p.a(eewr_byte.o)
 .data          0x00000000        0x0 C:/Program Files (x86)/Atmel/Studio/7.0/Packs/atmel/ATmega_DFP/1.0.106/gcc/dev/atmega1284p/avr51\libatmega1284p.a(eewr_byte.o)
 .bss           0x00000000        0x0 C:/Program Files (x86)/Atmel/Studio/7.0/Packs/atmel/ATmega_DFP/1.0.106/gcc/dev/atmega1284p/avr51\libatmega1284p.a(eewr_byte.o)

Memory Configuration

Name             Origin             Length             Attributes
text             0x00000000         0x00020000         xr
data             0x00800100         0x0000ff00         rw !x
eeprom           0x00810000         0x00010000         rw !x
fuse             0x00820000         0x00000400         rw !x
lock             0x00830000         0x00000400         rw !x
signature        0x00840000         0x00000400         rw !x
user_signatures  0x00850000         0x00000400         rw !x
*default*        0x00000000         0xffffffff

Linker script and memory map

Address of section .data set to 0x800100
LOAD C:/Program Files (x86)/Atmel/Studio/7.0/Packs/atmel/ATmega_DFP/1.0.106/gcc/dev/atmega1284p/avr51/crtatmega1284p.o
LOAD hcm_libraries/EEPROMUtil.o
LOAD hcm_libraries/HwProperties.o
LOAD hcm_libraries/Network.o
LOAD hcm_libraries/GlobalVariables.o
LOAD hcm_libraries/Processes.o
LOAD hcm_libraries/SPI.o
LOAD hcm_libraries/Utils.o
LOAD main.o
START GROUP
LOAD c:/program files (x86)/atmel/studio/7.0/toolchain/avr8/avr8-gnu-toolchain/bin/../lib/gcc/avr/4.9.2/../../../../avr/lib/avr51\libm.a
END GROUP
LOAD c:/program files (x86)/atmel/studio/7.0/toolchain/avr8/avr8-gnu-toolchain/bin/../lib/gcc/avr/4.9.2/avr51\libgcc.a
LOAD c:/program files (x86)/atmel/studio/7.0/toolchain/avr8/avr8-gnu-toolchain/bin/../lib/gcc/avr/4.9.2/../../../../avr/lib/avr51\libm.a
START GROUP
LOAD c:/program files (x86)/atmel/studio/7.0/toolchain/avr8/avr8-gnu-toolchain/bin/../lib/gcc/avr/4.9.2/avr51\libgcc.a
LOAD c:/program files (x86)/atmel/studio/7.0/toolchain/avr8/avr8-gnu-toolchain/bin/../lib/gcc/avr/4.9.2/../../../../avr/lib/avr51\libm.a
LOAD c:/program files (x86)/atmel/studio/7.0/toolchain/avr8/avr8-gnu-toolchain/bin/../lib/gcc/avr/4.9.2/../../../../avr/lib/avr51\libc.a
LOAD C:/Program Files (x86)/Atmel/Studio/7.0/Packs/atmel/ATmega_DFP/1.0.106/gcc/dev/atmega1284p/avr51\libatmega1284p.a
END GROUP
                0x00020000                __TEXT_REGION_LENGTH__ = DEFINED (__TEXT_REGION_LENGTH__)?__TEXT_REGION_LENGTH__:0x20000
                0x0000ff00                __DATA_REGION_LENGTH__ = DEFINED (__DATA_REGION_LENGTH__)?__DATA_REGION_LENGTH__:0xff00
                0x00010000                __EEPROM_REGION_LENGTH__ = DEFINED (__EEPROM_REGION_LENGTH__)?__EEPROM_REGION_LENGTH__:0x10000
                0x00000400                __FUSE_REGION_LENGTH__ = DEFINED (__FUSE_REGION_LENGTH__)?__FUSE_REGION_LENGTH__:0x400
                0x00000400                __LOCK_REGION_LENGTH__ = DEFINED (__LOCK_REGION_LENGTH__)?__LOCK_REGION_LENGTH__:0x400
                0x00000400                __SIGNATURE_REGION_LENGTH__ = DEFINED (__SIGNATURE_REGION_LENGTH__)?__SIGNATURE_REGION_LENGTH__:0x400
                0x00000400                __USER_SIGNATURE_REGION_LENGTH__ = DEFINED (__USER_SIGNATURE_REGION_LENGTH__)?__USER_SIGNATURE_REGION_LENGTH__:0x400

.hash
 *(.hash)

.dynsym
 *(.dynsym)

.dynstr
 *(.dynstr)

.gnu.version
 *(.gnu.version)

.gnu.version_d
 *(.gnu.version_d)

.gnu.version_r
 *(.gnu.version_r)

.rel.init
 *(.rel.init)

.rela.init
 *(.rela.init)

.rel.text
 *(.rel.text)
 *(.rel.text.*)
 *(.rel.gnu.linkonce.t*)

.rela.text
 *(.rela.text)
 *(.rela.text.*)
 *(.rela.gnu.linkonce.t*)

.rel.fini
 *(.rel.fini)

.rela.fini
 *(.rela.fini)

.rel.rodata
 *(.rel.rodata)
 *(.rel.rodata.*)
 *(.rel.gnu.linkonce.r*)

.rela.rodata
 *(.rela.rodata)
 *(.rela.rodata.*)
 *(.rela.gnu.linkonce.r*)

.rel.data
 *(.rel.data)
 *(.rel.data.*)
 *(.rel.gnu.linkonce.d*)

.rela.data
 *(.rela.data)
 *(.rela.data.*)
 *(.rela.gnu.linkonce.d*)

.rel.ctors
 *(.rel.ctors)

.rela.ctors
 *(.rela.ctors)

.rel.dtors
 *(.rel.dtors)

.rela.dtors
 *(.rela.dtors)

.rel.got
 *(.rel.got)

.rela.got
 *(.rela.got)

.rel.bss
 *(.rel.bss)

.rela.bss
 *(.rela.bss)

.rel.plt
 *(.rel.plt)

.rela.plt
 *(.rela.plt)

.text           0x00000000     0x2f36
 *(.vectors)
 .vectors       0x00000000       0x8c C:/Program Files (x86)/Atmel/Studio/7.0/Packs/atmel/ATmega_DFP/1.0.106/gcc/dev/atmega1284p/avr51/crtatmega1284p.o
                0x00000000                __vector_default
                0x00000000                __vectors
 *(.vectors)
 *(.progmem.gcc*)
 .progmem.gcc_sw_table._Z13getSystemTimev
                0x0000008c        0xe hcm_libraries/Network.o
 .progmem.gcc_sw_table._Z7pinModeic
                0x0000009a       0x58 hcm_libraries/Utils.o
 .progmem.gcc_sw_table._Z12digitalWriteic
                0x000000f2       0x3c hcm_libraries/Utils.o
                0x0000012e                . = ALIGN (0x2)
                0x0000012e                __trampolines_start = .
 *(.trampolines)
 .trampolines   0x0000012e        0x0 linker stubs
 *(.trampolines*)
                0x0000012e                __trampolines_end = .
 *libprintf_flt.a:*(.progmem.data)
 *libc.a:*(.progmem.data)
 *(.progmem*)
                0x0000012e                . = ALIGN (0x2)
 *(.jumptables)
 *(.jumptables*)
 *(.lowtext)
 *(.lowtext*)
                0x0000012e                __ctors_start = .
 *(.ctors)
                0x0000012e                __ctors_end = .
                0x0000012e                __dtors_start = .
 *(.dtors)
                0x0000012e                __dtors_end = .
 SORT(*)(.ctors)
 SORT(*)(.dtors)
 *(.init0)
 .init0         0x0000012e        0x0 C:/Program Files (x86)/Atmel/Studio/7.0/Packs/atmel/ATmega_DFP/1.0.106/gcc/dev/atmega1284p/avr51/crtatmega1284p.o
                0x0000012e                __init
 *(.init0)
 *(.init1)
 *(.init1)
 *(.init2)
 .init2         0x0000012e        0xc C:/Program Files (x86)/Atmel/Studio/7.0/Packs/atmel/ATmega_DFP/1.0.106/gcc/dev/atmega1284p/avr51/crtatmega1284p.o
 *(.init2)
 *(.init3)
 *(.init3)
 *(.init4)
 .init4         0x0000013a       0x1a c:/program files (x86)/atmel/studio/7.0/toolchain/avr8/avr8-gnu-toolchain/bin/../lib/gcc/avr/4.9.2/avr51\libgcc.a(_copy_data.o)
                0x0000013a                __do_copy_data
 .init4         0x00000154       0x10 c:/program files (x86)/atmel/studio/7.0/toolchain/avr8/avr8-gnu-toolchain/bin/../lib/gcc/avr/4.9.2/avr51\libgcc.a(_clear_bss.o)
                0x00000154                __do_clear_bss
 *(.init4)
 *(.init5)
 *(.init5)
 *(.init6)
 *(.init6)
 *(.init7)
 *(.init7)
 *(.init8)
 *(.init8)
 *(.init9)
 .init9         0x00000164        0x8 C:/Program Files (x86)/Atmel/Studio/7.0/Packs/atmel/ATmega_DFP/1.0.106/gcc/dev/atmega1284p/avr51/crtatmega1284p.o
 *(.init9)
 *(.text)
 .text          0x0000016c        0x2 C:/Program Files (x86)/Atmel/Studio/7.0/Packs/atmel/ATmega_DFP/1.0.106/gcc/dev/atmega1284p/avr51/crtatmega1284p.o
                0x0000016c                __vector_22
                0x0000016c                __vector_1
                0x0000016c                __vector_32
                0x0000016c                __vector_34
                0x0000016c                __vector_24
                0x0000016c                __vector_12
                0x0000016c                __bad_interrupt
                0x0000016c                __vector_6
                0x0000016c                __vector_31
                0x0000016c                __vector_3
                0x0000016c                __vector_23
                0x0000016c                __vector_30
                0x0000016c                __vector_25
                0x0000016c                __vector_11
                0x0000016c                __vector_13
                0x0000016c                __vector_17
                0x0000016c                __vector_19
                0x0000016c                __vector_7
                0x0000016c                __vector_27
                0x0000016c                __vector_5
                0x0000016c                __vector_33
                0x0000016c                __vector_4
                0x0000016c                __vector_9
                0x0000016c                __vector_2
                0x0000016c                __vector_21
                0x0000016c                __vector_15
                0x0000016c                __vector_29
                0x0000016c                __vector_8
                0x0000016c                __vector_26
                0x0000016c                __vector_14
                0x0000016c                __vector_10
                0x0000016c                __vector_16
                0x0000016e                . = ALIGN (0x2)
 *(.text.*)
 .text._Z13eepromSaveCfgPKci
                0x0000016e       0x3c hcm_libraries/EEPROMUtil.o
                0x0000016e                _Z13eepromSaveCfgPKci
 .text._Z11clearEEPROMii
                0x000001aa       0x4c hcm_libraries/EEPROMUtil.o
                0x000001aa                _Z11clearEEPROMii
 .text._Z19eepromReadAttributePciS_i
                0x000001f6      0x1e6 hcm_libraries/EEPROMUtil.o
                0x000001f6                _Z19eepromReadAttributePciS_i
 .text._Z15getRelaySettingii
                0x000003dc      0x222 hcm_libraries/EEPROMUtil.o
                0x000003dc                _Z15getRelaySettingii
 .text._Z25initializeTimerSettingIdsv
                0x000005fe      0x1d0 hcm_libraries/EEPROMUtil.o
                0x000005fe                _Z25initializeTimerSettingIdsv
 .text._Z15getTimerSettingii
                0x000007ce      0x2da hcm_libraries/EEPROMUtil.o
                0x000007ce                _Z15getTimerSettingii
 .text._Z20isCurrentTimerActivev
                0x00000aa8       0xc6 hcm_libraries/EEPROMUtil.o
                0x00000aa8                _Z20isCurrentTimerActivev
 .text.__vector_28
                0x00000b6e       0x86 hcm_libraries/Network.o
                0x00000b6e                __vector_28
 .text.__vector_20
                0x00000bf4       0x86 hcm_libraries/Network.o
                0x00000bf4                __vector_20
 .text.__vector_18
                0x00000c7a      0x1be hcm_libraries/Network.o
                0x00000c7a                __vector_18
 .text._Z9readUntilPKci
                0x00000e38       0xd4 hcm_libraries/Network.o
                0x00000e38                _Z9readUntilPKci
 .text._Z7cipsendPcS_
                0x00000f0c      0x104 hcm_libraries/Network.o
                0x00000f0c                _Z7cipsendPcS_
 .text._Z12sendToServerPci
                0x00001010       0xce hcm_libraries/Network.o
                0x00001010                _Z12sendToServerPci
 .text._Z8sendToAPPcS_
                0x000010de       0xc8 hcm_libraries/Network.o
                0x000010de                _Z8sendToAPPcS_
 .text._Z13getSystemTimev
                0x000011a6       0xf2 hcm_libraries/Network.o
                0x000011a6                _Z13getSystemTimev
 .text._Z15setSerialNumberv
                0x00001298       0xaa hcm_libraries/Network.o
                0x00001298                _Z15setSerialNumberv
 .text._Z17checkSerialNumberv
                0x00001342       0xfa hcm_libraries/Network.o
                0x00001342                _Z17checkSerialNumberv
 .text._Z13connectToWifiPKcS0_
                0x0000143c       0xbe hcm_libraries/Network.o
                0x0000143c                _Z13connectToWifiPKcS0_
 .text._Z15connectToServerPKcS0_
                0x000014fa       0xa4 hcm_libraries/Network.o
                0x000014fa                _Z15connectToServerPKcS0_
 .text._Z10networkingv
                0x0000159e       0xf2 hcm_libraries/Network.o
                0x0000159e                _Z10networkingv
 .text._Z6WebAppv
                0x00001690      0x546 hcm_libraries/Processes.o
                0x00001690                _Z6WebAppv
 .text._Z11switchRelayccc
                0x00001bd6      0x1f6 hcm_libraries/Processes.o
                0x00001bd6                _Z11switchRelayccc
 .text._Z12RelayControlv
                0x00001dcc       0xb6 hcm_libraries/Processes.o
                0x00001dcc                _Z12RelayControlv
 .text._Z15ReceiveSettingsv
                0x00001e82      0x104 hcm_libraries/Processes.o
                0x00001e82                _Z15ReceiveSettingsv
 .text._Z22CheckModuleConnectionsv
                0x00001f86      0x26c hcm_libraries/Processes.o
                0x00001f86                _Z22CheckModuleConnectionsv
 .text._Z9HeartBeatv
                0x000021f2       0x54 hcm_libraries/Processes.o
                0x000021f2                _Z9HeartBeatv
 .text._Z18ProcessRelayTimersv
                0x00002246      0x1e6 hcm_libraries/Processes.o
                0x00002246                _Z18ProcessRelayTimersv
 .text._Z10chipSelectii
                0x0000242c       0x6e hcm_libraries/SPI.o
                0x0000242c                _Z10chipSelectii
 .text._Z15SPI_init_masterv
                0x0000249a        0x8 hcm_libraries/SPI.o
                0x0000249a                _Z15SPI_init_masterv
 .text._Z13SPI_WriteReadh
                0x000024a2        0xc hcm_libraries/SPI.o
                0x000024a2                _Z13SPI_WriteReadh
 .text._Z10USART_Initv
                0x000024ae       0x26 hcm_libraries/Utils.o
                0x000024ae                _Z10USART_Initv
 .text._Z15USART1_SendBytec
                0x000024d4       0x10 hcm_libraries/Utils.o
                0x000024d4                _Z15USART1_SendBytec
 .text._Z17USART1_SendStringPKc
                0x000024e4       0x1c hcm_libraries/Utils.o
                0x000024e4                _Z17USART1_SendStringPKc
 .text._Z15USART0_SendBytec
                0x00002500       0x10 hcm_libraries/Utils.o
                0x00002500                _Z15USART0_SendBytec
 .text._Z17USART0_SendStringPKc
                0x00002510       0x1c hcm_libraries/Utils.o
                0x00002510                _Z17USART0_SendStringPKc
 .text._Z16GSM_Write_StringPKc
                0x0000252c       0x1c hcm_libraries/Utils.o
                0x0000252c                _Z16GSM_Write_StringPKc
 .text._Z5delayi
                0x00002548       0x18 hcm_libraries/Utils.o
                0x00002548                _Z5delayi
 .text._Z7pinModeic
                0x00002560       0xd2 hcm_libraries/Utils.o
                0x00002560                _Z7pinModeic
 .text._Z12digitalWriteic
                0x00002632       0x64 hcm_libraries/Utils.o
                0x00002632                _Z12digitalWriteic
 .text._Z12turnOnSim900v
                0x00002696       0x30 hcm_libraries/Utils.o
                0x00002696                _Z12turnOnSim900v
 .text._Z11digitalReadi
                0x000026c6       0x42 hcm_libraries/Utils.o
                0x000026c6                _Z11digitalReadi
 .text._Z9setSourcei
                0x00002708       0x48 hcm_libraries/Utils.o
                0x00002708                _Z9setSourcei
 .text._Z15defaultSettingsv
                0x00002750      0x1b6 hcm_libraries/Utils.o
                0x00002750                _Z15defaultSettingsv
 .text._Z13clearReadLinev
                0x00002906       0x30 hcm_libraries/Utils.o
                0x00002906                _Z13clearReadLinev
 .text._Z9initTimerv
                0x00002936       0x14 hcm_libraries/Utils.o
                0x00002936                _Z9initTimerv
 .text._Z14powerUpModulesv
                0x0000294a       0x9e hcm_libraries/Utils.o
                0x0000294a                _Z14powerUpModulesv
 .text._Z11atmegaSetupv
                0x000029e8       0xe0 hcm_libraries/Utils.o
                0x000029e8                _Z11atmegaSetupv
 .text._Z5setupv
                0x00002ac8        0xa hcm_libraries/Utils.o
                0x00002ac8                _Z5setupv
 .text._Z9processIOv
                0x00002ad2       0x1c main.o
                0x00002ad2                _Z9processIOv
 .text._Z15systemProcessesv
                0x00002aee        0x8 main.o
                0x00002aee                _Z15systemProcessesv
 .text.main     0x00002af6        0xc main.o
                0x00002af6                main
 .text.libgcc   0x00002b02       0x12 c:/program files (x86)/atmel/studio/7.0/toolchain/avr8/avr8-gnu-toolchain/bin/../lib/gcc/avr/4.9.2/avr51\libgcc.a(_tablejump2.o)
                0x00002b02                __tablejump2__
 .text.avr-libc
                0x00002b14      0x25a c:/program files (x86)/atmel/studio/7.0/toolchain/avr8/avr8-gnu-toolchain/bin/../lib/gcc/avr/4.9.2/../../../../avr/lib/avr51\libc.a(malloc.o)
                0x00002b14                malloc
                0x00002c3e                free
 .text.avr-libc
                0x00002d6e       0x3a c:/program files (x86)/atmel/studio/7.0/toolchain/avr8/avr8-gnu-toolchain/bin/../lib/gcc/avr/4.9.2/../../../../avr/lib/avr51\libc.a(atoi.o)
                0x00002d6e                atoi
 .text.avr-libc
                0x00002da8       0x12 c:/program files (x86)/atmel/studio/7.0/toolchain/avr8/avr8-gnu-toolchain/bin/../lib/gcc/avr/4.9.2/../../../../avr/lib/avr51\libc.a(isalpha.o)
                0x00002da8                isupper
                0x00002dac                isalpha
                0x00002dae                islower
 .text.avr-libc
                0x00002dba        0x6 c:/program files (x86)/atmel/studio/7.0/toolchain/avr8/avr8-gnu-toolchain/bin/../lib/gcc/avr/4.9.2/../../../../avr/lib/avr51\libc.a(strtok.o)
                0x00002dba                strtok
 .text.avr-libc
                0x00002dc0        0xe c:/program files (x86)/atmel/studio/7.0/toolchain/avr8/avr8-gnu-toolchain/bin/../lib/gcc/avr/4.9.2/../../../../avr/lib/avr51\libc.a(memset.o)
                0x00002dc0                memset
 .text.avr-libc
                0x00002dce       0x16 c:/program files (x86)/atmel/studio/7.0/toolchain/avr8/avr8-gnu-toolchain/bin/../lib/gcc/avr/4.9.2/../../../../avr/lib/avr51\libc.a(strcat.o)
                0x00002dce                strcat
 .text.avr-libc
                0x00002de4       0x16 c:/program files (x86)/atmel/studio/7.0/toolchain/avr8/avr8-gnu-toolchain/bin/../lib/gcc/avr/4.9.2/../../../../avr/lib/avr51\libc.a(strchr.o)
                0x00002de4                strchr
 .text.avr-libc
                0x00002dfa        0xe c:/program files (x86)/atmel/studio/7.0/toolchain/avr8/avr8-gnu-toolchain/bin/../lib/gcc/avr/4.9.2/../../../../avr/lib/avr51\libc.a(strcpy.o)
                0x00002dfa                strcpy
 .text.avr-libc
                0x00002e08       0x34 c:/program files (x86)/atmel/studio/7.0/toolchain/avr8/avr8-gnu-toolchain/bin/../lib/gcc/avr/4.9.2/../../../../avr/lib/avr51\libc.a(strstr.o)
                0x00002e08                strstr
 .text.avr-libc
                0x00002e3c       0x4e c:/program files (x86)/atmel/studio/7.0/toolchain/avr8/avr8-gnu-toolchain/bin/../lib/gcc/avr/4.9.2/../../../../avr/lib/avr51\libc.a(strtok_r.o)
                0x00002e3c                strtok_r
 .text.avr-libc
                0x00002e8a       0x14 c:/program files (x86)/atmel/studio/7.0/toolchain/avr8/avr8-gnu-toolchain/bin/../lib/gcc/avr/4.9.2/../../../../avr/lib/avr51\libc.a(itoa_ncheck.o)
                0x00002e8a                __itoa_ncheck
 .text.avr-libc
                0x00002e9e       0x10 c:/program files (x86)/atmel/studio/7.0/toolchain/avr8/avr8-gnu-toolchain/bin/../lib/gcc/avr/4.9.2/../../../../avr/lib/avr51\libc.a(mul10.o)
                0x00002e9e                __mulhi_const_10
 .text.avr-libc
                0x00002eae       0x32 c:/program files (x86)/atmel/studio/7.0/toolchain/avr8/avr8-gnu-toolchain/bin/../lib/gcc/avr/4.9.2/../../../../avr/lib/avr51\libc.a(utoa_ncheck.o)
                0x00002eae                __utoa_ncheck
                0x00002eb0                __utoa_common
 .text.avr-libc
                0x00002ee0        0x6 c:/program files (x86)/atmel/studio/7.0/toolchain/avr8/avr8-gnu-toolchain/bin/../lib/gcc/avr/4.9.2/../../../../avr/lib/avr51\libc.a(cty_isfalse.o)
                0x00002ee0                __ctype_isfalse
                0x00002ee4                __ctype_istrue
 .text.avr-libc
                0x00002ee6       0x20 c:/program files (x86)/atmel/studio/7.0/toolchain/avr8/avr8-gnu-toolchain/bin/../lib/gcc/avr/4.9.2/../../../../avr/lib/avr51\libc.a(strrev.o)
                0x00002ee6                strrev
 .text.avr-libc
                0x00002f06       0x10 C:/Program Files (x86)/Atmel/Studio/7.0/Packs/atmel/ATmega_DFP/1.0.106/gcc/dev/atmega1284p/avr51\libatmega1284p.a(eerd_byte.o)
                0x00002f06                eeprom_read_byte
 .text.avr-libc
                0x00002f16       0x1c C:/Program Files (x86)/Atmel/Studio/7.0/Packs/atmel/ATmega_DFP/1.0.106/gcc/dev/atmega1284p/avr51\libatmega1284p.a(eewr_byte.o)
                0x00002f16                eeprom_write_byte
                0x00002f18                eeprom_write_r18
                0x00002f32                . = ALIGN (0x2)
 *(.fini9)
 .fini9         0x00002f32        0x0 c:/program files (x86)/atmel/studio/7.0/toolchain/avr8/avr8-gnu-toolchain/bin/../lib/gcc/avr/4.9.2/avr51\libgcc.a(_exit.o)
                0x00002f32                _exit
                0x00002f32                exit
 *(.fini9)
 *(.fini8)
 *(.fini8)
 *(.fini7)
 *(.fini7)
 *(.fini6)
 *(.fini6)
 *(.fini5)
 *(.fini5)
 *(.fini4)
 *(.fini4)
 *(.fini3)
 *(.fini3)
 *(.fini2)
 *(.fini2)
 *(.fini1)
 *(.fini1)
 *(.fini0)
 .fini0         0x00002f32        0x4 c:/program files (x86)/atmel/studio/7.0/toolchain/avr8/avr8-gnu-toolchain/bin/../lib/gcc/avr/4.9.2/avr51\libgcc.a(_exit.o)
 *(.fini0)
                0x00002f36                _etext = .

.data           0x00800100      0x63a load address 0x00002f36
                0x00800100                PROVIDE (__data_start, .)
 *(.data)
 .data          0x00800100        0x6 c:/program files (x86)/atmel/studio/7.0/toolchain/avr8/avr8-gnu-toolchain/bin/../lib/gcc/avr/4.9.2/../../../../avr/lib/avr51\libc.a(malloc.o)
                0x00800100                __malloc_heap_end
                0x00800102                __malloc_heap_start
                0x00800104                __malloc_margin
 *(.data*)
 *(.rodata)
 .rodata        0x00800106       0x1e hcm_libraries/Processes.o
 *(.rodata*)
 .rodata.str1.1
                0x00800124       0x60 hcm_libraries/EEPROMUtil.o
                                 0x64 (size before relaxing)
 .rodata.SS     0x00800184        0x2 hcm_libraries/HwProperties.o
                0x00800184                SS
 .rodata.MISO   0x00800186        0x2 hcm_libraries/HwProperties.o
                0x00800186                MISO
 .rodata.MOSI   0x00800188        0x2 hcm_libraries/HwProperties.o
                0x00800188                MOSI
 .rodata.SCK    0x0080018a        0x2 hcm_libraries/HwProperties.o
                0x0080018a                SCK
 .rodata.DETECT_3
                0x0080018c        0x2 hcm_libraries/HwProperties.o
                0x0080018c                DETECT_3
 .rodata.DETECT_2
                0x0080018e        0x2 hcm_libraries/HwProperties.o
                0x0080018e                DETECT_2
 .rodata.DETECT_1
                0x00800190        0x2 hcm_libraries/HwProperties.o
                0x00800190                DETECT_1
 .rodata.DETECT_0
                0x00800192        0x2 hcm_libraries/HwProperties.o
                0x00800192                DETECT_0
 .rodata.CS_4   0x00800194        0x2 hcm_libraries/HwProperties.o
                0x00800194                CS_4
 .rodata.CS_3   0x00800196        0x2 hcm_libraries/HwProperties.o
                0x00800196                CS_3
 .rodata.CS_2   0x00800198        0x2 hcm_libraries/HwProperties.o
                0x00800198                CS_2
 .rodata.CS_1   0x0080019a        0x2 hcm_libraries/HwProperties.o
                0x0080019a                CS_1
 .rodata.ESP_PWR
                0x0080019c        0x2 hcm_libraries/HwProperties.o
                0x0080019c                ESP_PWR
 .rodata.SIM_PWR
                0x0080019e        0x2 hcm_libraries/HwProperties.o
                0x0080019e                SIM_PWR
 .rodata.EEPROM_SERIAL_START
                0x008001a0        0x2 hcm_libraries/HwProperties.o
                0x008001a0                EEPROM_SERIAL_START
 .rodata.EEPROM_CFG_START
                0x008001a2        0x2 hcm_libraries/HwProperties.o
                0x008001a2                EEPROM_CFG_START
 .rodata.EEPROM_SIZE
                0x008001a4        0x2 hcm_libraries/HwProperties.o
                0x008001a4                EEPROM_SIZE
 .rodata.GSM_DIRECTION
                0x008001a6        0x2 hcm_libraries/HwProperties.o
                0x008001a6                GSM_DIRECTION
 .rodata.HAS_GSM
                0x008001a8        0x2 hcm_libraries/HwProperties.o
                0x008001a8                HAS_GSM
 .rodata.HAS_WIFI
                0x008001aa        0x2 hcm_libraries/HwProperties.o
                0x008001aa                HAS_WIFI
 .rodata.CONNECTION
                0x008001ac        0x2 hcm_libraries/HwProperties.o
                0x008001ac                CONNECTION
 .rodata.NETWORK_APN
                0x008001ae        0x7 hcm_libraries/HwProperties.o
                0x008001ae                NETWORK_APN
 .rodata.NETWORK_PORT
                0x008001b5        0x5 hcm_libraries/HwProperties.o
                0x008001b5                NETWORK_PORT
 .rodata.NETWORK_HOST
                0x008001ba        0xd hcm_libraries/HwProperties.o
                0x008001ba                NETWORK_HOST
 .rodata.NETWORK_PASSW
                0x008001c7        0xb hcm_libraries/HwProperties.o
                0x008001c7                NETWORK_PASSW
 .rodata.NETWORK_SSID
                0x008001d2        0x7 hcm_libraries/HwProperties.o
                0x008001d2                NETWORK_SSID
 .rodata.PRODUCT_NAME
                0x008001d9        0xf hcm_libraries/HwProperties.o
                0x008001d9                PRODUCT_NAME
 .rodata.str1.1
                0x008001e8      0x157 hcm_libraries/Network.o
                                0x176 (size before relaxing)
 .rodata.SWITCH_RELAY
                0x0080033f        0x1 hcm_libraries/GlobalVariables.o
                0x0080033f                SWITCH_RELAY
 .rodata.RECIEVE
                0x00800340        0x1 hcm_libraries/GlobalVariables.o
                0x00800340                RECIEVE
 .rodata.REQUEST_RELAY_COUNT
                0x00800341        0x1 hcm_libraries/GlobalVariables.o
                0x00800341                REQUEST_RELAY_COUNT
 .rodata.OUTPUT
                0x00800342        0x2 hcm_libraries/GlobalVariables.o
                0x00800342                OUTPUT
 .rodata.INPUT  0x00800344        0x2 hcm_libraries/GlobalVariables.o
                0x00800344                INPUT
 .rodata.DAYS_OF_MONTH
                0x00800346       0x18 hcm_libraries/GlobalVariables.o
                0x00800346                DAYS_OF_MONTH
 .rodata.SERVER_CONNECTED
                0x0080035e        0x2 hcm_libraries/GlobalVariables.o
                0x0080035e                SERVER_CONNECTED
 .rodata.FALSE  0x00800360        0x2 hcm_libraries/GlobalVariables.o
                0x00800360                FALSE
 .rodata.TRUE   0x00800362        0x2 hcm_libraries/GlobalVariables.o
                0x00800362                TRUE
 .rodata.SIM    0x00800364        0x2 hcm_libraries/GlobalVariables.o
                0x00800364                SIM
 .rodata.ESP    0x00800366        0x2 hcm_libraries/GlobalVariables.o
                0x00800366                ESP
 .rodata.BAUD_PRESCALE
                0x00800368        0x2 hcm_libraries/GlobalVariables.o
                0x00800368                BAUD_PRESCALE
 .rodata.str1.1
                0x0080036a      0x3a7 hcm_libraries/Processes.o
                                0x3b3 (size before relaxing)
 .rodata.str1.1
                0x00800711       0x29 hcm_libraries/Utils.o
                                 0x3f (size before relaxing)
 *(.gnu.linkonce.d*)
                0x0080073a                . = ALIGN (0x2)
                0x0080073a                _edata = .
                0x0080073a                PROVIDE (__data_end, .)

.bss            0x0080073a      0x408
                0x0080073a                PROVIDE (__bss_start, .)
 *(.bss)
 .bss           0x0080073a        0x2 c:/program files (x86)/atmel/studio/7.0/toolchain/avr8/avr8-gnu-toolchain/bin/../lib/gcc/avr/4.9.2/../../../../avr/lib/avr51\libc.a(strtok.o)
 *(.bss*)
 .bss.__relay_states
                0x0080073c       0x68 hcm_libraries/GlobalVariables.o
                0x0080073c                __relay_states
 .bss.__timer_records
                0x008007a4       0x70 hcm_libraries/GlobalVariables.o
                0x008007a4                __timer_records
 .bss.__timer_setting
                0x00800814       0x2a hcm_libraries/GlobalVariables.o
                0x00800814                __timer_setting
 .bss.__relay_setting
                0x0080083e       0x44 hcm_libraries/GlobalVariables.o
                0x0080083e                __relay_setting
 .bss.__system_time
                0x00800882       0x24 hcm_libraries/GlobalVariables.o
                0x00800882                __system_time
 .bss.__network_data
                0x008008a6      0x252 hcm_libraries/GlobalVariables.o
                0x008008a6                __network_data
 .bss.__system_var
                0x00800af8       0x46 hcm_libraries/GlobalVariables.o
                0x00800af8                __system_var
 *(COMMON)
 COMMON         0x00800b3e        0x4 c:/program files (x86)/atmel/studio/7.0/toolchain/avr8/avr8-gnu-toolchain/bin/../lib/gcc/avr/4.9.2/../../../../avr/lib/avr51\libc.a(malloc.o)
                0x00800b3e                __brkval
                0x00800b40                __flp
                0x00800b42                PROVIDE (__bss_end, .)
                0x00002f36                __data_load_start = LOADADDR (.data)
                0x00003570                __data_load_end = (__data_load_start + SIZEOF (.data))

.noinit         0x00800b42        0x0
                [!provide]                PROVIDE (__noinit_start, .)
 *(.noinit*)
                [!provide]                PROVIDE (__noinit_end, .)
                0x00800b42                _end = .
                0x00800b42                PROVIDE (__heap_start, .)

.eeprom         0x00810000        0x0
 *(.eeprom*)
                0x00810000                __eeprom_end = .

.fuse
 *(.fuse)
 *(.lfuse)
 *(.hfuse)
 *(.efuse)

.lock
 *(.lock*)

.signature
 *(.signature*)

.user_signatures
 *(.user_signatures*)

.stab
 *(.stab)

.stabstr
 *(.stabstr)

.stab.excl
 *(.stab.excl)

.stab.exclstr
 *(.stab.exclstr)

.stab.index
 *(.stab.index)

.stab.indexstr
 *(.stab.indexstr)

.comment        0x00000000       0x30
 *(.comment)
 .comment       0x00000000       0x30 hcm_libraries/EEPROMUtil.o
                                 0x31 (size before relaxing)
 .comment       0x00000030       0x31 hcm_libraries/HwProperties.o
 .comment       0x00000030       0x31 hcm_libraries/Network.o
 .comment       0x00000030       0x31 hcm_libraries/GlobalVariables.o
 .comment       0x00000030       0x31 hcm_libraries/Processes.o
 .comment       0x00000030       0x31 hcm_libraries/SPI.o
 .comment       0x00000030       0x31 hcm_libraries/Utils.o
 .comment       0x00000030       0x31 main.o
 .comment       0x00000030       0x31 c:/program files (x86)/atmel/studio/7.0/toolchain/avr8/avr8-gnu-toolchain/bin/../lib/gcc/avr/4.9.2/../../../../avr/lib/avr51\libc.a(malloc.o)
 .comment       0x00000030       0x31 c:/program files (x86)/atmel/studio/7.0/toolchain/avr8/avr8-gnu-toolchain/bin/../lib/gcc/avr/4.9.2/../../../../avr/lib/avr51\libc.a(strtok.o)

.note.gnu.avr.deviceinfo
                0x00000000       0x40
 .note.gnu.avr.deviceinfo
                0x00000000       0x40 C:/Program Files (x86)/Atmel/Studio/7.0/Packs/atmel/ATmega_DFP/1.0.106/gcc/dev/atmega1284p/avr51/crtatmega1284p.o

.note.gnu.build-id
 *(.note.gnu.build-id)

.debug
 *(.debug)

.line
 *(.line)

.debug_srcinfo
 *(.debug_srcinfo)

.debug_sfnames
 *(.debug_sfnames)

.debug_aranges  0x00000000      0x300
 *(.debug_aranges)
 .debug_aranges
                0x00000000       0x90 hcm_libraries/EEPROMUtil.o
 .debug_aranges
                0x00000090       0x18 hcm_libraries/HwProperties.o
 .debug_aranges
                0x000000a8       0x88 hcm_libraries/Network.o
 .debug_aranges
                0x00000130       0x18 hcm_libraries/GlobalVariables.o
 .debug_aranges
                0x00000148       0x58 hcm_libraries/Processes.o
 .debug_aranges
                0x000001a0       0x38 hcm_libraries/SPI.o
 .debug_aranges
                0x000001d8       0xf0 hcm_libraries/Utils.o
 .debug_aranges
                0x000002c8       0x38 main.o

.debug_pubnames
 *(.debug_pubnames)

.debug_info     0x00000000     0x7e17
 *(.debug_info .gnu.linkonce.wi.*)
 .debug_info    0x00000000     0x223f hcm_libraries/EEPROMUtil.o
 .debug_info    0x0000223f      0x2f7 hcm_libraries/HwProperties.o
 .debug_info    0x00002536     0x18f6 hcm_libraries/Network.o
 .debug_info    0x00003e2c      0x82a hcm_libraries/GlobalVariables.o
 .debug_info    0x00004656     0x1b1f hcm_libraries/Processes.o
 .debug_info    0x00006175      0x410 hcm_libraries/SPI.o
 .debug_info    0x00006585     0x131c hcm_libraries/Utils.o
 .debug_info    0x000078a1      0x576 main.o

.debug_abbrev   0x00000000     0x1048
 *(.debug_abbrev)
 .debug_abbrev  0x00000000      0x275 hcm_libraries/EEPROMUtil.o
 .debug_abbrev  0x00000275       0x61 hcm_libraries/HwProperties.o
 .debug_abbrev  0x000002d6      0x366 hcm_libraries/Network.o
 .debug_abbrev  0x0000063c       0xd7 hcm_libraries/GlobalVariables.o
 .debug_abbrev  0x00000713      0x301 hcm_libraries/Processes.o
 .debug_abbrev  0x00000a14      0x148 hcm_libraries/SPI.o
 .debug_abbrev  0x00000b5c      0x394 hcm_libraries/Utils.o
 .debug_abbrev  0x00000ef0      0x158 main.o

.debug_line     0x00000000     0x2a07
 *(.debug_line .debug_line.* .debug_line_end)
 .debug_line    0x00000000      0x978 hcm_libraries/EEPROMUtil.o
 .debug_line    0x00000978       0x3f hcm_libraries/HwProperties.o
 .debug_line    0x000009b7      0x8fb hcm_libraries/Network.o
 .debug_line    0x000012b2       0x69 hcm_libraries/GlobalVariables.o
 .debug_line    0x0000131b      0x917 hcm_libraries/Processes.o
 .debug_line    0x00001c32      0x116 hcm_libraries/SPI.o
 .debug_line    0x00001d48      0xb93 hcm_libraries/Utils.o
 .debug_line    0x000028db      0x12c main.o

.debug_frame    0x00000000      0xc14
 *(.debug_frame)
 .debug_frame   0x00000000      0x3ec hcm_libraries/EEPROMUtil.o
 .debug_frame   0x000003ec      0x310 hcm_libraries/Network.o
 .debug_frame   0x000006fc      0x218 hcm_libraries/Processes.o
 .debug_frame   0x00000914       0x64 hcm_libraries/SPI.o
 .debug_frame   0x00000978      0x248 hcm_libraries/Utils.o
 .debug_frame   0x00000bc0       0x54 main.o

.debug_str      0x00000000     0x13ac
 *(.debug_str)
 .debug_str     0x00000000      0x9cd hcm_libraries/EEPROMUtil.o
                                0xa92 (size before relaxing)
 .debug_str     0x000009cd       0x2f hcm_libraries/HwProperties.o
                                0x2cb (size before relaxing)
 .debug_str     0x000009fc      0x3d5 hcm_libraries/Network.o
                                0x9dd (size before relaxing)
 .debug_str     0x00000dd1       0x43 hcm_libraries/GlobalVariables.o
                                0x760 (size before relaxing)
 .debug_str     0x00000e14      0x26a hcm_libraries/Processes.o
                                0xb70 (size before relaxing)
 .debug_str     0x0000107e       0x84 hcm_libraries/SPI.o
                                0x439 (size before relaxing)
 .debug_str     0x00001102      0x23b hcm_libraries/Utils.o
                                0xb1a (size before relaxing)
 .debug_str     0x0000133d       0x6f main.o
                                0x596 (size before relaxing)

.debug_loc      0x00000000     0x3a7c
 *(.debug_loc)
 .debug_loc     0x00000000     0x1734 hcm_libraries/EEPROMUtil.o
 .debug_loc     0x00001734      0xed4 hcm_libraries/Network.o
 .debug_loc     0x00002608      0xc3d hcm_libraries/Processes.o
 .debug_loc     0x00003245       0xb7 hcm_libraries/SPI.o
 .debug_loc     0x000032fc      0x780 hcm_libraries/Utils.o

.debug_macinfo
 *(.debug_macinfo)

.debug_weaknames
 *(.debug_weaknames)

.debug_funcnames
 *(.debug_funcnames)

.debug_typenames
 *(.debug_typenames)

.debug_varnames
 *(.debug_varnames)

.debug_pubtypes
 *(.debug_pubtypes)

.debug_ranges   0x00000000      0x498
 *(.debug_ranges)
 .debug_ranges  0x00000000      0x1a8 hcm_libraries/EEPROMUtil.o
 .debug_ranges  0x000001a8       0x78 hcm_libraries/Network.o
 .debug_ranges  0x00000220      0x130 hcm_libraries/Processes.o
 .debug_ranges  0x00000350       0x28 hcm_libraries/SPI.o
 .debug_ranges  0x00000378       0xf8 hcm_libraries/Utils.o
 .debug_ranges  0x00000470       0x28 main.o

.debug_macro
 *(.debug_macro)
OUTPUT(home_control_project.elf elf32-avr)
LOAD linker stubs
